Component: ARM Compiler 5.06 update 6 (build 750) Tool: armlink [4d35ed]

==============================================================================

Section Cross References

    control.o(.text) refers to gpio.o(.text) for Get_Servo_Home_Status
    control.o(.text) refers to fsmc.o(.text) for FSMC_ENC_Reset
    control.o(.text) refers to calculator.o(.text) for Cal_Servo_Degree
    control.o(.text) refers to control.o(.data) for e_current_system_state
    control.o(.text) refers to control.o(.bss) for st_servo_run_data
    control.o(.text) refers to hmi_handler.o(.text) for HMI_Update_InpParams_Param
    control.o(.text) refers to path_planning.o(.text) for circle_trajectory
    control.o(.text) refers to path_planning.o(.data) for b_first_cycle
    control.o(.text) refers to atoi.o(.text) for atoi
    control.o(.text) refers to params.o(.text) for PARAMS_Save_Float
    hmi_handler.o(.text) refers to stm32f4xx_rcc.o(.text) for RCC_AHB1PeriphClockCmd
    hmi_handler.o(.text) refers to stm32f4xx_gpio.o(.text) for GPIO_Init
    hmi_handler.o(.text) refers to stm32f4xx_usart.o(.text) for USART_Init
    hmi_handler.o(.text) refers to stm32f4xx_dma.o(.text) for DMA_DeInit
    hmi_handler.o(.text) refers to control.o(.text) for Start_Handler
    hmi_handler.o(.text) refers to gpio.o(.text) for Relay_Off
    hmi_handler.o(.text) refers to hmi_handler.o(.bss) for hmi_txbuff
    hmi_handler.o(.text) refers to control.o(.data) for home_mode_speed
    hmi_handler.o(.text) refers to control.o(.bss) for st_servo_run_data
    hmi_handler.o(.text) refers to calculator.o(.text) for Set_Model_Parametter
    hmi_handler.o(.text) refers to params.o(.text) for PARAMS_Save_Float
    hmi_handler.o(.text) refers to main.o(.data) for b_is_new_data_model
    hmi_handler.o(.text) refers to slave.o(.text) for modbusSlaveInit
    hmi_handler.o(.text) refers to sregs.o(.text) for modbusParseRequest16Callback_Register
    hmi_handler.o(.text) refers to scoils.o(.text) for modbusParseRequest05Callback_Register
    hmi_handler.o(.text) refers to calculator.o(.data) for theta_platform
    hmi_handler.o(.text) refers to system_timetick.o(.text) for SysTick_GetTick
    hmi_handler.o(.text) refers to rt_memcpy_v6.o(.text) for __aeabi_memcpy
    hmi_handler.o(.text) refers to hmi_handler.o(.data) for k2
    calculator.o(.text) refers to cosf.o(i.__hardfp_cosf) for __hardfp_cosf
    calculator.o(.text) refers to sinf.o(i.__hardfp_sinf) for __hardfp_sinf
    calculator.o(.text) refers to calculator.o(.data) for theta_base
    calculator.o(.text) refers to f2d.o(x$fpl$f2d) for __aeabi_f2d
    calculator.o(.text) refers to sqrt.o(i.__hardfp_sqrt) for __hardfp_sqrt
    calculator.o(.text) refers to d2f.o(x$fpl$d2f) for __aeabi_d2f
    calculator.o(.text) refers to sqrtf.o(i.__hardfp_sqrtf) for __hardfp_sqrtf
    calculator.o(.text) refers to hmi_handler.o(.text) for HMI_Set_DisInp_On
    calculator.o(.text) refers to control.o(.text) for Set_Servo_State
    calculator.o(.text) refers to ddiv.o(x$fpl$ddiv) for __aeabi_ddiv
    calculator.o(.text) refers to asinf.o(i.__hardfp_asinf) for __hardfp_asinf
    calculator.o(.text) refers to atanf.o(i.__hardfp_atanf) for __hardfp_atanf
    utils.o(.text) refers to f2d.o(x$fpl$f2d) for __aeabi_f2d
    utils.o(.text) refers to drleqf.o(x$fpl$drleqf) for __aeabi_cdrcmple
    utils.o(.text) refers to daddsub_clz.o(x$fpl$dsub) for __aeabi_dsub
    utils.o(.text) refers to d2f.o(x$fpl$d2f) for __aeabi_d2f
    utils.o(.text) refers to dleqf.o(x$fpl$dleqf) for __aeabi_cdcmple
    utils.o(.text) refers to daddsub_clz.o(x$fpl$dadd) for __aeabi_dadd
    utils.o(.text) refers to sin.o(i.__hardfp_sin) for __hardfp_sin
    utils.o(.text) refers to dmul.o(x$fpl$dmul) for __aeabi_dmul
    utils.o(.text) refers to cos.o(i.__hardfp_cos) for __hardfp_cos
    utils.o(.text) refers to basic.o(x$fpl$basic) for __aeabi_dneg
    utils.o(.text) refers to tan.o(i.__hardfp_tan) for __hardfp_tan
    utils.o(.text) refers to ddiv.o(x$fpl$ddiv) for __aeabi_ddiv
    utils.o(.text) refers to stm32f4xx_rcc.o(.text) for RCC_GetClocksFreq
    uart.o(.text) refers to _printf_percent.o(.ARM.Collect$$_printf_percent$$00000000) for _printf_percent
    uart.o(.text) refers to _printf_d.o(.ARM.Collect$$_printf_percent$$00000009) for _printf_d
    uart.o(.text) refers to _printf_dec.o(.text) for _printf_int_dec
    uart.o(.text) refers to stm32f4xx_rcc.o(.text) for RCC_AHB1PeriphClockCmd
    uart.o(.text) refers to stm32f4xx_gpio.o(.text) for GPIO_Init
    uart.o(.text) refers to stm32f4xx_usart.o(.text) for USART_Init
    uart.o(.text) refers to stm32f4xx_dma.o(.text) for DMA_DeInit
    uart.o(.text) refers to rt_memcpy_v6.o(.text) for __aeabi_memcpy
    uart.o(.text) refers to calculator.o(.text) for Get_Model_Parametter
    uart.o(.text) refers to utils.o(.text) for IntToStr8
    uart.o(.text) refers to uart.o(.bss) for ui8_dma_rx_buff
    uart.o(.text) refers to uart.o(.data) for len
[...]
    Reset_Axis_Model                         0x080004e1   Thumb Code    50  control.o(.text)
    Update_Angle_Servo                       0x08000513   Thumb Code    58  control.o(.text)
    Update_Angle_Enc_Servo                   0x0800054d   Thumb Code     2  control.o(.text)
    Set_Axis_Home_Done                       0x0800054f   Thumb Code   102  control.o(.text)
    Calculate_Servo_Deg                      0x080005b5   Thumb Code   130  control.o(.text)
    Calculate_Servo_F_Pulse                  0x08000637   Thumb Code   150  control.o(.text)
    Calculate_Servo_Pulse                    0x080006cd   Thumb Code   234  control.o(.text)
    Test_Pulse_Process                       0x080007b7   Thumb Code   148  control.o(.text)
    Set_Servo_State                          0x0800084b   Thumb Code     6  control.o(.text)
    Get_Control_Mode                         0x08000851   Thumb Code     6  control.o(.text)
    Get_Servo_State                          0x08000857   Thumb Code     6  control.o(.text)
    Control_Motor                            0x0800085d   Thumb Code   200  control.o(.text)
    Set_Teach_Mode                           0x08000925   Thumb Code     6  control.o(.text)
    Get_Teach_Mode                           0x0800092b   Thumb Code     6  control.o(.text)
    Set_Jog_Mode                             0x08000931   Thumb Code     6  control.o(.text)
    Get_Jog_Mode                             0x08000937   Thumb Code     6  control.o(.text)
    Set_Test_Mode                            0x0800093d   Thumb Code     6  control.o(.text)
    Get_Test_Mode                            0x08000943   Thumb Code     6  control.o(.text)
    Set_Run_Mode                             0x08000949   Thumb Code     6  control.o(.text)
    Set_Home_Mode                            0x0800094f   Thumb Code     6  control.o(.text)
    Get_Home_Mode                            0x08000955   Thumb Code     6  control.o(.text)
    Get_Run_Mode                             0x0800095b   Thumb Code     6  control.o(.text)
    Get_System_State                         0x08000961   Thumb Code     6  control.o(.text)
    System_Process                           0x08000967   Thumb Code  9346  control.o(.text)
    Set_Pl_Coords_Data_Max_Axis              0x08002de9   Thumb Code    74  control.o(.text)
    Get_Pl_Coords_Data_Max_Axis              0x08002e33   Thumb Code    80  control.o(.text)
    Set_Pl_Coords_Data_Min_Axis              0x08002e83   Thumb Code    74  control.o(.text)
    Get_Pl_Coords_Data_Min_Axis              0x08002ecd   Thumb Code    80  control.o(.text)
    Set_Pl_Coords_Data_Step_Test_Axis        0x08002f1d   Thumb Code    74  control.o(.text)
    Get_Pl_Coords_Data_Step_Test_Axis        0x08002f67   Thumb Code    80  control.o(.text)
    Set_Pl_Coords_Data_Step_Jog_Axis         0x08002fb7   Thumb Code    74  control.o(.text)
    Get_Pl_Coords_Data_Step_Jog_Axis         0x08003001   Thumb Code    80  control.o(.text)
    Set_Pl_Coords_Data_Pos                   0x08003051   Thumb Code   120  control.o(.text)
    Get_Pl_Coords_Data_Pos                   0x080030c9   Thumb Code   108  control.o(.text)
    Set_Servo_Data_Pos                       0x08003135   Thumb Code    76  control.o(.text)
    Get_Servo_Data_Pos                       0x08003181   Thumb Code    82  control.o(.text)
    Set_Servo_Data_Vel                       0x080031d3   Thumb Code    76  control.o(.text)
    Get_Servo_Data_Vel                       0x0800321f   Thumb Code    82  control.o(.text)
    Set_Servo_Data_Pos_Up                    0x08003271   Thumb Code   148  control.o(.text)
    Set_Servo_Data_Pos_Down                  0x08003305   Thumb Code   148  control.o(.text)
    Set_Servo_Data_STT_On_Off                0x08003399   Thumb Code    66  control.o(.text)
    Set_Speed                                0x080033db   Thumb Code   120  control.o(.text)
    Set_Circle_Test_Data                     0x08003453   Thumb Code    92  control.o(.text)
    Set_Eclipse_Test_Data                    0x080034af   Thumb Code    58  control.o(.text)
    Set_Square_Test_Data                     0x080034e9   Thumb Code    72  control.o(.text)
    Reset_Teach_Index                        0x08003531   Thumb Code    12  control.o(.text)
    Start_Handler                            0x0800353d   Thumb Code    78  control.o(.text)
    Stop_Handler                             0x0800358b   Thumb Code   104  control.o(.text)
    Home_Handler                             0x080035f3   Thumb Code   112  control.o(.text)
    Home_Button_Handler                      0x08003663   Thumb Code    76  control.o(.text)
    Home_Model_Handler                       0x080036af   Thumb Code    58  control.o(.text)
    Home_Servo_Handler                       0x080036e9   Thumb Code    70  control.o(.text)
    Set_Model_Test_Mode_Handler              0x0800372f   Thumb Code    64  control.o(.text)
    Set_Model_Control_Mode_Handler           0x0800376f   Thumb Code    86  control.o(.text)
    Set_Model_Jog_Mode_Handler               0x080037c5   Thumb Code    58  control.o(.text)
    Set_Model_Teach_Mode_Handler             0x080037ff   Thumb Code    46  control.o(.text)
    Set_Follow_Mode_Handler                  0x0800382d   Thumb Code    46  control.o(.text)
    Reset_Servo_Handler                      0x0800385b   Thumb Code    26  control.o(.text)
    Servo_On_Off_Handler                     0x08003875   Thumb Code   256  control.o(.text)
    Reset_Model_Handler                      0x08003975   Thumb Code    30  control.o(.text)
    Set_Test_X_Mode_Handler                  0x08003993   Thumb Code    54  control.o(.text)
    Set_Test_Y_Mode_Handler                  0x080039c9   Thumb Code    54  control.o(.text)
    Set_Test_Z_Mode_Handler                  0x080039ff   Thumb Code    54  control.o(.text)
    Set_Test_X_Y_Left_Mode_Handler           0x08003a35   Thumb Code    54  control.o(.text)
    Set_Test_X_Y_Right_Mode_Handler          0x08003a6b   Thumb Code    54  control.o(.text)
    Set_Test_X_Z_Left_Mode_Handler           0x08003aa1   Thumb Code    54  control.o(.text)
    Set_Test_X_Z_Right_Mode_Handler          0x08003ad7   Thumb Code    54  control.o(.text)
    Set_Test_Y_Z_Left_Mode_Handler           0x08003b0d   Thumb Code    54  control.o(.text)
    Set_Test_Y_Z_Right_Mode_Handler          0x08003b43   Thumb Code    54  control.o(.text)
    Set_Test_Roll_Mode_Handler               0x08003b79   Thumb Code    54  control.o(.text)
    Set_Test_Pitch_Mode_Handler              0x08003baf   Thumb Code    54  control.o(.text)
    Set_Test_Yaw_Mode_Handler                0x08003be5   Thumb Code    54  control.o(.text)
    Set_Test_Circle_Mode_Handler             0x08003c1b   Thumb Code    60  control.o(.text)
    Set_Test_Square_Mode_Handler             0x08003c57   Thumb Code    60  control.o(.text)
    Set_Test_Random_1_Mode_Handler           0x08003c93   Thumb Code    54  control.o(.text)
    Set_Test_Random_2_Mode_Handler           0x08003cc9   Thumb Code    54  control.o(.text)
    Set_Test_Pulse_Mode_Handler              0x08003cff   Thumb Code    54  control.o(.text)
    Set_Test_Eclipse_Mode_Handler            0x08003d35   Thumb Code    60  control.o(.text)
    Set_Model_Jog_Mode_X_Up_Handler          0x08003d71   Thumb Code    40  control.o(.text)
    Set_Model_Jog_Mode_X_Down_Handler        0x08003d99   Thumb Code    56  control.o(.text)
    Set_Model_Jog_Mode_Y_Up_Handler          0x08003dd1   Thumb Code    56  control.o(.text)
    Set_Model_Jog_Mode_Y_Down_Handler        0x08003e09   Thumb Code    56  control.o(.text)
    Set_Model_Jog_Mode_Z_Up_Handler          0x08003e41   Thumb Code    56  control.o(.text)
    Set_Model_Jog_Mode_Z_Down_Handler        0x08003e79   Thumb Code    56  control.o(.text)
    Set_Model_Jog_Mode_Roll_Up_Handler       0x08003eb1   Thumb Code    56  control.o(.text)
    Set_Model_Jog_Mode_Roll_Down_Handler     0x08003ee9   Thumb Code    56  control.o(.text)
    Set_Model_Jog_Mode_Pitch_Up_Handler      0x08003f21   Thumb Code    56  control.o(.text)
    Set_Model_Jog_Mode_Pitch_Down_Handler    0x08003f59   Thumb Code    56  control.o(.text)
    Set_Model_Jog_Mode_Yaw_Up_Handler        0x08003f91   Thumb Code    56  control.o(.text)
    Set_Model_Jog_Mode_Yaw_Down_Handler      0x08003fc9   Thumb Code    56  control.o(.text)
    Set_Model_Jog_Mode_X_Y_Left_Up_Handler   0x08004001   Thumb Code    70  control.o(.text)
    Set_Model_Jog_Mode_X_Y_Left_Down_Handler 0x08004047   Thumb Code    56  control.o(.text)
    Set_Model_Jog_Mode_X_Y_Right_Up_Handler  0x0800407f   Thumb Code    56  control.o(.text)
    Set_Model_Jog_Mode_X_Y_Right_Down_Handler 0x080040b7   Thumb Code    56  control.o(.text)
    Set_Model_Jog_Mode_X_Z_Left_Up_Handler   0x080040ef   Thumb Code    56  control.o(.text)
    Set_Model_Jog_Mode_X_Z_Left_Down_Handler 0x08004127   Thumb Code    56  control.o(.text)
    Set_Model_Jog_Mode_X_Z_Right_Up_Handler  0x0800415f   Thumb Code    56  control.o(.text)
    Set_Model_Jog_Mode_X_Z_Right_Down_Handler 0x08004197   Thumb Code    56  control.o(.text)
    Set_Model_Jog_Mode_Y_Z_Left_Up_Handler   0x080041cf   Thumb Code    56  control.o(.text)
    Set_Model_Jog_Mode_Y_Z_Left_Down_Handler 0x08004207   Thumb Code    56  control.o(.text)
    Set_Model_Jog_Mode_Y_Z_Right_Up_Handler  0x0800423f   Thumb Code    56  control.o(.text)
    Set_Model_Jog_Mode_Y_Z_Right_Down_Handler 0x08004277   Thumb Code    56  control.o(.text)
    Servo_Pos_Handler                        0x080042af   Thumb Code   302  control.o(.text)
    Servo_Vel_Handler                        0x080043dd   Thumb Code     6  control.o(.text)
    Pos_Handler                              0x080043e3   Thumb Code   268  control.o(.text)
    Vel_Handler                              0x080044ef   Thumb Code     6  control.o(.text)
    All_Pos_Handler                          0x080044f5   Thumb Code   206  control.o(.text)
    Update_Model_Parametter_Handler          0x080045c3   Thumb Code   712  control.o(.text)
    HMI_HAL_Init                             0x0800488d   Thumb Code   322  hmi_handler.o(.text)
    HMI_Set_DisInp_On                        0x080049cf   Thumb Code    28  hmi_handler.o(.text)
    HMI_Set_DisInp_Off                       0x080049eb   Thumb Code    28  hmi_handler.o(.text)
    myModbusParseRequest05Callback           0x08004a07   Thumb Code  2220  hmi_handler.o(.text)
    HMI_Update_RegParams_Param               0x080052b3   Thumb Code    44  hmi_handler.o(.text)
    myModbusParseRequest16Callback           0x080052df   Thumb Code  5432  hmi_handler.o(.text)
    HMI_Modbus_Init                          0x08006817   Thumb Code    60  hmi_handler.o(.text)
    HMI_Update_Model_Data                    0x08006853   Thumb Code   410  hmi_handler.o(.text)
    HMI_Init                                 0x080069ed   Thumb Code    52  hmi_handler.o(.text)
    DMA1_Stream2_IRQHandler                  0x08006a21   Thumb Code    12  hmi_handler.o(.text)
    HMI_Send                                 0x08006a2d   Thumb Code     2  hmi_handler.o(.text)
    HMI_Process                              0x08006a2f   Thumb Code   166  hmi_handler.o(.text)
    HMI_Update_InpParams_Param               0x08006ad5   Thumb Code    44  hmi_handler.o(.text)
    HMI_Update_DisInpParams_Param            0x08006b01   Thumb Code  3040  hmi_handler.o(.text)
    Cal_Permanant_Parameter                  0x080076e1   Thumb Code  1414  calculator.o(.text)
    Model_Init                               0x08007c67   Thumb Code   138  calculator.o(.text)
    Cal_Servo_Degree                         0x08007cf1   Thumb Code  5212  calculator.o(.text)
    Set_Model_Parametter                     0x0800914d   Thumb Code   212  calculator.o(.text)
    Get_Model_Parametter                     0x08009221   Thumb Code   134  calculator.o(.text)
    Sub_Mod_Pi                               0x080092e1   Thumb Code   176  utils.o(.text)
    Add_Mod_Pi                               0x08009391   Thumb Code   176  utils.o(.text)
    Euler_To_Body_Rate                       0x08009441   Thumb Code   558  utils.o(.text)
    Body_To_Euler_Rate                       0x0800966f   Thumb Code   776  utils.o(.text)
    my_delay_us                              0x08009977   Thumb Code    36  utils.o(.text)
    delay_us                                 0x0800999b   Thumb Code    64  utils.o(.text)
    delay_01ms                               0x080099db   Thumb Code    66  utils.o(.text)
    IntToStr2                                0x08009a1d   Thumb Code    26  utils.o(.text)
    IntToStr3                                0x08009a37   Thumb Code    50  utils.o(.text)
    IntToStr4                                0x08009a69   Thumb Code    68  utils.o(.text)
    IntToStr5                                0x08009aad   Thumb Code    86  utils.o(.text)
    IntToStr6                                0x08009b03   Thumb Code   104  utils.o(.text)
    IntToStr7                                0x08009b6b   Thumb Code   122  utils.o(.text)
    IntToStr8                                0x08009be5   Thumb Code   140  utils.o(.text)
    IntToStr9                                0x08009c71   Thumb Code   158  utils.o(.text)
    IntToStr10                               0x08009d0f   Thumb Code   186  utils.o(.text)
    IntToStr11                               0x08009dc9   Thumb Code   194  utils.o(.text)
    IntToStr12                               0x08009e8b   Thumb Code   212  utils.o(.text)
    my_atoi                                  0x08009f5f   Thumb Code    74  utils.o(.text)
    UART_PC_Init                             0x08009fa9   Thumb Code   344  uart.o(.text)
    UART_PC_Send                             0x0800a101   Thumb Code    56  uart.o(.text)
    UART_PC_Send_Model_Data                  0x0800a139   Thumb Code   622  uart.o(.text)
    UART_PC_Send_PL_Pos                      0x0800a3a7   Thumb Code   520  uart.o(.text)
    UART_PC_Send_PL_Pos_Test                 0x0800a5af   Thumb Code   446  uart.o(.text)
    UART_PC_Send_IMU_Data                    0x0800a76d   Thumb Code     2  uart.o(.text)
    UART_PC_Send_Servo_Data_Pos              0x0800a76f   Thumb Code   908  uart.o(.text)
    UART_PC_Send_Servo_Data_Pos_Test         0x0800aafb   Thumb Code   872  uart.o(.text)
    UART_PC_Send_Feedback                    0x0800ae63   Thumb Code    70  uart.o(.text)
    UART_Read_Cmd                            0x0800aebd   Thumb Code   818  uart.o(.text)
    Enable_Update_Data_Platform_Pos          0x0800b1ef   Thumb Code    12  uart.o(.text)
    Enable_Update_Data_Servo_Pos             0x0800b1fb   Thumb Code    12  uart.o(.text)
    main                                     0x0800b239   Thumb Code   738  main.o(.text)
    NMI_Handler                              0x0800b53d   Thumb Code     2  system_timetick.o(.text)
    HardFault_Handler                        0x0800b53f   Thumb Code     4  system_timetick.o(.text)
    MemManage_Handler                        0x0800b543   Thumb Code     4  system_timetick.o(.text)
    BusFault_Handler                         0x0800b547   Thumb Code     4  system_timetick.o(.text)
    UsageFault_Handler                       0x0800b54b   Thumb Code     4  system_timetick.o(.text)
    SVC_Handler                              0x0800b54f   Thumb Code     2  system_timetick.o(.text)
    DebugMon_Handler                         0x0800b551   Thumb Code     2  system_timetick.o(.text)
    PendSV_Handler                           0x0800b553   Thumb Code     2  system_timetick.o(.text)
    SysTick_Handler                          0x0800b555   Thumb Code    18  system_timetick.o(.text)
    SysTick_GetTick                          0x0800b567   Thumb Code     6  system_timetick.o(.text)
    SysTick_IsTimeout                        0x0800b56d   Thumb Code    34  system_timetick.o(.text)
    Reset_Handler                            0x0800b599   Thumb Code    18  startup_stm32f4xx.o(.text)
    ADC_IRQHandler                           0x0800b5bd   Thumb Code     0  startup_stm32f4xx.o(.text)
    CAN1_RX0_IRQHandler                      0x0800b5bd   Thumb Code     0  startup_stm32f4xx.o(.text)
    CAN1_RX1_IRQHandler                      0x0800b5bd   Thumb Code     0  startup_stm32f4xx.o(.text)
    CAN1_SCE_IRQHandler                      0x0800b5bd   Thumb Code     0  startup_stm32f4xx.o(.text)
    CAN1_TX_IRQHandler                       0x0800b5bd   Thumb Code     0  startup_stm32f4xx.o(.text)
    CAN2_RX0_IRQHandler                      0x0800b5bd   Thumb Code     0  startup_stm32f4xx.o(.text)
    CAN2_RX1_IRQHandler                      0x0800b5bd   Thumb Code     0  startup_stm32f4xx.o(.text)
    CAN2_SCE_IRQHandler                      0x0800b5bd   Thumb Code     0  startup_stm32f4xx.o(.text)
    CAN2_TX_IRQHandler                       0x0800b5bd   Thumb Code     0  startup_stm32f4xx.o(.text)
    CRYP_IRQHandler                          0x0800b5bd   Thumb Code     0  startup_stm32f4xx.o(.text)
    DCMI_IRQHandler                          0x0800b5bd   Thumb Code     0  startup_stm32f4xx.o(.text)
    DMA1_Stream0_IRQHandler                  0x0800b5bd   Thumb Code     0  startup_stm32f4xx.o(.text)
    DMA1_Stream1_IRQHandler                  0x0800b5bd   Thumb Code     0  startup_stm32f4xx.o(.text)
    DMA1_Stream3_IRQHandler                  0x0800b5bd   Thumb Code     0  startup_stm32f4xx.o(.text)
    DMA1_Stream4_IRQHandler                  0x0800b5bd   Thumb Code     0  startup_stm32f4xx.o(.text)
    DMA1_Stream5_IRQHandler                  0x0800b5bd   Thumb Code     0  startup_stm32f4xx.o(.text)
    DMA1_Stream6_IRQHandler                  0x0800b5bd   Thumb Code     0  startup_stm32f4xx.o(.text)
    DMA1_Stream7_IRQHandler                  0x0800b5bd   Thumb Code     0  startup_stm32f4xx.o(.text)
    DMA2_Stream0_IRQHandler                  0x0800b5bd   Thumb Code     0  startup_stm32f4xx.o(.text)
    DMA2_Stream1_IRQHandler                  0x0800b5bd   Thumb Code     0  startup_stm32f4xx.o(.text)
    DMA2_Stream2_IRQHandler                  0x0800b5bd   Thumb Code     0  startup_stm32f4xx.o(.text)
    DMA2_Stream3_IRQHandler                  0x0800b5bd   Thumb Code     0  startup_stm32f4xx.o(.text)
    DMA2_Stream4_IRQHandler                  0x0800b5bd   Thumb Code     0  startup_stm32f4xx.o(.text)
    DMA2_Stream5_IRQHandler                  0x0800b5bd   Thumb Code     0  startup_stm32f4xx.o(.text)
    DMA2_Stream6_IRQHandler                  0x0800b5bd   Thumb Code     0  startup_stm32f4xx.o(.text)
    DMA2_Stream7_IRQHandler                  0x0800b5bd   Thumb Code     0  startup_stm32f4xx.o(.text)
    ETH_IRQHandler                           0x0800b5bd   Thumb Code     0  startup_stm32f4xx.o(.text)
    ETH_WKUP_IRQHandler                      0x0800b5bd   Thumb Code     0  startup_stm32f4xx.o(.text)
    EXTI0_IRQHandler                         0x0800b5bd   Thumb Code     0  startup_stm32f4xx.o(.text)
    FLASH_IRQHandler                         0x0800b5bd   Thumb Code     0  startup_stm32f4xx.o(.text)
    FPU_IRQHandler                           0x0800b5bd   Thumb Code     0  startup_stm32f4xx.o(.text)
    FSMC_IRQHandler                          0x0800b5bd   Thumb Code     0  startup_stm32f4xx.o(.text)
    HASH_RNG_IRQHandler                      0x0800b5bd   Thumb Code     0  startup_stm32f4xx.o(.text)
    I2C1_ER_IRQHandler                       0x0800b5bd   Thumb Code     0  startup_stm32f4xx.o(.text)
    I2C1_EV_IRQHandler                       0x0800b5bd   Thumb Code     0  startup_stm32f4xx.o(.text)
    I2C2_ER_IRQHandler                       0x0800b5bd   Thumb Code     0  startup_stm32f4xx.o(.text)
    I2C2_EV_IRQHandler                       0x0800b5bd   Thumb Code     0  startup_stm32f4xx.o(.text)
    I2C3_ER_IRQHandler                       0x0800b5bd   Thumb Code     0  startup_stm32f4xx.o(.text)
    I2C3_EV_IRQHandler                       0x0800b5bd   Thumb Code     0  startup_stm32f4xx.o(.text)
    OTG_FS_IRQHandler                        0x0800b5bd   Thumb Code     0  startup_stm32f4xx.o(.text)
    OTG_FS_WKUP_IRQHandler                   0x0800b5bd   Thumb Code     0  startup_stm32f4xx.o(.text)
    OTG_HS_EP1_IN_IRQHandler                 0x0800b5bd   Thumb Code     0  startup_stm32f4xx.o(.text)
    OTG_HS_EP1_OUT_IRQHandler                0x0800b5bd   Thumb Code     0  startup_stm32f4xx.o(.text)
    OTG_HS_IRQHandler                        0x0800b5bd   Thumb Code     0  startup_stm32f4xx.o(.text)
    OTG_HS_WKUP_IRQHandler                   0x0800b5bd   Thumb Code     0  startup_stm32f4xx.o(.text)
    PVD_IRQHandler                           0x0800b5bd   Thumb Code     0  startup_stm32f4xx.o(.text)
    RCC_IRQHandler                           0x0800b5bd   Thumb Code     0  startup_stm32f4xx.o(.text)
    RTC_Alarm_IRQHandler                     0x0800b5bd   Thumb Code     0  startup_stm32f4xx.o(.text)
    RTC_WKUP_IRQHandler                      0x0800b5bd   Thumb Code     0  startup_stm32f4xx.o(.text)
    SDIO_IRQHandler                          0x0800b5bd   Thumb Code     0  startup_stm32f4xx.o(.text)
    SPI1_IRQHandler                          0x0800b5bd   Thumb Code     0  startup_stm32f4xx.o(.text)
    SPI2_IRQHandler                          0x0800b5bd   Thumb Code     0  startup_stm32f4xx.o(.text)
    SPI3_IRQHandler                          0x0800b5bd   Thumb Code     0  startup_stm32f4xx.o(.text)
    TAMP_STAMP_IRQHandler                    0x0800b5bd   Thumb Code     0  startup_stm32f4xx.o(.text)
    TIM1_BRK_TIM9_IRQHandler                 0x0800b5bd   Thumb Code     0  startup_stm32f4xx.o(.text)
    TIM1_CC_IRQHandler                       0x0800b5bd   Thumb Code     0  startup_stm32f4xx.o(.text)
    TIM1_TRG_COM_TIM11_IRQHandler            0x0800b5bd   Thumb Code     0  startup_stm32f4xx.o(.text)
    TIM1_UP_TIM10_IRQHandler                 0x0800b5bd   Thumb Code     0  startup_stm32f4xx.o(.text)
    TIM2_IRQHandler                          0x0800b5bd   Thumb Code     0  startup_stm32f4xx.o(.text)
    TIM3_IRQHandler                          0x0800b5bd   Thumb Code     0  startup_stm32f4xx.o(.text)
    TIM4_IRQHandler                          0x0800b5bd   Thumb Code     0  startup_stm32f4xx.o(.text)
    TIM5_IRQHandler                          0x0800b5bd   Thumb Code     0  startup_stm32f4xx.o(.text)
    TIM6_DAC_IRQHandler                      0x0800b5bd   Thumb Code     0  startup_stm32f4xx.o(.text)
    TIM7_IRQHandler                          0x0800b5bd   Thumb Code     0  startup_stm32f4xx.o(.text)
    TIM8_BRK_TIM12_IRQHandler                0x0800b5bd   Thumb Code     0  startup_stm32f4xx.o(.text)
    TIM8_CC_IRQHandler                       0x0800b5bd   Thumb Code     0  startup_stm32f4xx.o(.text)
    TIM8_TRG_COM_TIM14_IRQHandler            0x0800b5bd   Thumb Code     0  startup_stm32f4xx.o(.text)
    TIM8_UP_TIM13_IRQHandler                 0x0800b5bd   Thumb Code     0  startup_stm32f4xx.o(.text)
    UART4_IRQHandler                         0x0800b5bd   Thumb Code     0  startup_stm32f4xx.o(.text)
    UART5_IRQHandler                         0x0800b5bd   Thumb Code     0  startup_stm32f4xx.o(.text)
    USART1_IRQHandler                        0x0800b5bd   Thumb Code     0  startup_stm32f4xx.o(.text)
    USART2_IRQHandler                        0x0800b5bd   Thumb Code     0  startup_stm32f4xx.o(.text)
    USART3_IRQHandler                        0x0800b5bd   Thumb Code     0  startup_stm32f4xx.o(.text)
    USART6_IRQHandler                        0x0800b5bd   Thumb Code     0  startup_stm32f4xx.o(.text)
    WWDG_IRQHandler                          0x0800b5bd   Thumb Code     0  startup_stm32f4xx.o(.text)
    __user_initial_stackheap                 0x0800b5c1   Thumb Code     0  startup_stm32f4xx.o(.text)
    SystemInit                               0x0800b6c5   Thumb Code    88  system_stm32f4xx.o(.text)
    SystemCoreClockUpdate                    0x0800b71d   Thumb Code   174  system_stm32f4xx.o(.text)
    FSMC_Read                                0x0800b7f9   Thumb Code    14  fsmc.o(.text)
    FSMC_ENC_Update                          0x0800b807   Thumb Code   254  fsmc.o(.text)
    FSMC_ENC_Reset                           0x0800b905   Thumb Code    26  fsmc.o(.text)
    FSMC_ENC_Get_Pos                         0x0800b91f   Thumb Code    80  fsmc.o(.text)
    FSMC_ENC_Get_Vel                         0x0800b96f   Thumb Code   176  fsmc.o(.text)
    FSMC_Write                               0x0800ba1f   Thumb Code     4  fsmc.o(.text)
    FSMC_Init                                0x0800ba23   Thumb Code   574  fsmc.o(.text)
    Servo_Move                               0x0800bc61   Thumb Code   162  fsmc.o(.text)
    Servo_Move_Test                          0x0800bd03   Thumb Code    78  fsmc.o(.text)
    Button_Init                              0x0800bd55   Thumb Code   108  gpio.o(.text)
    Servo_Home_Switch_Init                   0x0800bdc1   Thumb Code   680  gpio.o(.text)
    Relay_Init                               0x0800c069   Thumb Code   276  gpio.o(.text)
    Relay_On                                 0x0800c17d   Thumb Code    82  gpio.o(.text)
    Relay_Off                                0x0800c1cf   Thumb Code    82  gpio.o(.text)
    EXTI9_5_IRQHandler                       0x0800c221   Thumb Code    28  gpio.o(.text)
    EXTI15_10_IRQHandler                     0x0800c23d   Thumb Code   108  gpio.o(.text)
    EXTI1_IRQHandler                         0x0800c2a9   Thumb Code    26  gpio.o(.text)
    EXTI2_IRQHandler                         0x0800c2c3   Thumb Code    26  gpio.o(.text)
    EXTI4_IRQHandler                         0x0800c2dd   Thumb Code    28  gpio.o(.text)
    EXTI3_IRQHandler                         0x0800c2f9   Thumb Code    28  gpio.o(.text)
    Reset_Button_Press_Status                0x0800c315   Thumb Code     8  gpio.o(.text)
    Get_Button_Start_Press_Status            0x0800c31d   Thumb Code    12  gpio.o(.text)
    Get_Button_Stop_Press_Status             0x0800c329   Thumb Code    12  gpio.o(.text)
    Get_Button_Home_Press_Status             0x0800c335   Thumb Code    12  gpio.o(.text)
    Get_Servo_Home_Status                    0x0800c341   Thumb Code   104  gpio.o(.text)
    LED_Toggle                               0x0800c3b9   Thumb Code    54  led.o(.text)
    LED_Off                                  0x0800c3ef   Thumb Code    54  led.o(.text)
    LED_On                                   0x0800c425   Thumb Code    54  led.o(.text)
    LED_Display                              0x0800c45b   Thumb Code   228  led.o(.text)
    LED_Init                                 0x0800c53f   Thumb Code   140  led.o(.text)
    LED_Off_All                              0x0800c5cb   Thumb Code    32  led.o(.text)
    circle_trajectory                        0x0800c5f9   Thumb Code   414  path_planning.o(.text)
    rectangle_trajectory                     0x0800c797   Thumb Code  2532  path_planning.o(.text)
    ellipse_trajectory                       0x0800d17b   Thumb Code   460  path_planning.o(.text)
    one_axis_trajectory                      0x0800d347   Thumb Code  1096  path_planning.o(.text)
    two_axis_trajectory                      0x0800d78f   Thumb Code  1546  path_planning.o(.text)
    I2C_ReadBytes                            0x0800ddad   Thumb Code   336  eeprom.o(.text)
    I2C_WriteBytes                           0x0800defd   Thumb Code   230  eeprom.o(.text)
    EEP_Init                                 0x0800dfe3   Thumb Code   132  eeprom.o(.text)
    EEP_ReadBytes                            0x0800e067   Thumb Code    84  eeprom.o(.text)
    EEP_WriteBytes                           0x0800e0bb   Thumb Code    92  eeprom.o(.text)
    PARAMS_Save_Array                        0x0800e131   Thumb Code    18  params.o(.text)
    PARAMS_Save_Float                        0x0800e143   Thumb Code    34  params.o(.text)
    PARAMS_Save_Default                      0x0800e165   Thumb Code   168  params.o(.text)
    PARAMS_Load_Float                        0x0800e20d   Thumb Code    30  params.o(.text)
    PARAMS_Load_Array                        0x0800e22b   Thumb Code    22  params.o(.text)
    PARAMS_Load_All                          0x0800e241   Thumb Code   168  params.o(.text)
    PARAMS_Save_All_Parametter               0x0800e2e9   Thumb Code   160  params.o(.text)
    PARAMS_Save_Uint32                       0x0800e389   Thumb Code    16  params.o(.text)
    PARAMS_Load_Uint32                       0x0800e399   Thumb Code    22  params.o(.text)
    NVIC_PriorityGroupConfig                 0x0800e3e9   Thumb Code    10  misc.o(.text)
    NVIC_Init                                0x0800e3f3   Thumb Code   106  misc.o(.text)
    NVIC_SetVectorTable                      0x0800e45d   Thumb Code    14  misc.o(.text)
    NVIC_SystemLPConfig                      0x0800e46b   Thumb Code    34  misc.o(.text)
    SysTick_CLKSourceConfig                  0x0800e48d   Thumb Code    40  misc.o(.text)
    DMA_DeInit                               0x0800e4c9   Thumb Code   324  stm32f4xx_dma.o(.text)
    DMA_Init                                 0x0800e60d   Thumb Code    82  stm32f4xx_dma.o(.text)
    DMA_StructInit                           0x0800e65f   Thumb Code    34  stm32f4xx_dma.o(.text)
    DMA_Cmd                                  0x0800e681   Thumb Code    22  stm32f4xx_dma.o(.text)
    DMA_PeriphIncOffsetSizeConfig            0x0800e697   Thumb Code    22  stm32f4xx_dma.o(.text)
    DMA_FlowControllerConfig                 0x0800e6ad   Thumb Code    22  stm32f4xx_dma.o(.text)
    DMA_SetCurrDataCounter                   0x0800e6c3   Thumb Code     4  stm32f4xx_dma.o(.text)
    DMA_GetCurrDataCounter                   0x0800e6c7   Thumb Code     8  stm32f4xx_dma.o(.text)
    DMA_DoubleBufferModeConfig               0x0800e6cf   Thumb Code    24  stm32f4xx_dma.o(.text)
    DMA_DoubleBufferModeCmd                  0x0800e6e7   Thumb Code    22  stm32f4xx_dma.o(.text)
    DMA_MemoryTargetConfig                   0x0800e6fd   Thumb Code    10  stm32f4xx_dma.o(.text)
    DMA_GetCurrentMemoryTarget               0x0800e707   Thumb Code    20  stm32f4xx_dma.o(.text)
    DMA_GetCmdStatus                         0x0800e71b   Thumb Code    20  stm32f4xx_dma.o(.text)
    DMA_GetFIFOStatus                        0x0800e72f   Thumb Code    12  stm32f4xx_dma.o(.text)
    DMA_GetFlagStatus                        0x0800e73b   Thumb Code    56  stm32f4xx_dma.o(.text)
    DMA_ClearFlag                            0x0800e773   Thumb Code    40  stm32f4xx_dma.o(.text)
    DMA_ITConfig                             0x0800e79b   Thumb Code    58  stm32f4xx_dma.o(.text)
    DMA_GetITStatus                          0x0800e7d5   Thumb Code    84  stm32f4xx_dma.o(.text)
    DMA_ClearITPendingBit                    0x0800e829   Thumb Code    40  stm32f4xx_dma.o(.text)
    GPIO_DeInit                              0x0800e871   Thumb Code   220  stm32f4xx_gpio.o(.text)
    GPIO_Init                                0x0800e94d   Thumb Code   144  stm32f4xx_gpio.o(.text)
    GPIO_StructInit                          0x0800e9dd   Thumb Code    18  stm32f4xx_gpio.o(.text)
    GPIO_PinLockConfig                       0x0800e9ef   Thumb Code    34  stm32f4xx_gpio.o(.text)
    GPIO_ReadInputDataBit                    0x0800ea11   Thumb Code    18  stm32f4xx_gpio.o(.text)
    GPIO_ReadInputData                       0x0800ea23   Thumb Code     8  stm32f4xx_gpio.o(.text)
    GPIO_ReadOutputDataBit                   0x0800ea2b   Thumb Code    18  stm32f4xx_gpio.o(.text)
    GPIO_ReadOutputData                      0x0800ea3d   Thumb Code     8  stm32f4xx_gpio.o(.text)
    GPIO_SetBits                             0x0800ea45   Thumb Code     4  stm32f4xx_gpio.o(.text)
    GPIO_ResetBits                           0x0800ea49   Thumb Code     4  stm32f4xx_gpio.o(.text)
    GPIO_WriteBit                            0x0800ea4d   Thumb Code    10  stm32f4xx_gpio.o(.text)
    GPIO_Write                               0x0800ea57   Thumb Code     4  stm32f4xx_gpio.o(.text)
    GPIO_ToggleBits                          0x0800ea5b   Thumb Code     8  stm32f4xx_gpio.o(.text)
    GPIO_PinAFConfig                         0x0800ea63   Thumb Code    70  stm32f4xx_gpio.o(.text)
    RCC_DeInit                               0x0800eacd   Thumb Code    60  stm32f4xx_rcc.o(.text)
    RCC_HSEConfig                            0x0800eb09   Thumb Code    14  stm32f4xx_rcc.o(.text)
    RCC_GetFlagStatus                        0x0800eb17   Thumb Code    60  stm32f4xx_rcc.o(.text)
    RCC_WaitForHSEStartUp                    0x0800eb53   Thumb Code    56  stm32f4xx_rcc.o(.text)
    RCC_AdjustHSICalibrationValue            0x0800eb8b   Thumb Code    20  stm32f4xx_rcc.o(.text)
    RCC_HSICmd                               0x0800eb9f   Thumb Code     6  stm32f4xx_rcc.o(.text)
    RCC_LSEConfig                            0x0800eba5   Thumb Code    46  stm32f4xx_rcc.o(.text)
    RCC_LSICmd                               0x0800ebd3   Thumb Code     6  stm32f4xx_rcc.o(.text)
    RCC_PLLConfig                            0x0800ebd9   Thumb Code    32  stm32f4xx_rcc.o(.text)
    RCC_PLLCmd                               0x0800ebf9   Thumb Code     6  stm32f4xx_rcc.o(.text)
    RCC_PLLI2SConfig                         0x0800ebff   Thumb Code    14  stm32f4xx_rcc.o(.text)
    RCC_PLLI2SCmd                            0x0800ec0d   Thumb Code     6  stm32f4xx_rcc.o(.text)
    RCC_ClockSecuritySystemCmd               0x0800ec13   Thumb Code     6  stm32f4xx_rcc.o(.text)
    RCC_MCO1Config                           0x0800ec19   Thumb Code    28  stm32f4xx_rcc.o(.text)
    RCC_MCO2Config                           0x0800ec35   Thumb Code    28  stm32f4xx_rcc.o(.text)
    RCC_SYSCLKConfig                         0x0800ec51   Thumb Code    20  stm32f4xx_rcc.o(.text)
    RCC_GetSYSCLKSource                      0x0800ec65   Thumb Code    12  stm32f4xx_rcc.o(.text)
    RCC_HCLKConfig                           0x0800ec71   Thumb Code    20  stm32f4xx_rcc.o(.text)
    RCC_PCLK1Config                          0x0800ec85   Thumb Code    20  stm32f4xx_rcc.o(.text)
    RCC_PCLK2Config                          0x0800ec99   Thumb Code    22  stm32f4xx_rcc.o(.text)
    RCC_GetClocksFreq                        0x0800ecaf   Thumb Code   222  stm32f4xx_rcc.o(.text)
    RCC_RTCCLKConfig                         0x0800ed8d   Thumb Code    54  stm32f4xx_rcc.o(.text)
    RCC_RTCCLKCmd                            0x0800edc3   Thumb Code     8  stm32f4xx_rcc.o(.text)
    RCC_BackupResetCmd                       0x0800edcb   Thumb Code     8  stm32f4xx_rcc.o(.text)
    RCC_I2SCLKConfig                         0x0800edd3   Thumb Code     6  stm32f4xx_rcc.o(.text)
    RCC_AHB1PeriphClockCmd                   0x0800edd9   Thumb Code    34  stm32f4xx_rcc.o(.text)
    RCC_AHB2PeriphClockCmd                   0x0800edfb   Thumb Code    34  stm32f4xx_rcc.o(.text)
    RCC_AHB3PeriphClockCmd                   0x0800ee1d   Thumb Code    34  stm32f4xx_rcc.o(.text)
    RCC_APB1PeriphClockCmd                   0x0800ee3f   Thumb Code    34  stm32f4xx_rcc.o(.text)
    RCC_APB2PeriphClockCmd                   0x0800ee61   Thumb Code    34  stm32f4xx_rcc.o(.text)
    RCC_AHB1PeriphResetCmd                   0x0800ee83   Thumb Code    34  stm32f4xx_rcc.o(.text)
    RCC_AHB2PeriphResetCmd                   0x0800eea5   Thumb Code    72  stm32f4xx_rcc.o(.text)
    RCC_AHB3PeriphResetCmd                   0x0800eeed   Thumb Code    34  stm32f4xx_rcc.o(.text)
    RCC_APB1PeriphResetCmd                   0x0800ef0f   Thumb Code    34  stm32f4xx_rcc.o(.text)
    RCC_APB2PeriphResetCmd                   0x0800ef31   Thumb Code    34  stm32f4xx_rcc.o(.text)
    RCC_AHB1PeriphClockLPModeCmd             0x0800ef53   Thumb Code    34  stm32f4xx_rcc.o(.text)
    RCC_AHB2PeriphClockLPModeCmd             0x0800ef75   Thumb Code    34  stm32f4xx_rcc.o(.text)
    RCC_AHB3PeriphClockLPModeCmd             0x0800ef97   Thumb Code    34  stm32f4xx_rcc.o(.text)
    RCC_APB1PeriphClockLPModeCmd             0x0800efb9   Thumb Code    34  stm32f4xx_rcc.o(.text)
    RCC_APB2PeriphClockLPModeCmd             0x0800efdb   Thumb Code    34  stm32f4xx_rcc.o(.text)
    RCC_ITConfig                             0x0800effd   Thumb Code    34  stm32f4xx_rcc.o(.text)
    RCC_ClearFlag                            0x0800f01f   Thumb Code    18  stm32f4xx_rcc.o(.text)
    RCC_GetITStatus                          0x0800f031   Thumb Code    22  stm32f4xx_rcc.o(.text)
    RCC_ClearITPendingBit                    0x0800f047   Thumb Code     8  stm32f4xx_rcc.o(.text)
    USART_DeInit                             0x0800f055   Thumb Code   156  stm32f4xx_usart.o(.text)
    USART_Init                               0x0800f0f1   Thumb Code   204  stm32f4xx_usart.o(.text)
    USART_StructInit                         0x0800f1bd   Thumb Code    24  stm32f4xx_usart.o(.text)
    USART_ClockInit                          0x0800f1d5   Thumb Code    32  stm32f4xx_usart.o(.text)
    USART_ClockStructInit                    0x0800f1f5   Thumb Code    12  stm32f4xx_usart.o(.text)
    USART_Cmd                                0x0800f201   Thumb Code    24  stm32f4xx_usart.o(.text)
    USART_SetPrescaler                       0x0800f219   Thumb Code    16  stm32f4xx_usart.o(.text)
    USART_OverSampling8Cmd                   0x0800f229   Thumb Code    22  stm32f4xx_usart.o(.text)
    USART_OneBitMethodCmd                    0x0800f23f   Thumb Code    24  stm32f4xx_usart.o(.text)
    USART_SendData                           0x0800f257   Thumb Code     8  stm32f4xx_usart.o(.text)
    USART_ReceiveData                        0x0800f25f   Thumb Code    10  stm32f4xx_usart.o(.text)
    USART_SetAddress                         0x0800f269   Thumb Code    18  stm32f4xx_usart.o(.text)
    USART_ReceiverWakeUpCmd                  0x0800f27b   Thumb Code    24  stm32f4xx_usart.o(.text)
    USART_WakeUpConfig                       0x0800f293   Thumb Code    18  stm32f4xx_usart.o(.text)
    USART_LINBreakDetectLengthConfig         0x0800f2a5   Thumb Code    18  stm32f4xx_usart.o(.text)
    USART_LINCmd                             0x0800f2b7   Thumb Code    24  stm32f4xx_usart.o(.text)
    USART_SendBreak                          0x0800f2cf   Thumb Code    10  stm32f4xx_usart.o(.text)
    USART_HalfDuplexCmd                      0x0800f2d9   Thumb Code    24  stm32f4xx_usart.o(.text)
    USART_SetGuardTime                       0x0800f2f1   Thumb Code    16  stm32f4xx_usart.o(.text)
    USART_SmartCardCmd                       0x0800f301   Thumb Code    24  stm32f4xx_usart.o(.text)
    USART_SmartCardNACKCmd                   0x0800f319   Thumb Code    24  stm32f4xx_usart.o(.text)
    USART_IrDAConfig                         0x0800f331   Thumb Code    18  stm32f4xx_usart.o(.text)
    USART_IrDACmd                            0x0800f343   Thumb Code    24  stm32f4xx_usart.o(.text)
    USART_DMACmd                             0x0800f35b   Thumb Code    18  stm32f4xx_usart.o(.text)
    USART_ITConfig                           0x0800f36d   Thumb Code    74  stm32f4xx_usart.o(.text)
    USART_GetFlagStatus                      0x0800f3b7   Thumb Code    26  stm32f4xx_usart.o(.text)
    USART_ClearFlag                          0x0800f3d1   Thumb Code    18  stm32f4xx_usart.o(.text)
    USART_GetITStatus                        0x0800f3e3   Thumb Code   110  stm32f4xx_usart.o(.text)
    USART_ClearITPendingBit                  0x0800f451   Thumb Code    30  stm32f4xx_usart.o(.text)
    EXTI_DeInit                              0x0800f471   Thumb Code    28  stm32f4xx_exti.o(.text)
    EXTI_Init                                0x0800f48d   Thumb Code   142  stm32f4xx_exti.o(.text)
    EXTI_StructInit                          0x0800f51b   Thumb Code    16  stm32f4xx_exti.o(.text)
    EXTI_GenerateSWInterrupt                 0x0800f52b   Thumb Code    16  stm32f4xx_exti.o(.text)
    EXTI_GetFlagStatus                       0x0800f53b   Thumb Code    22  stm32f4xx_exti.o(.text)
    EXTI_ClearFlag                           0x0800f551   Thumb Code     8  stm32f4xx_exti.o(.text)
    EXTI_GetITStatus                         0x0800f559   Thumb Code    34  stm32f4xx_exti.o(.text)
    EXTI_ClearITPendingBit                   0x0800f57b   Thumb Code     8  stm32f4xx_exti.o(.text)
    SYSCFG_DeInit                            0x0800f58d   Thumb Code    22  stm32f4xx_syscfg.o(.text)
    SYSCFG_MemoryRemapConfig                 0x0800f5a3   Thumb Code     6  stm32f4xx_syscfg.o(.text)
    SYSCFG_EXTILineConfig                    0x0800f5a9   Thumb Code    66  stm32f4xx_syscfg.o(.text)
    SYSCFG_ETH_MediaInterfaceConfig          0x0800f5eb   Thumb Code     6  stm32f4xx_syscfg.o(.text)
    SYSCFG_CompensationCellCmd               0x0800f5f1   Thumb Code     6  stm32f4xx_syscfg.o(.text)
    SYSCFG_GetCompensationCellStatus         0x0800f5f7   Thumb Code    22  stm32f4xx_syscfg.o(.text)
    FSMC_NORSRAMDeInit                       0x0800f619   Thumb Code    54  stm32f4xx_fsmc.o(.text)
    FSMC_NORSRAMInit                         0x0800f64f   Thumb Code   230  stm32f4xx_fsmc.o(.text)
    FSMC_NORSRAMStructInit                   0x0800f735   Thumb Code   114  stm32f4xx_fsmc.o(.text)
    FSMC_NORSRAMCmd                          0x0800f7a7   Thumb Code    46  stm32f4xx_fsmc.o(.text)
    FSMC_NANDDeInit                          0x0800f7d5   Thumb Code    62  stm32f4xx_fsmc.o(.text)
    FSMC_NANDInit                            0x0800f813   Thumb Code   132  stm32f4xx_fsmc.o(.text)
    FSMC_NANDStructInit                      0x0800f897   Thumb Code    54  stm32f4xx_fsmc.o(.text)
    FSMC_NANDCmd                             0x0800f8cd   Thumb Code    86  stm32f4xx_fsmc.o(.text)
    FSMC_NANDECCCmd                          0x0800f923   Thumb Code    86  stm32f4xx_fsmc.o(.text)
    FSMC_GetECC                              0x0800f979   Thumb Code    24  stm32f4xx_fsmc.o(.text)
    FSMC_PCCARDDeInit                        0x0800f991   Thumb Code    36  stm32f4xx_fsmc.o(.text)
    FSMC_PCCARDInit                          0x0800f9b5   Thumb Code   130  stm32f4xx_fsmc.o(.text)
    FSMC_PCCARDStructInit                    0x0800fa37   Thumb Code    60  stm32f4xx_fsmc.o(.text)
    FSMC_PCCARDCmd                           0x0800fa73   Thumb Code    44  stm32f4xx_fsmc.o(.text)
    FSMC_ITConfig                            0x0800fa9f   Thumb Code   128  stm32f4xx_fsmc.o(.text)
    FSMC_GetFlagStatus                       0x0800fb1f   Thumb Code    54  stm32f4xx_fsmc.o(.text)
    FSMC_ClearFlag                           0x0800fb55   Thumb Code    62  stm32f4xx_fsmc.o(.text)
    FSMC_GetITStatus                         0x0800fb93   Thumb Code    72  stm32f4xx_fsmc.o(.text)
    FSMC_ClearITPendingBit                   0x0800fbdb   Thumb Code    66  stm32f4xx_fsmc.o(.text)
    I2C_DeInit                               0x0800fc21   Thumb Code    82  stm32f4xx_i2c.o(.text)
    I2C_Init                                 0x0800fc73   Thumb Code   218  stm32f4xx_i2c.o(.text)
    I2C_StructInit                           0x0800fd4d   Thumb Code    30  stm32f4xx_i2c.o(.text)
    I2C_Cmd                                  0x0800fd6b   Thumb Code    24  stm32f4xx_i2c.o(.text)
    I2C_GenerateSTART                        0x0800fd83   Thumb Code    24  stm32f4xx_i2c.o(.text)
    I2C_GenerateSTOP                         0x0800fd9b   Thumb Code    24  stm32f4xx_i2c.o(.text)
    I2C_Send7bitAddress                      0x0800fdb3   Thumb Code    16  stm32f4xx_i2c.o(.text)
    I2C_AcknowledgeConfig                    0x0800fdc3   Thumb Code    24  stm32f4xx_i2c.o(.text)
    I2C_OwnAddress2Config                    0x0800fddb   Thumb Code    22  stm32f4xx_i2c.o(.text)
    I2C_DualAddressCmd                       0x0800fdf1   Thumb Code    24  stm32f4xx_i2c.o(.text)
    I2C_GeneralCallCmd                       0x0800fe09   Thumb Code    24  stm32f4xx_i2c.o(.text)
    I2C_SoftwareResetCmd                     0x0800fe21   Thumb Code    22  stm32f4xx_i2c.o(.text)
    I2C_StretchClockCmd                      0x0800fe37   Thumb Code    24  stm32f4xx_i2c.o(.text)
    I2C_FastModeDutyCycleConfig              0x0800fe4f   Thumb Code    28  stm32f4xx_i2c.o(.text)
    I2C_NACKPositionConfig                   0x0800fe6b   Thumb Code    28  stm32f4xx_i2c.o(.text)
    I2C_SMBusAlertConfig                     0x0800fe87   Thumb Code    28  stm32f4xx_i2c.o(.text)
    I2C_ARPCmd                               0x0800fea3   Thumb Code    24  stm32f4xx_i2c.o(.text)
    I2C_SendData                             0x0800febb   Thumb Code     4  stm32f4xx_i2c.o(.text)
    I2C_ReceiveData                          0x0800febf   Thumb Code     8  stm32f4xx_i2c.o(.text)
    I2C_TransmitPEC                          0x0800fec7   Thumb Code    24  stm32f4xx_i2c.o(.text)
    I2C_PECPositionConfig                    0x0800fedf   Thumb Code    28  stm32f4xx_i2c.o(.text)
    I2C_CalculatePEC                         0x0800fefb   Thumb Code    24  stm32f4xx_i2c.o(.text)
    I2C_GetPEC                               0x0800ff13   Thumb Code     8  stm32f4xx_i2c.o(.text)
    I2C_DMACmd                               0x0800ff1b   Thumb Code    24  stm32f4xx_i2c.o(.text)
    I2C_DMALastTransferCmd                   0x0800ff33   Thumb Code    24  stm32f4xx_i2c.o(.text)
    I2C_ReadRegister                         0x0800ff4b   Thumb Code    22  stm32f4xx_i2c.o(.text)
    I2C_ITConfig                             0x0800ff61   Thumb Code    18  stm32f4xx_i2c.o(.text)
    I2C_CheckEvent                           0x0800ff73   Thumb Code    42  stm32f4xx_i2c.o(.text)
    I2C_GetLastEvent                         0x0800ff9d   Thumb Code    26  stm32f4xx_i2c.o(.text)
    I2C_GetFlagStatus                        0x0800ffb7   Thumb Code    58  stm32f4xx_i2c.o(.text)
    I2C_ClearFlag                            0x0800fff1   Thumb Code    12  stm32f4xx_i2c.o(.text)
    I2C_GetITStatus                          0x0800fffd   Thumb Code    64  stm32f4xx_i2c.o(.text)
    I2C_ClearITPendingBit                    0x0801003d   Thumb Code    12  stm32f4xx_i2c.o(.text)
    modbusMaskRead                           0x08010049   Thumb Code    66  core.o(.text)
    modbusMaskWrite                          0x0801008b   Thumb Code   100  core.o(.text)
    modbusCRC                                0x080100ef   Thumb Code    66  core.o(.text)
    modbusBuildException                     0x08010131   Thumb Code    58  slave.o(.text)
    modbusParseRequest                       0x0801016b   Thumb Code   272  slave.o(.text)
    modbusSlaveInit                          0x0801027b   Thumb Code   118  slave.o(.text)
    modbusSlaveEnd                           0x080102f1   Thumb Code    12  slave.o(.text)
    modbusParseRequest0102                   0x080102fd   Thumb Code   394  scoils.o(.text)
    modbusParseRequest05Callback_Register    0x08010487   Thumb Code     6  scoils.o(.text)
    modbusParseRequest05                     0x0801048d   Thumb Code   310  scoils.o(.text)
    modbusParseRequest15                     0x080105c3   Thumb Code   414  scoils.o(.text)
    modbusParseRequest0304                   0x08010765   Thumb Code   312  sregs.o(.text)
    modbusParseRequest06                     0x0801089d   Thumb Code   226  sregs.o(.text)
    modbusParseRequest16Callback_Register    0x0801097f   Thumb Code     6  sregs.o(.text)
    modbusParseRequest16                     0x08010985   Thumb Code   370  sregs.o(.text)
    modbusParseRequest22                     0x08010af7   Thumb Code   260  sregs.o(.text)
    __2sprintf                               0x08010c01   Thumb Code    34  noretval__2sprintf.o(.text)
    __printf                                 0x08010c29   Thumb Code   104  __printf.o(.text)
    _printf_int_dec                          0x08010c91   Thumb Code   104  _printf_dec.o(.text)
    atoi                                     0x08010d09   Thumb Code    26  atoi.o(.text)
    strlen                                   0x08010d23   Thumb Code    62  strlen.o(.text)
    strncmp                                  0x08010d61   Thumb Code   150  strncmp.o(.text)
    __aeabi_memcpy                           0x08010df7   Thumb Code     0  rt_memcpy_v6.o(.text)
    __rt_memcpy                              0x08010df7   Thumb Code   138  rt_memcpy_v6.o(.text)
    _memcpy_lastbytes                        0x08010e5d   Thumb Code     0  rt_memcpy_v6.o(.text)
    __aeabi_memcpy4                          0x08010e81   Thumb Code     0  rt_memcpy_w.o(.text)
    __aeabi_memcpy8                          0x08010e81   Thumb Code     0  rt_memcpy_w.o(.text)
    __rt_memcpy_w                            0x08010e81   Thumb Code   100  rt_memcpy_w.o(.text)
    _memcpy_lastbytes_aligned                0x08010ec9   Thumb Code     0  rt_memcpy_w.o(.text)
    __aeabi_memclr                           0x08010ee5   Thumb Code     0  rt_memclr.o(.text)
    __rt_memclr                              0x08010ee5   Thumb Code    68  rt_memclr.o(.text)
    _memset                                  0x08010ee9   Thumb Code     0  rt_memclr.o(.text)
    __aeabi_memclr4                          0x08010f29   Thumb Code     0  rt_memclr_w.o(.text)
    __aeabi_memclr8                          0x08010f29   Thumb Code     0  rt_memclr_w.o(.text)
    __rt_memclr_w                            0x08010f29   Thumb Code    78  rt_memclr_w.o(.text)
    _memset_w                                0x08010f2d   Thumb Code     0  rt_memclr_w.o(.text)
    __use_two_region_memory                  0x08010f77   Thumb Code     2  heapauxi.o(.text)
    __rt_heap_escrow$2region                 0x08010f79   Thumb Code     2  heapauxi.o(.text)
    __rt_heap_expand$2region                 0x08010f7b   Thumb Code     2  heapauxi.o(.text)
    __aeabi_errno_addr                       0x08010f7d   Thumb Code     8  rt_errno_addr_intlibspace.o(.text)
    __errno$intlibspace                      0x08010f7d   Thumb Code     0  rt_errno_addr_intlibspace.o(.text)
    __rt_errno_addr$intlibspace              0x08010f7d   Thumb Code     0  rt_errno_addr_intlibspace.o(.text)
    __read_errno                             0x08010f85   Thumb Code    10  _rserrno.o(.text)
    __set_errno                              0x08010f8f   Thumb Code    12  _rserrno.o(.text)
    _printf_int_common                       0x08010f9b   Thumb Code   178  _printf_intcommon.o(.text)
    _printf_char_common                      0x08011057   Thumb Code    32  _printf_char_common.o(.text)
    _sputc                                   0x0801107d   Thumb Code    10  _sputc.o(.text)
    strtol                                   0x08011087   Thumb Code   112  strtol.o(.text)
    __user_libspace                          0x080110f9   Thumb Code     8  libspace.o(.text)
    __user_perproc_libspace                  0x080110f9   Thumb Code     0  libspace.o(.text)
    __user_perthread_libspace                0x080110f9   Thumb Code     0  libspace.o(.text)
    __rt_ctype_table                         0x08011101   Thumb Code    16  rt_ctype_table.o(.text)
    _strtoul                                 0x08011111   Thumb Code   158  _strtoul.o(.text)
    __user_setup_stackheap                   0x080111af   Thumb Code    74  sys_stackheap_outer.o(.text)
    __rt_locale                              0x080111f9   Thumb Code     8  rt_locale_intlibspace.o(.text)
    _chval                                   0x08011201   Thumb Code    28  _chval.o(.text)
    exit                                     0x0801121d   Thumb Code    18  exit.o(.text)
    strcmp                                   0x08011231   Thumb Code   128  strcmpv7m.o(.text)
    _sys_exit                                0x080112b1   Thumb Code     8  sys_exit.o(.text)
    __I$use$semihosting                      0x080112bd   Thumb Code     0  use_no_semi.o(.text)
    __use_no_semihosting_swi                 0x080112bd   Thumb Code     2  use_no_semi.o(.text)
    __ARM_fpclassify                         0x080112bf   Thumb Code    48  fpclassify.o(i.__ARM_fpclassify)
    __semihosting_library_function           0x080112bf   Thumb Code     0  indicate_semi.o(.text)
    __ARM_fpclassifyf                        0x080112ef   Thumb Code    38  fpclassifyf.o(i.__ARM_fpclassifyf)
    __hardfp_asinf                           0x08011315   Thumb Code   258  asinf.o(i.__hardfp_asinf)
    __hardfp_atanf                           0x08011441   Thumb Code   296  atanf.o(i.__hardfp_atanf)
    __hardfp_cos                             0x080115a1   Thumb Code   180  cos.o(i.__hardfp_cos)
    __hardfp_cosf                            0x08011669   Thumb Code   280  cosf.o(i.__hardfp_cosf)
    __hardfp_sin                             0x080117b9   Thumb Code   180  sin.o(i.__hardfp_sin)
    __hardfp_sinf                            0x08011881   Thumb Code   344  sinf.o(i.__hardfp_sinf)
    __hardfp_sqrt                            0x08011a11   Thumb Code   122  sqrt.o(i.__hardfp_sqrt)
    __hardfp_sqrtf                           0x08011a8b   Thumb Code    58  sqrtf.o(i.__hardfp_sqrtf)
    __hardfp_tan                             0x08011ac9   Thumb Code   108  tan.o(i.__hardfp_tan)
    __ieee754_rem_pio2                       0x08011b49   Thumb Code   938  rred.o(i.__ieee754_rem_pio2)
    __kernel_cos                             0x08011f81   Thumb Code   322  cos_i.o(i.__kernel_cos)
    __kernel_poly                            0x080120f1   Thumb Code   248  poly.o(i.__kernel_poly)
    __kernel_sin                             0x080121e9   Thumb Code   280  sin_i.o(i.__kernel_sin)
    __kernel_tan                             0x08012319   Thumb Code   764  tan_i.o(i.__kernel_tan)
    __mathlib_dbl_infnan                     0x08012669   Thumb Code    20  dunder.o(i.__mathlib_dbl_infnan)
    __mathlib_dbl_invalid                    0x08012681   Thumb Code    24  dunder.o(i.__mathlib_dbl_invalid)
    __mathlib_dbl_underflow                  0x080126a1   Thumb Code    24  dunder.o(i.__mathlib_dbl_underflow)
    __mathlib_flt_infnan                     0x080126c1   Thumb Code     6  funder.o(i.__mathlib_flt_infnan)
    __mathlib_flt_invalid                    0x080126c9   Thumb Code    10  funder.o(i.__mathlib_flt_invalid)
    __mathlib_flt_underflow                  0x080126d9   Thumb Code    10  funder.o(i.__mathlib_flt_underflow)
    __mathlib_rredf2                         0x080126e9   Thumb Code   316  rredf.o(i.__mathlib_rredf2)
    fabs                                     0x0801283d   Thumb Code    24  fabs.o(i.fabs)
    sqrtf                                    0x08012855   Thumb Code    62  sqrtf.o(i.sqrtf)
    _get_lc_ctype                            0x08012895   Thumb Code    44  lc_ctype_c.o(locale$$code)
    __aeabi_dneg                             0x080128c1   Thumb Code     0  basic.o(x$fpl$basic)
    _dneg                                    0x080128c1   Thumb Code     6  basic.o(x$fpl$basic)
    __aeabi_fneg                             0x080128c7   Thumb Code     0  basic.o(x$fpl$basic)
    _fneg                                    0x080128c7   Thumb Code     6  basic.o(x$fpl$basic)
    _dabs                                    0x080128cd   Thumb Code     6  basic.o(x$fpl$basic)
    _fabs                                    0x080128d3   Thumb Code     6  basic.o(x$fpl$basic)
    __aeabi_d2f                              0x080128d9   Thumb Code     0  d2f.o(x$fpl$d2f)
    _d2f                                     0x080128d9   Thumb Code    98  d2f.o(x$fpl$d2f)
    __aeabi_dadd                             0x0801293d   Thumb Code     0  daddsub_clz.o(x$fpl$dadd)
    _dadd                                    0x0801293d   Thumb Code   332  daddsub_clz.o(x$fpl$dadd)
    __fpl_dcmp_Inf                           0x08012a8d   Thumb Code    24  dcmpi.o(x$fpl$dcmpinf)
    __aeabi_ddiv                             0x08012aa5   Thumb Code     0  ddiv.o(x$fpl$ddiv)
    _ddiv                                    0x08012aa5   Thumb Code   552  ddiv.o(x$fpl$ddiv)
    __aeabi_d2iz                             0x08012d55   Thumb Code     0  dfix.o(x$fpl$dfix)
    _dfix                                    0x08012d55   Thumb Code    94  dfix.o(x$fpl$dfix)
    __aeabi_i2d                              0x08012db3   Thumb Code     0  dflt_clz.o(x$fpl$dflt)
    _dflt                                    0x08012db3   Thumb Code    46  dflt_clz.o(x$fpl$dflt)
    __aeabi_ui2d                             0x08012de1   Thumb Code     0  dflt_clz.o(x$fpl$dfltu)
    _dfltu                                   0x08012de1   Thumb Code    38  dflt_clz.o(x$fpl$dfltu)
    __aeabi_cdcmple                          0x08012e09   Thumb Code     0  dleqf.o(x$fpl$dleqf)
    _dcmple                                  0x08012e09   Thumb Code   120  dleqf.o(x$fpl$dleqf)
    __fpl_dcmple_InfNaN                      0x08012e6b   Thumb Code     0  dleqf.o(x$fpl$dleqf)
    __aeabi_dmul                             0x08012e81   Thumb Code     0  dmul.o(x$fpl$dmul)
    _dmul                                    0x08012e81   Thumb Code   332  dmul.o(x$fpl$dmul)
    __fpl_dnaninf                            0x08012fd5   Thumb Code   156  dnaninf.o(x$fpl$dnaninf)
    __fpl_dretinf                            0x08013071   Thumb Code    12  dretinf.o(x$fpl$dretinf)
    __aeabi_cdrcmple                         0x0801307d   Thumb Code     0  drleqf.o(x$fpl$drleqf)
    _drcmple                                 0x0801307d   Thumb Code   108  drleqf.o(x$fpl$drleqf)
    __aeabi_drsub                            0x080130e9   Thumb Code     0  daddsub_clz.o(x$fpl$drsb)
    _drsb                                    0x080130e9   Thumb Code    22  daddsub_clz.o(x$fpl$drsb)
    _dsqrt                                   0x08013101   Thumb Code   404  dsqrt_umaal.o(x$fpl$dsqrt)
    __aeabi_dsub                             0x08013299   Thumb Code     0  daddsub_clz.o(x$fpl$dsub)
    _dsub                                    0x08013299   Thumb Code   464  daddsub_clz.o(x$fpl$dsub)
    __aeabi_f2d                              0x0801346d   Thumb Code     0  f2d.o(x$fpl$f2d)
    _f2d                                     0x0801346d   Thumb Code    86  f2d.o(x$fpl$f2d)
    __fpl_fnaninf                            0x080134c3   Thumb Code   140  fnaninf.o(x$fpl$fnaninf)
    _fp_init                                 0x0801354f   Thumb Code    10  fpinit.o(x$fpl$fpinit)
    __fplib_config_fpu_vfp                   0x08013557   Thumb Code     0  fpinit.o(x$fpl$fpinit)
    __fplib_config_pureend_doubles           0x08013557   Thumb Code     0  fpinit.o(x$fpl$fpinit)
    __fpl_fretinf                            0x08013559   Thumb Code    10  fretinf.o(x$fpl$fretinf)
    __I$use$fp                               0x08013562   Number         0  usenofp.o(x$fpl$usenofp)
    Region$$Table$$Base                      0x0801380c   Number         0  anon$$obj.o(Region$$Table)
    Region$$Table$$Limit                     0x0801382c   Number         0  anon$$obj.o(Region$$Table)
    __ctype                                  0x08013839   Data           0  lc_ctype_c.o(locale$$data)
    e_current_system_state                   0x20000000   Data           1  control.o(.data)
    e_current_run_mode                       0x20000001   Data           1  control.o(.data)
    e_current_home_mode                      0x20000002   Data           1  control.o(.data)
    e_current_test_mode                      0x20000003   Data           1  control.o(.data)
    e_current_jog_mode                       0x20000004   Data           1  control.o(.data)
    e_current_servo_state                    0x20000005   Data           1  control.o(.data)
    e_current_control_mode                   0x20000006   Data           1  control.o(.data)
    e_current_teach_mode                     0x20000007   Data           1  control.o(.data)
    e_current_circle_mode                    0x20000008   Data           1  control.o(.data)
    e_current_square_mode                    0x20000009   Data           1  control.o(.data)
    e_current_eclipse_mode                   0x2000000a   Data           1  control.o(.data)
    pl_coords_buffer_teach_index             0x2000000c   Data           4  control.o(.data)
    pl_coords_buffer_teach_index_max         0x20000010   Data           4  control.o(.data)
    pl_coords_buffer_teach_current_index     0x20000014   Data           4  control.o(.data)
    pl_coords_buffer_present_teach_index     0x20000018   Data           4  control.o(.data)
    pl_coords_buffer_follow_index            0x2000001c   Data           4  control.o(.data)
    b_is_teach_run_lap                       0x20000020   Data           1  control.o(.data)
    b_is_new_pl_coords_data                  0x20000021   Data           1  control.o(.data)
    T_Circle_Speed                           0x20000024   Data           4  control.o(.data)
    T_Eclipse_Speed                          0x20000028   Data           4  control.o(.data)
    T_Square_Speed                           0x2000002c   Data           4  control.o(.data)
    Circle_index                             0x20000030   Data           4  control.o(.data)
    Eclipse_index                            0x20000034   Data           4  control.o(.data)
    Square_index                             0x20000038   Data           4  control.o(.data)
    Circle_Test_Radius                       0x2000003c   Data           4  control.o(.data)
    Eclipse_Test_A_Radius                    0x20000040   Data           4  control.o(.data)
    Eclipse_Test_B_Radius                    0x20000044   Data           4  control.o(.data)
    Square_Test_X_From                       0x20000048   Data           4  control.o(.data)
    Square_Test_Y_From                       0x2000004c   Data           4  control.o(.data)
    Square_Test_X_To                         0x20000050   Data           4  control.o(.data)
    Square_Test_Y_To                         0x20000054   Data           4  control.o(.data)
    first_circle_test_move                   0x20000058   Data           1  control.o(.data)
    first_square_test_move                   0x20000059   Data           1  control.o(.data)
    first_eclipse_test_move                  0x2000005a   Data           1  control.o(.data)
    first_one_test_move                      0x2000005b   Data           1  control.o(.data)
    bt_back_teach_press                      0x2000005c   Data           1  control.o(.data)
    bt_teach_press                           0x2000005d   Data           1  control.o(.data)
    bt_next_teach_press                      0x2000005e   Data           1  control.o(.data)
    bt_home_teach_press                      0x2000005f   Data           1  control.o(.data)
    bt_stop_teach_press                      0x20000060   Data           1  control.o(.data)
    home_mode_speed                          0x20000064   Data           4  control.o(.data)
    jog_mode_speed                           0x20000068   Data           4  control.o(.data)
    test_mode_speed                          0x2000006c   Data           4  control.o(.data)
    teach_mode_speed                         0x20000070   Data           4  control.o(.data)
    follow_mode_speed                        0x20000074   Data           4  control.o(.data)
    sec                                      0x20000078   Data           1  hmi_handler.o(.data)
    theta_platform                           0x20000084   Data           4  calculator.o(.data)
    theta_servo_1                            0x20000088   Data           4  calculator.o(.data)
    theta_servo_2                            0x2000008c   Data           4  calculator.o(.data)
    theta_servo_3                            0x20000090   Data           4  calculator.o(.data)
    theta_servo_4                            0x20000094   Data           4  calculator.o(.data)
    theta_servo_5                            0x20000098   Data           4  calculator.o(.data)
    theta_servo_6                            0x2000009c   Data           4  calculator.o(.data)
    theta_base                               0x200000a0   Data           4  calculator.o(.data)
    platform_radius                          0x200000a4   Data           4  calculator.o(.data)
    base_radius                              0x200000a8   Data           4  calculator.o(.data)
    length_servo                             0x200000ac   Data           4  calculator.o(.data)
    length_connecting_arm                    0x200000b0   Data           4  calculator.o(.data)
    z_home                                   0x200000b4   Data           4  calculator.o(.data)
    theta_base_radian                        0x200000b8   Data           4  calculator.o(.data)
    theta_platform_radian                    0x200000bc   Data           4  calculator.o(.data)
    theta_servo_1_radian                     0x200000c0   Data           4  calculator.o(.data)
    theta_servo_2_radian                     0x200000c4   Data           4  calculator.o(.data)
    theta_servo_3_radian                     0x200000c8   Data           4  calculator.o(.data)
    theta_servo_4_radian                     0x200000cc   Data           4  calculator.o(.data)
    theta_servo_5_radian                     0x200000d0   Data           4  calculator.o(.data)
    theta_servo_6_radian                     0x200000d4   Data           4  calculator.o(.data)
    base_rotation_x_1                        0x200000d8   Data           4  calculator.o(.data)
    base_rotation_x_2                        0x200000dc   Data           4  calculator.o(.data)
    base_rotation_x_3                        0x200000e0   Data           4  calculator.o(.data)
    base_rotation_x_4                        0x200000e4   Data           4  calculator.o(.data)
    base_rotation_x_5                        0x200000e8   Data           4  calculator.o(.data)
    base_rotation_x_6                        0x200000ec   Data           4  calculator.o(.data)
    base_rotation_y_1                        0x200000f0   Data           4  calculator.o(.data)
    base_rotation_y_2                        0x200000f4   Data           4  calculator.o(.data)
    base_rotation_y_3                        0x200000f8   Data           4  calculator.o(.data)
    base_rotation_y_4                        0x200000fc   Data           4  calculator.o(.data)
    base_rotation_y_5                        0x20000100   Data           4  calculator.o(.data)
    base_rotation_y_6                        0x20000104   Data           4  calculator.o(.data)
    base_rotation_z_1                        0x20000108   Data           4  calculator.o(.data)
    base_rotation_z_2                        0x2000010c   Data           4  calculator.o(.data)
    base_rotation_z_3                        0x20000110   Data           4  calculator.o(.data)
    base_rotation_z_4                        0x20000114   Data           4  calculator.o(.data)
    base_rotation_z_5                        0x20000118   Data           4  calculator.o(.data)
    base_rotation_z_6                        0x2000011c   Data           4  calculator.o(.data)
    p_x_1                                    0x20000120   Data           4  calculator.o(.data)
    p_x_2                                    0x20000124   Data           4  calculator.o(.data)
    p_x_3                                    0x20000128   Data           4  calculator.o(.data)
    p_x_4                                    0x2000012c   Data           4  calculator.o(.data)
    p_x_5                                    0x20000130   Data           4  calculator.o(.data)
    p_x_6                                    0x20000134   Data           4  calculator.o(.data)
    p_y_1                                    0x20000138   Data           4  calculator.o(.data)
    p_y_2                                    0x2000013c   Data           4  calculator.o(.data)
    p_y_3                                    0x20000140   Data           4  calculator.o(.data)
    p_y_4                                    0x20000144   Data           4  calculator.o(.data)
    p_y_5                                    0x20000148   Data           4  calculator.o(.data)
    p_y_6                                    0x2000014c   Data           4  calculator.o(.data)
    len                                      0x20000150   Data           4  uart.o(.data)
    temp                                     0x20000154   Data           4  uart.o(.data)
    b_update_platform_pos_enable             0x20000158   Data           1  uart.o(.data)
    b_update_servo_pos_enable                0x20000159   Data           1  uart.o(.data)
    st_cmd_handler                           0x2000015c   Data         324  uart.o(.data)
    e_current_cmd                            0x200002ac   Data           1  uart.o(.data)
    e_current_axis                           0x200002ad   Data           1  uart.o(.data)
    b_is_new_data_model                      0x200002c4   Data           1  main.o(.data)
    cnt                                      0x200002c8   Data           4  main.o(.data)
    send_index                               0x200002cc   Data           4  main.o(.data)
    tick_count                               0x200002d0   Data           4  system_timetick.o(.data)
    tick_flag                                0x200002d4   Data           2  system_timetick.o(.data)
    SystemCoreClock                          0x200002d8   Data           4  system_stm32f4xx.o(.data)
    AHBPrescTable                            0x200002dc   Data          16  system_stm32f4xx.o(.data)
    b_is_button_press                        0x200002ec   Data           1  gpio.o(.data)
    ui_led_time_count                        0x200002f0   Data           4  led.o(.data)
    b_first_cycle                            0x200002f4   Data           1  path_planning.o(.data)
    b_first_cycle_one_axis_trajectory        0x200002f5   Data           1  path_planning.o(.data)
    b_first_cycle_two_axis_trajectory        0x200002f6   Data           1  path_planning.o(.data)
    f_dimension_first                        0x200002f8   Data           4  path_planning.o(.data)
    f_dimension_second                       0x200002fc   Data           4  path_planning.o(.data)
    f_half_perimeter                         0x20000300   Data           4  path_planning.o(.data)
    i_edge                                   0x20000304   Data           4  path_planning.o(.data)
    ui32_t_offset                            0x20000308   Data           4  path_planning.o(.data)
    f_time_run_first                         0x2000030c   Data           4  path_planning.o(.data)
    f_time_run_second                        0x20000310   Data           4  path_planning.o(.data)
    f_travel_one_axis                        0x20000314   Data           4  path_planning.o(.data)
    f_travel_two_axis_first                  0x20000318   Data           4  path_planning.o(.data)
    f_travel_two_axis_second                 0x2000031c   Data           4  path_planning.o(.data)
    CODE_VESION_ARRAY                        0x20000320   Data           4  params.o(.data)
    modbusParseRequest05Callback             0x20000334   Data           4  scoils.o(.data)
    modbusParseRequest16Callback             0x20000338   Data           4  sregs.o(.data)
    st_servo_data                            0x2000033c   Data        1296  control.o(.bss)
    st_pl_coords_data                        0x2000084c   Data         192  control.o(.bss)
    st_servo_run_data                        0x2000090c   Data          44  control.o(.bss)
    servo_pulse                              0x20000938   Data          24  control.o(.bss)
    pl_coords_buffer_teach                   0x20000950   Data        2400  control.o(.bss)
    pl_coords_buffer_follow                  0x200012b0   Data         120  control.o(.bss)
    hmi_txbuff                               0x20001328   Data         512  hmi_handler.o(.bss)
    sstatus                                  0x20001528   Data         564  hmi_handler.o(.bss)
    inputDiscretes                           0x2000175c   Data          10  hmi_handler.o(.bss)
    coils                                    0x20001766   Data          11  hmi_handler.o(.bss)
    regs                                     0x20001772   Data         344  hmi_handler.o(.bss)
    inputRegs                                0x200018ca   Data          80  hmi_handler.o(.bss)
    ui8_pc_rx_buff                           0x2000191a   Data         512  uart.o(.bss)
    ui8_dma_rx_buff                          0x20001b1a   Data         512  uart.o(.bss)
    ui8_dma_tx_buff                          0x20001d1a   Data         512  uart.o(.bss)
    frame                                    0x20001f1a   Data         512  uart.o(.bss)
    __libspace_start                         0x200021e0   Data          96  libspace.o(.bss)
    __temporary_stack_top$libspace           0x20002240   Data           0  libspace.o(.bss)



==============================================================================

Memory Map of the image

  Image Entry point : 0x08000189

  Load Region LR_IROM1 (Base: 0x08000000, Size: 0x00013c78, Max: 0x00080000, ABSOLUTE, COMPRESSED[0x00013a38])

    Execution Region ER_IROM1 (Exec base: 0x08000000, Load base: 0x08000000, Size: 0x0001393c, Max: 0x00080000, ABSOLUTE)

    Exec Addr    Load Addr    Size         Type   Attr      Idx    E Section Name        Object

    0x08000000   0x08000000   0x00000188   Data   RO          459    RESET               startup_stm32f4xx.o
    0x08000188   0x08000188   0x00000008   Code   RO         1331  * !!!main             c_w.l(__main.o)
    0x08000190   0x08000190   0x00000034   Code   RO         1811    !!!scatter          c_w.l(__scatter.o)
    0x080001c4   0x080001c4   0x0000005a   Code   RO         1809    !!dczerorl2         c_w.l(__dczerorl2.o)
    0x0800021e   0x0800021e   0x00000002   PAD
    0x08000220   0x08000220   0x0000001c   Code   RO         1813    !!handler_zi        c_w.l(__scatter_zi.o)
    0x0800023c   0x0800023c   0x00000000   Code   RO         1314    .ARM.Collect$$_printf_percent$$00000000  c_w.l(_printf_percent.o)
    0x0800023c   0x0800023c   0x00000006   Code   RO         1313    .ARM.Collect$$_printf_percent$$00000009  c_w.l(_printf_d.o)
    0x08000242   0x08000242   0x00000004   Code   RO         1537    .ARM.Collect$$_printf_percent$$00000017  c_w.l(_printf_percent_end.o)
    0x08000246   0x08000246   0x00000002   Code   RO         1676    .ARM.Collect$$libinit$$00000000  c_w.l(libinit.o)
    0x08000248   0x08000248   0x00000004   Code   RO         1683    .ARM.Collect$$libinit$$00000001  c_w.l(libinit2.o)
    0x0800024c   0x0800024c   0x00000000   Code   RO         1686    .ARM.Collect$$libinit$$00000004  c_w.l(libinit2.o)
    0x0800024c   0x0800024c   0x00000000   Code   RO         1689    .ARM.Collect$$libinit$$0000000A  c_w.l(libinit2.o)
    0x0800024c   0x0800024c   0x00000000   Code   RO         1691    .ARM.Collect$$libinit$$0000000C  c_w.l(libinit2.o)
    0x0800024c   0x0800024c   0x00000000   Code   RO         1693    .ARM.Collect$$libinit$$0000000E  c_w.l(libinit2.o)
    0x0800024c   0x0800024c   0x00000006   Code   RO         1694    .ARM.Collect$$libinit$$0000000F  c_w.l(libinit2.o)
    0x08000252   0x08000252   0x00000000   Code   RO         1696    .ARM.Collect$$libinit$$00000011  c_w.l(libinit2.o)
    0x08000252   0x08000252   0x0000000c   Code   RO         1697    .ARM.Collect$$libinit$$00000012  c_w.l(libinit2.o)
    0x0800025e   0x0800025e   0x00000000   Code   RO         1698    .ARM.Collect$$libinit$$00000013  c_w.l(libinit2.o)
    0x0800025e   0x0800025e   0x00000000   Code   RO         1700    .ARM.Collect$$libinit$$00000015  c_w.l(libinit2.o)
    0x0800025e   0x0800025e   0x00000000   Code   RO         1702    .ARM.Collect$$libinit$$00000017  c_w.l(libinit2.o)
    0x0800025e   0x0800025e   0x00000000   Code   RO         1704    .ARM.Collect$$libinit$$00000019  c_w.l(libinit2.o)
    0x0800025e   0x0800025e   0x00000000   Code   RO         1706    .ARM.Collect$$libinit$$0000001B  c_w.l(libinit2.o)
    0x0800025e   0x0800025e   0x00000000   Code   RO         1708    .ARM.Collect$$libinit$$0000001D  c_w.l(libinit2.o)
    0x0800025e   0x0800025e   0x00000000   Code   RO         1710    .ARM.Collect$$libinit$$0000001F  c_w.l(libinit2.o)
    0x0800025e   0x0800025e   0x00000000   Code   RO         1712    .ARM.Collect$$libinit$$00000021  c_w.l(libinit2.o)
    0x0800025e   0x0800025e   0x00000000   Code   RO         1714    .ARM.Collect$$libinit$$00000023  c_w.l(libinit2.o)
    0x0800025e   0x0800025e   0x00000000   Code   RO         1716    .ARM.Collect$$libinit$$00000025  c_w.l(libinit2.o)
    0x0800025e   0x0800025e   0x00000000   Code   RO         1720    .ARM.Collect$$libinit$$0000002C  c_w.l(libinit2.o)
    0x0800025e   0x0800025e   0x00000000   Code   RO         1722    .ARM.Collect$$libinit$$0000002E  c_w.l(libinit2.o)
    0x0800025e   0x0800025e   0x00000000   Code   RO         1724    .ARM.Collect$$libinit$$00000030  c_w.l(libinit2.o)
    0x0800025e   0x0800025e   0x00000000   Code   RO         1726    .ARM.Collect$$libinit$$00000032  c_w.l(libinit2.o)
    0x0800025e   0x0800025e   0x00000002   Code   RO         1727    .ARM.Collect$$libinit$$00000033  c_w.l(libinit2.o)
    0x08000260   0x08000260   0x00000002   Code   RO         1749    .ARM.Collect$$libshutdown$$00000000  c_w.l(libshutdown.o)
    0x08000262   0x08000262   0x00000000   Code   RO         1762    .ARM.Collect$$libshutdown$$00000002  c_w.l(libshutdown2.o)
    0x08000262   0x08000262   0x00000000   Code   RO         1764    .ARM.Collect$$libshutdown$$00000004  c_w.l(libshutdown2.o)
    0x08000262   0x08000262   0x00000000   Code   RO         1767    .ARM.Collect$$libshutdown$$00000007  c_w.l(libshutdown2.o)
    0x08000262   0x08000262   0x00000000   Code   RO         1770    .ARM.Collect$$libshutdown$$0000000A  c_w.l(libshutdown2.o)
    0x08000262   0x08000262   0x00000000   Code   RO         1772    .ARM.Collect$$libshutdown$$0000000C  c_w.l(libshutdown2.o)
    0x08000262   0x08000262   0x00000000   Code   RO         1775    .ARM.Collect$$libshutdown$$0000000F  c_w.l(libshutdown2.o)
    0x08000262   0x08000262   0x00000002   Code   RO         1776    .ARM.Collect$$libshutdown$$00000010  c_w.l(libshutdown2.o)
    0x08000264   0x08000264   0x00000000   Code   RO         1523    .ARM.Collect$$rtentry$$00000000  c_w.l(__rtentry.o)
    0x08000264   0x08000264   0x00000000   Code   RO         1631    .ARM.Collect$$rtentry$$00000002  c_w.l(__rtentry2.o)
    0x08000264   0x08000264   0x00000006   Code   RO         1643    .ARM.Collect$$rtentry$$00000004  c_w.l(__rtentry4.o)
    0x0800026a   0x0800026a   0x00000000   Code   RO         1633    .ARM.Collect$$rtentry$$00000009  c_w.l(__rtentry2.o)
    0x0800026a   0x0800026a   0x00000004   Code   RO         1634    .ARM.Collect$$rtentry$$0000000A  c_w.l(__rtentry2.o)
    0x0800026e   0x0800026e   0x00000000   Code   RO         1636    .ARM.Collect$$rtentry$$0000000C  c_w.l(__rtentry2.o)
    0x0800026e   0x0800026e   0x00000008   Code   RO         1637    .ARM.Collect$$rtentry$$0000000D  c_w.l(__rtentry2.o)
    0x08000276   0x08000276   0x00000002   Code   RO         1679    .ARM.Collect$$rtexit$$00000000  c_w.l(rtexit.o)
    0x08000278   0x08000278   0x00000000   Code   RO         1731    .ARM.Collect$$rtexit$$00000002  c_w.l(rtexit2.o)
    0x08000278   0x08000278   0x00000004   Code   RO         1732    .ARM.Collect$$rtexit$$00000003  c_w.l(rtexit2.o)
    0x0800027c   0x0800027c   0x00000006   Code   RO         1733    .ARM.Collect$$rtexit$$00000004  c_w.l(rtexit2.o)
    0x08000282   0x08000282   0x00000002   PAD
    0x08000284   0x08000284   0x00004606   Code   RO            4    .text               control.o
    0x0800488a   0x0800488a   0x00000002   PAD
    0x0800488c   0x0800488c   0x00002e54   Code   RO          200    .text               hmi_handler.o
    0x080076e0   0x080076e0   0x00001c00   Code   RO          256    .text               calculator.o
    0x080092e0   0x080092e0   0x00000cc8   Code   RO          278    .text               utils.o
    0x08009fa8   0x08009fa8   0x00001290   Code   RO          302    .text               uart.o
    0x0800b238   0x0800b238   0x00000304   Code   RO          350    .text               main.o
    0x0800b53c   0x0800b53c   0x0000005c   Code   RO          430    .text               system_timetick.o
    0x0800b598   0x0800b598   0x00000050   Code   RO          460    .text               startup_stm32f4xx.o
    0x0800b5e8   0x0800b5e8   0x00000210   Code   RO          467    .text               system_stm32f4xx.o
    0x0800b7f8   0x0800b7f8   0x0000055c   Code   RO          497    .text               fsmc.o
    0x0800bd54   0x0800bd54   0x00000664   Code   RO          524    .text               gpio.o
    0x0800c3b8   0x0800c3b8   0x00000240   Code   RO          555    .text               led.o
    0x0800c5f8   0x0800c5f8   0x000017b4   Code   RO          616    .text               path_planning.o
    0x0800ddac   0x0800ddac   0x00000384   Code   RO          635    .text               eeprom.o
    0x0800e130   0x0800e130   0x000002b8   Code   RO          656    .text               params.o
    0x0800e3e8   0x0800e3e8   0x000000e0   Code   RO          675    .text               misc.o
    0x0800e4c8   0x0800e4c8   0x000003a8   Code   RO          725    .text               stm32f4xx_dma.o
    0x0800e870   0x0800e870   0x0000025c   Code   RO          749    .text               stm32f4xx_gpio.o
    0x0800eacc   0x0800eacc   0x00000588   Code   RO          773    .text               stm32f4xx_rcc.o
    0x0800f054   0x0800f054   0x0000041a   Code   RO          847    .text               stm32f4xx_usart.o
    0x0800f46e   0x0800f46e   0x00000002   PAD
    0x0800f470   0x0800f470   0x0000011c   Code   RO          871    .text               stm32f4xx_exti.o
    0x0800f58c   0x0800f58c   0x0000008c   Code   RO          895    .text               stm32f4xx_syscfg.o
    0x0800f618   0x0800f618   0x00000608   Code   RO          919    .text               stm32f4xx_fsmc.o
    0x0800fc20   0x0800fc20   0x00000428   Code   RO          991    .text               stm32f4xx_i2c.o
    0x08010048   0x08010048   0x000000e8   Code   RO         1211    .text               core.o
    0x08010130   0x08010130   0x000001cc   Code   RO         1229    .text               slave.o
    0x080102fc   0x080102fc   0x00000468   Code   RO         1247    .text               scoils.o
    0x08010764   0x08010764   0x0000049c   Code   RO         1268    .text               sregs.o
    0x08010c00   0x08010c00   0x00000028   Code   RO         1287    .text               c_w.l(noretval__2sprintf.o)
    0x08010c28   0x08010c28   0x00000068   Code   RO         1289    .text               c_w.l(__printf.o)
    0x08010c90   0x08010c90   0x00000078   Code   RO         1291    .text               c_w.l(_printf_dec.o)
    0x08010d08   0x08010d08   0x0000001a   Code   RO         1315    .text               c_w.l(atoi.o)
    0x08010d22   0x08010d22   0x0000003e   Code   RO         1317    .text               c_w.l(strlen.o)
    0x08010d60   0x08010d60   0x00000096   Code   RO         1319    .text               c_w.l(strncmp.o)
    0x08010df6   0x08010df6   0x0000008a   Code   RO         1321    .text               c_w.l(rt_memcpy_v6.o)
    0x08010e80   0x08010e80   0x00000064   Code   RO         1323    .text               c_w.l(rt_memcpy_w.o)
    0x08010ee4   0x08010ee4   0x00000044   Code   RO         1325    .text               c_w.l(rt_memclr.o)
    0x08010f28   0x08010f28   0x0000004e   Code   RO         1327    .text               c_w.l(rt_memclr_w.o)
    0x08010f76   0x08010f76   0x00000006   Code   RO         1329    .text               c_w.l(heapauxi.o)
    0x08010f7c   0x08010f7c   0x00000008   Code   RO         1527    .text               c_w.l(rt_errno_addr_intlibspace.o)
    0x08010f84   0x08010f84   0x00000016   Code   RO         1529    .text               c_w.l(_rserrno.o)
    0x08010f9a   0x08010f9a   0x000000b2   Code   RO         1531    .text               c_w.l(_printf_intcommon.o)
    0x0801104c   0x0801104c   0x00000030   Code   RO         1533    .text               c_w.l(_printf_char_common.o)
    0x0801107c   0x0801107c   0x0000000a   Code   RO         1535    .text               c_w.l(_sputc.o)
    0x08011086   0x08011086   0x00000070   Code   RO         1538    .text               c_w.l(strtol.o)
    0x080110f6   0x080110f6   0x00000002   PAD
    0x080110f8   0x080110f8   0x00000008   Code   RO         1627    .text               c_w.l(libspace.o)
    0x08011100   0x08011100   0x00000010   Code   RO         1645    .text               c_w.l(rt_ctype_table.o)
    0x08011110   0x08011110   0x0000009e   Code   RO         1649    .text               c_w.l(_strtoul.o)
    0x080111ae   0x080111ae   0x0000004a   Code   RO         1657    .text               c_w.l(sys_stackheap_outer.o)
    0x080111f8   0x080111f8   0x00000008   Code   RO         1662    .text               c_w.l(rt_locale_intlibspace.o)
    0x08011200   0x08011200   0x0000001c   Code   RO         1664    .text               c_w.l(_chval.o)
    0x0801121c   0x0801121c   0x00000012   Code   RO         1669    .text               c_w.l(exit.o)
    0x0801122e   0x0801122e   0x00000002   PAD
    0x08011230   0x08011230   0x00000080   Code   RO         1681    .text               c_w.l(strcmpv7m.o)
    0x080112b0   0x080112b0   0x0000000c   Code   RO         1741    .text               c_w.l(sys_exit.o)
    0x080112bc   0x080112bc   0x00000002   Code   RO         1752    .text               c_w.l(use_no_semi.o)
    0x080112be   0x080112be   0x00000000   Code   RO         1754    .text               c_w.l(indicate_semi.o)
    0x080112be   0x080112be   0x00000030   Code   RO         1586    i.__ARM_fpclassify  m_wm.l(fpclassify.o)
    0x080112ee   0x080112ee   0x00000026   Code   RO         1588    i.__ARM_fpclassifyf  m_wm.l(fpclassifyf.o)
    0x08011314   0x08011314   0x0000012c   Code   RO         1377    i.__hardfp_asinf    m_wm.l(asinf.o)
    0x08011440   0x08011440   0x00000160   Code   RO         1401    i.__hardfp_atanf    m_wm.l(atanf.o)
    0x080115a0   0x080115a0   0x000000c8   Code   RO         1413    i.__hardfp_cos      m_wm.l(cos.o)
    0x08011668   0x08011668   0x00000150   Code   RO         1425    i.__hardfp_cosf     m_wm.l(cosf.o)
    0x080117b8   0x080117b8   0x000000c8   Code   RO         1463    i.__hardfp_sin      m_wm.l(sin.o)
    0x08011880   0x08011880   0x00000190   Code   RO         1475    i.__hardfp_sinf     m_wm.l(sinf.o)
    0x08011a10   0x08011a10   0x0000007a   Code   RO         1487    i.__hardfp_sqrt     m_wm.l(sqrt.o)
    0x08011a8a   0x08011a8a   0x0000003a   Code   RO         1499    i.__hardfp_sqrtf    m_wm.l(sqrtf.o)
    0x08011ac4   0x08011ac4   0x00000004   PAD
    0x08011ac8   0x08011ac8   0x00000080   Code   RO         1511    i.__hardfp_tan      m_wm.l(tan.o)
    0x08011b48   0x08011b48   0x00000438   Code   RO         1607    i.__ieee754_rem_pio2  m_wm.l(rred.o)
    0x08011f80   0x08011f80   0x00000170   Code   RO         1569    i.__kernel_cos      m_wm.l(cos_i.o)
    0x080120f0   0x080120f0   0x000000f8   Code   RO         1604    i.__kernel_poly     m_wm.l(poly.o)
    0x080121e8   0x080121e8   0x00000130   Code   RO         1615    i.__kernel_sin      m_wm.l(sin_i.o)
    0x08012318   0x08012318   0x00000350   Code   RO         1621    i.__kernel_tan      m_wm.l(tan_i.o)
    0x08012668   0x08012668   0x00000014   Code   RO         1573    i.__mathlib_dbl_infnan  m_wm.l(dunder.o)
    0x0801267c   0x0801267c   0x00000004   PAD
    0x08012680   0x08012680   0x00000020   Code   RO         1575    i.__mathlib_dbl_invalid  m_wm.l(dunder.o)
    0x080126a0   0x080126a0   0x00000020   Code   RO         1578    i.__mathlib_dbl_underflow  m_wm.l(dunder.o)
    0x080126c0   0x080126c0   0x00000006   Code   RO         1591    i.__mathlib_flt_infnan  m_wm.l(funder.o)
    0x080126c6   0x080126c6   0x00000002   PAD
    0x080126c8   0x080126c8   0x00000010   Code   RO         1593    i.__mathlib_flt_invalid  m_wm.l(funder.o)
    0x080126d8   0x080126d8   0x00000010   Code   RO         1596    i.__mathlib_flt_underflow  m_wm.l(funder.o)
    0x080126e8   0x080126e8   0x00000154   Code   RO         1612    i.__mathlib_rredf2  m_wm.l(rredf.o)
    0x0801283c   0x0801283c   0x00000018   Code   RO         1439    i.fabs              m_wm.l(fabs.o)
    0x08012854   0x08012854   0x0000003e   Code   RO         1501    i.sqrtf             m_wm.l(sqrtf.o)
    0x08012892   0x08012892   0x00000002   PAD
    0x08012894   0x08012894   0x0000002c   Code   RO         1667    locale$$code        c_w.l(lc_ctype_c.o)
    0x080128c0   0x080128c0   0x00000018   Code   RO         1333    x$fpl$basic         fz_wm.l(basic.o)
    0x080128d8   0x080128d8   0x00000062   Code   RO         1335    x$fpl$d2f           fz_wm.l(d2f.o)
    0x0801293a   0x0801293a   0x00000002   PAD
    0x0801293c   0x0801293c   0x00000150   Code   RO         1337    x$fpl$dadd          fz_wm.l(daddsub_clz.o)
    0x08012a8c   0x08012a8c   0x00000018   Code   RO         1540    x$fpl$dcmpinf       fz_wm.l(dcmpi.o)
    0x08012aa4   0x08012aa4   0x000002b0   Code   RO         1344    x$fpl$ddiv          fz_wm.l(ddiv.o)
    0x08012d54   0x08012d54   0x0000005e   Code   RO         1653    x$fpl$dfix          fz_wm.l(dfix.o)
    0x08012db2   0x08012db2   0x0000002e   Code   RO         1350    x$fpl$dflt          fz_wm.l(dflt_clz.o)
    0x08012de0   0x08012de0   0x00000026   Code   RO         1349    x$fpl$dfltu         fz_wm.l(dflt_clz.o)
    0x08012e06   0x08012e06   0x00000002   PAD
    0x08012e08   0x08012e08   0x00000078   Code   RO         1355    x$fpl$dleqf         fz_wm.l(dleqf.o)
    0x08012e80   0x08012e80   0x00000154   Code   RO         1357    x$fpl$dmul          fz_wm.l(dmul.o)
    0x08012fd4   0x08012fd4   0x0000009c   Code   RO         1542    x$fpl$dnaninf       fz_wm.l(dnaninf.o)
    0x08013070   0x08013070   0x0000000c   Code   RO         1544    x$fpl$dretinf       fz_wm.l(dretinf.o)
    0x0801307c   0x0801307c   0x0000006c   Code   RO         1359    x$fpl$drleqf        fz_wm.l(drleqf.o)
    0x080130e8   0x080130e8   0x00000016   Code   RO         1338    x$fpl$drsb          fz_wm.l(daddsub_clz.o)
    0x080130fe   0x080130fe   0x00000002   PAD
    0x08013100   0x08013100   0x00000198   Code   RO         1546    x$fpl$dsqrt         fz_wm.l(dsqrt_umaal.o)
    0x08013298   0x08013298   0x000001d4   Code   RO         1339    x$fpl$dsub          fz_wm.l(daddsub_clz.o)
    0x0801346c   0x0801346c   0x00000056   Code   RO         1361    x$fpl$f2d           fz_wm.l(f2d.o)
    0x080134c2   0x080134c2   0x0000008c   Code   RO         1548    x$fpl$fnaninf       fz_wm.l(fnaninf.o)
    0x0801354e   0x0801354e   0x0000000a   Code   RO         1739    x$fpl$fpinit        fz_wm.l(fpinit.o)
    0x08013558   0x08013558   0x0000000a   Code   RO         1550    x$fpl$fretinf       fz_wm.l(fretinf.o)
    0x08013562   0x08013562   0x00000000   Code   RO         1554    x$fpl$usenofp       fz_wm.l(usenofp.o)
    0x08013562   0x08013562   0x00000002   PAD
    0x08013564   0x08013564   0x00000018   Data   RO          499    .constdata          fsmc.o
    0x0801357c   0x0801357c   0x00000004   PAD
    0x08013580   0x08013580   0x00000030   Data   RO         1570    .constdata          m_wm.l(cos_i.o)
    0x080135b0   0x080135b0   0x000000c8   Data   RO         1609    .constdata          m_wm.l(rred.o)
    0x08013678   0x08013678   0x00000020   Data   RO         1613    .constdata          m_wm.l(rredf.o)
    0x08013698   0x08013698   0x00000028   Data   RO         1616    .constdata          m_wm.l(sin_i.o)
    0x080136c0   0x080136c0   0x00000060   Data   RO         1622    .constdata          m_wm.l(tan_i.o)
    0x08013720   0x08013720   0x000000eb   Data   RO          304    .conststring        uart.o
    0x0801380b   0x0801380b   0x00000001   PAD
    0x0801380c   0x0801380c   0x00000020   Data   RO         1807    Region$$Table       anon$$obj.o
    0x0801382c   0x0801382c   0x00000110   Data   RO         1666    locale$$data        c_w.l(lc_ctype_c.o)


    Execution Region RW_IRAM1 (Exec base: 0x20000000, Load base: 0x0801393c, Size: 0x0000c240, Max: 0x00020000, ABSOLUTE, COMPRESSED[0x000000fc])

    Exec Addr    Load Addr    Size         Type   Attr      Idx    E Section Name        Object

    0x20000000   COMPRESSED   0x00000078   Data   RW            6    .data               control.o
    0x20000078   COMPRESSED   0x0000000a   Data   RW          202    .data               hmi_handler.o
    0x20000082   COMPRESSED   0x00000002   PAD
    0x20000084   COMPRESSED   0x000000cc   Data   RW          257    .data               calculator.o
    0x20000150   COMPRESSED   0x00000171   Data   RW          305    .data               uart.o
    0x200002c1   COMPRESSED   0x00000003   PAD
    0x200002c4   COMPRESSED   0x0000000c   Data   RW          351    .data               main.o
    0x200002d0   COMPRESSED   0x00000006   Data   RW          431    .data               system_timetick.o
    0x200002d6   COMPRESSED   0x00000002   PAD
    0x200002d8   COMPRESSED   0x00000014   Data   RW          468    .data               system_stm32f4xx.o
    0x200002ec   COMPRESSED   0x00000001   Data   RW          525    .data               gpio.o
    0x200002ed   COMPRESSED   0x00000003   PAD
    0x200002f0   COMPRESSED   0x00000004   Data   RW          556    .data               led.o
    0x200002f4   COMPRESSED   0x0000002c   Data   RW          617    .data               path_planning.o
    0x20000320   COMPRESSED   0x00000004   Data   RW          657    .data               params.o
    0x20000324   COMPRESSED   0x00000010   Data   RW          774    .data               stm32f4xx_rcc.o
    0x20000334   COMPRESSED   0x00000004   Data   RW         1248    .data               scoils.o
    0x20000338   COMPRESSED   0x00000004   Data   RW         1269    .data               sregs.o
    0x2000033c        -       0x00000fec   Zero   RW            5    .bss                control.o
    0x20001328        -       0x000005f2   Zero   RW          201    .bss                hmi_handler.o
    0x2000191a        -       0x00000864   Zero   RW          303    .bss                uart.o
    0x2000217e   COMPRESSED   0x00000002   PAD
    0x20002180        -       0x00000060   Zero   RW          498    .bss                fsmc.o
    0x200021e0        -       0x00000060   Zero   RW         1628    .bss                c_w.l(libspace.o)
    0x20002240        -       0x00002000   Zero   RW          458    HEAP                startup_stm32f4xx.o
    0x20004240        -       0x00008000   Zero   RW          457    STACK               startup_stm32f4xx.o

