Component: ARM Compiler 5.06 update 6 (build 750) Tool: armlink [4d35ed]

==============================================================================

Section Cross References

    main.o(i.calculate_pulse) refers to main.o(i.inverse_kinematic) for inverse_kinematic
    main.o(i.calculate_pulse) refers to main.o(.data) for delta_x
    main.o(i.inverse_kinematic) refers to f2d.o(x$fpl$f2d) for __aeabi_f2d
    main.o(i.inverse_kinematic) refers to pow.o(i.__hardfp_pow) for __hardfp_pow
    main.o(i.inverse_kinematic) refers to daddsub_clz.o(x$fpl$dadd) for __aeabi_dadd
    main.o(i.inverse_kinematic) refers to daddsub_clz.o(x$fpl$dsub) for __aeabi_dsub
    main.o(i.inverse_kinematic) refers to ddiv.o(x$fpl$ddiv) for __aeabi_ddiv
    main.o(i.inverse_kinematic) refers to daddsub_clz.o(x$fpl$drsb) for __aeabi_drsub
    main.o(i.inverse_kinematic) refers to sqrt.o(i.__hardfp_sqrt) for __hardfp_sqrt
    main.o(i.inverse_kinematic) refers to dmul.o(x$fpl$dmul) for __aeabi_dmul
    main.o(i.inverse_kinematic) refers to atan2.o(i.__hardfp_atan2) for __hardfp_atan2
    main.o(i.inverse_kinematic) refers to d2f.o(x$fpl$d2f) for __aeabi_d2f
    main.o(i.inverse_kinematic) refers to main.o(.data) for a1
    main.o(i.inverse_kinematic) refers to main.o(.bss) for delta_theta
    main.o(i.main) refers to rt_memcpy_w.o(.text) for __aeabi_memcpy4
    main.o(i.main) refers to driver.o(i.delay_01ms) for delay_01ms
    main.o(i.main) refers to driver.o(i.init_main) for init_main
    main.o(i.main) refers to main.o(i.calculate_pulse) for calculate_pulse
    main.o(i.main) refers to f2d.o(x$fpl$f2d) for __aeabi_f2d
    main.o(i.main) refers to floor.o(i.__hardfp_floor) for __hardfp_floor
    main.o(i.main) refers to dfixu.o(x$fpl$dfixu) for __aeabi_d2uiz
    main.o(i.main) refers to driver.o(i.fsmc_write) for fsmc_write
    main.o(i.main) refers to stm32f4xx_gpio.o(i.GPIO_SetBits) for GPIO_SetBits
    main.o(i.main) refers to stm32f4xx_gpio.o(i.GPIO_ResetBits) for GPIO_ResetBits
    main.o(i.main) refers to driver.o(i.fsmc_read) for fsmc_read
    main.o(i.main) refers to main.o(.data) for Tf
    main.o(i.main) refers to main.o(.constdata) for .constdata
    main.o(i.main) refers to system_stm32f4xx.o(.data) for SystemCoreClock
    main.o(i.main) refers to system_timetick.o(.data) for tick_flag
    system_stm32f4xx.o(i.SystemCoreClockUpdate) refers to system_stm32f4xx.o(.data) for SystemCoreClock
    system_stm32f4xx.o(i.SystemInit) refers to system_stm32f4xx.o(i.SetSysClock) for SetSysClock
    system_timetick.o(i.SysTick_Handler) refers to system_timetick.o(.data) for tick_flag
    driver.o(i.ENC0_GetPos) refers to driver.o(.data) for p
    driver.o(i.PWM0_Set_Duty) refers to stm32f4xx_gpio.o(i.GPIO_SetBits) for GPIO_SetBits
    driver.o(i.PWM0_Set_Duty) refers to stm32f4xx_gpio.o(i.GPIO_ResetBits) for GPIO_ResetBits
    driver.o(i.cnc_init) refers to stm32f4xx_rcc.o(i.RCC_AHB1PeriphClockCmd) for RCC_AHB1PeriphClockCmd
    driver.o(i.cnc_init) refers to stm32f4xx_gpio.o(i.GPIO_Init) for GPIO_Init
    driver.o(i.cnc_init) refers to stm32f4xx_gpio.o(i.GPIO_ResetBits) for GPIO_ResetBits
    driver.o(i.delay_01ms) refers to stm32f4xx_rcc.o(i.RCC_APB1PeriphClockCmd) for RCC_APB1PeriphClockCmd
    driver.o(i.delay_us) refers to stm32f4xx_rcc.o(i.RCC_APB1PeriphClockCmd) for RCC_APB1PeriphClockCmd
    driver.o(i.fsmc_init) refers to stm32f4xx_rcc.o(i.RCC_AHB3PeriphClockCmd) for RCC_AHB3PeriphClockCmd
    driver.o(i.fsmc_init) refers to stm32f4xx_rcc.o(i.RCC_AHB1PeriphClockCmd) for RCC_AHB1PeriphClockCmd
    driver.o(i.fsmc_init) refers to stm32f4xx_gpio.o(i.GPIO_PinAFConfig) for GPIO_PinAFConfig
    driver.o(i.fsmc_init) refers to stm32f4xx_gpio.o(i.GPIO_Init) for GPIO_Init
    driver.o(i.init_main) refers to driver.o(i.fsmc_init) for fsmc_init
    driver.o(i.init_main) refers to driver.o(i.cnc_init) for cnc_init
    driver.o(i.init_main) refers to driver.o(i.init_uart) for init_uart
    driver.o(i.init_main) refers to driver.o(i.limitswitch_init) for limitswitch_init
    driver.o(i.init_uart) refers to stm32f4xx_rcc.o(i.RCC_AHB1PeriphClockCmd) for RCC_AHB1PeriphClockCmd
    driver.o(i.init_uart) refers to stm32f4xx_rcc.o(i.RCC_APB1PeriphClockCmd) for RCC_APB1PeriphClockCmd
    driver.o(i.init_uart) refers to stm32f4xx_gpio.o(i.GPIO_PinAFConfig) for GPIO_PinAFConfig
    driver.o(i.init_uart) refers to stm32f4xx_gpio.o(i.GPIO_Init) for GPIO_Init
    driver.o(i.init_uart) refers to stm32f4xx_usart.o(i.USART_Init) for USART_Init
    driver.o(i.init_uart) refers to stm32f4xx_usart.o(i.USART_Cmd) for USART_Cmd
    driver.o(i.init_uart) refers to stm32f4xx_usart.o(i.USART_DMACmd) for USART_DMACmd
    driver.o(i.init_uart) refers to stm32f4xx_dma.o(i.DMA_Init) for DMA_Init
    driver.o(i.init_uart) refers to driver.o(.bss) for txbuff
    driver.o(i.limitswitch_init) refers to stm32f4xx_rcc.o(i.RCC_AHB1PeriphClockCmd) for RCC_AHB1PeriphClockCmd
    driver.o(i.limitswitch_init) refers to stm32f4xx_gpio.o(i.GPIO_Init) for GPIO_Init
[...]
    Removing stm32f4xx_fsmc.o(i.FSMC_PCCARDStructInit), (60 bytes).
    Removing stm32f4xx_rcc.o(.rev16_text), (4 bytes).
    Removing stm32f4xx_rcc.o(.revsh_text), (4 bytes).
    Removing stm32f4xx_rcc.o(.rrx_text), (6 bytes).
    Removing stm32f4xx_rcc.o(i.RCC_AHB1PeriphClockLPModeCmd), (32 bytes).
    Removing stm32f4xx_rcc.o(i.RCC_AHB1PeriphResetCmd), (32 bytes).
    Removing stm32f4xx_rcc.o(i.RCC_AHB2PeriphClockCmd), (32 bytes).
    Removing stm32f4xx_rcc.o(i.RCC_AHB2PeriphClockLPModeCmd), (32 bytes).
    Removing stm32f4xx_rcc.o(i.RCC_AHB2PeriphResetCmd), (32 bytes).
    Removing stm32f4xx_rcc.o(i.RCC_AHB3PeriphClockLPModeCmd), (32 bytes).
    Removing stm32f4xx_rcc.o(i.RCC_AHB3PeriphResetCmd), (32 bytes).
    Removing stm32f4xx_rcc.o(i.RCC_APB1PeriphClockLPModeCmd), (32 bytes).
    Removing stm32f4xx_rcc.o(i.RCC_APB1PeriphResetCmd), (32 bytes).
    Removing stm32f4xx_rcc.o(i.RCC_APB2PeriphClockCmd), (32 bytes).
    Removing stm32f4xx_rcc.o(i.RCC_APB2PeriphClockLPModeCmd), (32 bytes).
    Removing stm32f4xx_rcc.o(i.RCC_APB2PeriphResetCmd), (32 bytes).
    Removing stm32f4xx_rcc.o(i.RCC_AdjustHSICalibrationValue), (24 bytes).
    Removing stm32f4xx_rcc.o(i.RCC_BackupResetCmd), (12 bytes).
    Removing stm32f4xx_rcc.o(i.RCC_ClearFlag), (20 bytes).
    Removing stm32f4xx_rcc.o(i.RCC_ClearITPendingBit), (12 bytes).
    Removing stm32f4xx_rcc.o(i.RCC_ClockSecuritySystemCmd), (12 bytes).
    Removing stm32f4xx_rcc.o(i.RCC_DeInit), (100 bytes).
    Removing stm32f4xx_rcc.o(i.RCC_GetFlagStatus), (64 bytes).
    Removing stm32f4xx_rcc.o(i.RCC_GetITStatus), (24 bytes).
    Removing stm32f4xx_rcc.o(i.RCC_GetSYSCLKSource), (16 bytes).
    Removing stm32f4xx_rcc.o(i.RCC_HCLKConfig), (24 bytes).
    Removing stm32f4xx_rcc.o(i.RCC_HSEConfig), (16 bytes).
    Removing stm32f4xx_rcc.o(i.RCC_HSICmd), (12 bytes).
    Removing stm32f4xx_rcc.o(i.RCC_I2SCLKConfig), (12 bytes).
    Removing stm32f4xx_rcc.o(i.RCC_ITConfig), (32 bytes).
    Removing stm32f4xx_rcc.o(i.RCC_LSEConfig), (44 bytes).
    Removing stm32f4xx_rcc.o(i.RCC_LSICmd), (12 bytes).
    Removing stm32f4xx_rcc.o(i.RCC_LTDCCLKDivConfig), (24 bytes).
    Removing stm32f4xx_rcc.o(i.RCC_MCO1Config), (28 bytes).
    Removing stm32f4xx_rcc.o(i.RCC_MCO2Config), (28 bytes).
    Removing stm32f4xx_rcc.o(i.RCC_PCLK1Config), (24 bytes).
    Removing stm32f4xx_rcc.o(i.RCC_PCLK2Config), (24 bytes).
    Removing stm32f4xx_rcc.o(i.RCC_PLLCmd), (12 bytes).
    Removing stm32f4xx_rcc.o(i.RCC_PLLConfig), (36 bytes).
    Removing stm32f4xx_rcc.o(i.RCC_PLLI2SCmd), (12 bytes).
    Removing stm32f4xx_rcc.o(i.RCC_PLLI2SConfig), (16 bytes).
    Removing stm32f4xx_rcc.o(i.RCC_PLLSAICmd), (12 bytes).
    Removing stm32f4xx_rcc.o(i.RCC_PLLSAIConfig), (24 bytes).
    Removing stm32f4xx_rcc.o(i.RCC_RTCCLKCmd), (12 bytes).
    Removing stm32f4xx_rcc.o(i.RCC_RTCCLKConfig), (60 bytes).
    Removing stm32f4xx_rcc.o(i.RCC_SAIBlockACLKConfig), (24 bytes).
    Removing stm32f4xx_rcc.o(i.RCC_SAIBlockBCLKConfig), (24 bytes).
    Removing stm32f4xx_rcc.o(i.RCC_SAIPLLI2SClkDivConfig), (28 bytes).
    Removing stm32f4xx_rcc.o(i.RCC_SAIPLLSAIClkDivConfig), (28 bytes).
    Removing stm32f4xx_rcc.o(i.RCC_SYSCLKConfig), (24 bytes).
    Removing stm32f4xx_rcc.o(i.RCC_TIMCLKPresConfig), (12 bytes).
    Removing stm32f4xx_rcc.o(i.RCC_WaitForHSEStartUp), (56 bytes).
    Removing stm32f4xx_usart.o(.rev16_text), (4 bytes).
    Removing stm32f4xx_usart.o(.revsh_text), (4 bytes).
    Removing stm32f4xx_usart.o(.rrx_text), (6 bytes).
    Removing stm32f4xx_usart.o(i.USART_ClearFlag), (18 bytes).
    Removing stm32f4xx_usart.o(i.USART_ClearITPendingBit), (30 bytes).
    Removing stm32f4xx_usart.o(i.USART_ClockInit), (32 bytes).
    Removing stm32f4xx_usart.o(i.USART_ClockStructInit), (12 bytes).
    Removing stm32f4xx_usart.o(i.USART_DeInit), (240 bytes).
    Removing stm32f4xx_usart.o(i.USART_GetFlagStatus), (26 bytes).
    Removing stm32f4xx_usart.o(i.USART_GetITStatus), (84 bytes).
    Removing stm32f4xx_usart.o(i.USART_HalfDuplexCmd), (24 bytes).
    Removing stm32f4xx_usart.o(i.USART_ITConfig), (74 bytes).
    Removing stm32f4xx_usart.o(i.USART_IrDACmd), (24 bytes).
    Removing stm32f4xx_usart.o(i.USART_IrDAConfig), (18 bytes).
    Removing stm32f4xx_usart.o(i.USART_LINBreakDetectLengthConfig), (18 bytes).
    Removing stm32f4xx_usart.o(i.USART_LINCmd), (24 bytes).
    Removing stm32f4xx_usart.o(i.USART_OneBitMethodCmd), (24 bytes).
    Removing stm32f4xx_usart.o(i.USART_OverSampling8Cmd), (22 bytes).
    Removing stm32f4xx_usart.o(i.USART_ReceiveData), (10 bytes).
    Removing stm32f4xx_usart.o(i.USART_ReceiverWakeUpCmd), (24 bytes).
    Removing stm32f4xx_usart.o(i.USART_SendBreak), (10 bytes).
    Removing stm32f4xx_usart.o(i.USART_SendData), (8 bytes).
    Removing stm32f4xx_usart.o(i.USART_SetAddress), (18 bytes).
    Removing stm32f4xx_usart.o(i.USART_SetGuardTime), (16 bytes).
    Removing stm32f4xx_usart.o(i.USART_SetPrescaler), (16 bytes).
    Removing stm32f4xx_usart.o(i.USART_SmartCardCmd), (24 bytes).
    Removing stm32f4xx_usart.o(i.USART_SmartCardNACKCmd), (24 bytes).
    Removing stm32f4xx_usart.o(i.USART_StructInit), (24 bytes).
    Removing stm32f4xx_usart.o(i.USART_WakeUpConfig), (18 bytes).
    Removing stm32f4xx_dma.o(.rev16_text), (4 bytes).
    Removing stm32f4xx_dma.o(.revsh_text), (4 bytes).
    Removing stm32f4xx_dma.o(.rrx_text), (6 bytes).
    Removing stm32f4xx_dma.o(i.DMA_ClearFlag), (52 bytes).
    Removing stm32f4xx_dma.o(i.DMA_ClearITPendingBit), (52 bytes).
    Removing stm32f4xx_dma.o(i.DMA_Cmd), (22 bytes).
    Removing stm32f4xx_dma.o(i.DMA_DeInit), (344 bytes).
    Removing stm32f4xx_dma.o(i.DMA_DoubleBufferModeCmd), (22 bytes).
    Removing stm32f4xx_dma.o(i.DMA_DoubleBufferModeConfig), (24 bytes).
    Removing stm32f4xx_dma.o(i.DMA_FlowControllerConfig), (22 bytes).
    Removing stm32f4xx_dma.o(i.DMA_GetCmdStatus), (20 bytes).
    Removing stm32f4xx_dma.o(i.DMA_GetCurrDataCounter), (8 bytes).
    Removing stm32f4xx_dma.o(i.DMA_GetCurrentMemoryTarget), (20 bytes).
    Removing stm32f4xx_dma.o(i.DMA_GetFIFOStatus), (12 bytes).
    Removing stm32f4xx_dma.o(i.DMA_GetFlagStatus), (68 bytes).
    Removing stm32f4xx_dma.o(i.DMA_GetITStatus), (100 bytes).
    Removing stm32f4xx_dma.o(i.DMA_ITConfig), (58 bytes).
    Removing stm32f4xx_dma.o(i.DMA_MemoryTargetConfig), (10 bytes).
    Removing stm32f4xx_dma.o(i.DMA_PeriphIncOffsetSizeConfig), (22 bytes).
    Removing stm32f4xx_dma.o(i.DMA_SetCurrDataCounter), (4 bytes).
    Removing stm32f4xx_dma.o(i.DMA_StructInit), (34 bytes).

163 unused section(s) (total 6170 bytes) removed from the image.

==============================================================================

Image Symbol Table

    Local Symbols

    Symbol Name                              Value     Ov Type        Size  Object(Section)

    ../clib/angel/boardlib.s                 0x00000000   Number         0  boardshut.o ABSOLUTE
    ../clib/angel/boardlib.s                 0x00000000   Number         0  boardinit3.o ABSOLUTE
    ../clib/angel/boardlib.s                 0x00000000   Number         0  boardinit2.o ABSOLUTE
    ../clib/angel/boardlib.s                 0x00000000   Number         0  boardinit1.o ABSOLUTE
    ../clib/angel/handlers.s                 0x00000000   Number         0  __scatter_copy.o ABSOLUTE
    ../clib/angel/handlers.s                 0x00000000   Number         0  __scatter_zi.o ABSOLUTE
    ../clib/angel/kernel.s                   0x00000000   Number         0  __rtentry2.o ABSOLUTE
    ../clib/angel/kernel.s                   0x00000000   Number         0  __rtentry.o ABSOLUTE
    ../clib/angel/kernel.s                   0x00000000   Number         0  rtexit.o ABSOLUTE
    ../clib/angel/kernel.s                   0x00000000   Number         0  rtexit2.o ABSOLUTE
    ../clib/angel/kernel.s                   0x00000000   Number         0  __rtentry4.o ABSOLUTE
    ../clib/angel/rt.s                       0x00000000   Number         0  rt_errno_addr_intlibspace.o ABSOLUTE
    ../clib/angel/rt.s                       0x00000000   Number         0  rt_raise.o ABSOLUTE
    ../clib/angel/rt.s                       0x00000000   Number         0  rt_errno_addr.o ABSOLUTE
    ../clib/angel/scatter.s                  0x00000000   Number         0  __scatter.o ABSOLUTE
    ../clib/angel/startup.s                  0x00000000   Number         0  __main.o ABSOLUTE
    ../clib/angel/sys.s                      0x00000000   Number         0  use_no_semi.o ABSOLUTE
    ../clib/angel/sys.s                      0x00000000   Number         0  sys_stackheap_outer.o ABSOLUTE
    ../clib/angel/sys.s                      0x00000000   Number         0  libspace.o ABSOLUTE
    ../clib/angel/sys.s                      0x00000000   Number         0  indicate_semi.o ABSOLUTE
    ../clib/angel/sysapp.c                   0x00000000   Number         0  sys_command.o ABSOLUTE
    ../clib/angel/sysapp.c                   0x00000000   Number         0  sys_exit.o ABSOLUTE
    ../clib/angel/sysapp.c                   0x00000000   Number         0  sys_wrch.o ABSOLUTE
    ../clib/armsys.c                         0x00000000   Number         0  argv_veneer.o ABSOLUTE
    ../clib/armsys.c                         0x00000000   Number         0  no_argv.o ABSOLUTE
    ../clib/armsys.c                         0x00000000   Number         0  _get_argv_nomalloc.o ABSOLUTE
    ../clib/armsys.c                         0x00000000   Number         0  argv_veneer.o ABSOLUTE
    ../clib/fenv.c                           0x00000000   Number         0  _rserrno.o ABSOLUTE
    ../clib/heapalloc.c                      0x00000000   Number         0  hrguard.o ABSOLUTE
    ../clib/heapaux.c                        0x00000000   Number         0  heapauxi.o ABSOLUTE
    ../clib/libinit.s                        0x00000000   Number         0  libshutdown.o ABSOLUTE
    ../clib/libinit.s                        0x00000000   Number         0  libshutdown2.o ABSOLUTE
    ../clib/libinit.s                        0x00000000   Number         0  libinit.o ABSOLUTE
    ../clib/libinit.s                        0x00000000   Number         0  libinit2.o ABSOLUTE
    ../clib/memcpset.s                       0x00000000   Number         0  rt_memcpy_w.o ABSOLUTE
    ../clib/signal.c                         0x00000000   Number         0  __raise.o ABSOLUTE
    ../clib/signal.c                         0x00000000   Number         0  defsig_rtmem_formal.o ABSOLUTE
    ../clib/signal.c                         0x00000000   Number         0  defsig_other.o ABSOLUTE
    ../clib/signal.c                         0x00000000   Number         0  defsig_segv_inner.o ABSOLUTE
    ../clib/signal.c                         0x00000000   Number         0  defsig_cppl_inner.o ABSOLUTE
    ../clib/signal.c                         0x00000000   Number         0  defsig_pvfn_inner.o ABSOLUTE
    ../clib/signal.c                         0x00000000   Number         0  defsig_fpe_inner.o ABSOLUTE
    ../clib/signal.c                         0x00000000   Number         0  defsig_rtmem_outer.o ABSOLUTE
    ../clib/signal.c                         0x00000000   Number         0  defsig_stak_inner.o ABSOLUTE
    ../clib/signal.c                         0x00000000   Number         0  defsig_rtred_inner.o ABSOLUTE
    ../clib/signal.c                         0x00000000   Number         0  defsig_general.o ABSOLUTE
    ../clib/signal.c                         0x00000000   Number         0  defsig_abrt_inner.o ABSOLUTE
    ../clib/signal.c                         0x00000000   Number         0  defsig_rtmem_inner.o ABSOLUTE
    ../clib/signal.c                         0x00000000   Number         0  defsig_exit.o ABSOLUTE
    ../clib/signal.s                         0x00000000   Number         0  defsig.o ABSOLUTE
    ../clib/stdlib.c                         0x00000000   Number         0  exit.o ABSOLUTE
    ../fplib/basic.s                         0x00000000   Number         0  basic.o ABSOLUTE
    ../fplib/d2f.s                           0x00000000   Number         0  d2f.o ABSOLUTE
    ../fplib/daddsub.s                       0x00000000   Number         0  daddsub_clz.o ABSOLUTE
    ../fplib/dcheck1.s                       0x00000000   Number         0  dcheck1.o ABSOLUTE
    ../fplib/dcmpi.s                         0x00000000   Number         0  dcmpi.o ABSOLUTE
    ../fplib/ddiv.s                          0x00000000   Number         0  ddiv.o ABSOLUTE
    ../fplib/dfixu.s                         0x00000000   Number         0  dfixu.o ABSOLUTE
    ../fplib/dflt.s                          0x00000000   Number         0  dflt_clz.o ABSOLUTE
    ../fplib/dleqf.s                         0x00000000   Number         0  dleqf.o ABSOLUTE
    ../fplib/dmul.s                          0x00000000   Number         0  dmul.o ABSOLUTE
    ../fplib/dnaninf.s                       0x00000000   Number         0  dnaninf.o ABSOLUTE
    ../fplib/dretinf.s                       0x00000000   Number         0  dretinf.o ABSOLUTE
    ../fplib/drleqf.s                        0x00000000   Number         0  drleqf.o ABSOLUTE
    ../fplib/dsqrt.s                         0x00000000   Number         0  dsqrt_umaal.o ABSOLUTE
    ../fplib/f2d.s                           0x00000000   Number         0  f2d.o ABSOLUTE
    ../fplib/fnaninf.s                       0x00000000   Number         0  fnaninf.o ABSOLUTE
    ../fplib/fpinit.s                        0x00000000   Number         0  fpinit.o ABSOLUTE
    ../fplib/fretinf.s                       0x00000000   Number         0  fretinf.o ABSOLUTE
    ../fplib/retnan.s                        0x00000000   Number         0  retnan.o ABSOLUTE
    ../fplib/scalbn.s                        0x00000000   Number         0  scalbn.o ABSOLUTE
    ../fplib/trapv.s                         0x00000000   Number         0  trapv.o ABSOLUTE
    ../fplib/usenofp.s                       0x00000000   Number         0  usenofp.o ABSOLUTE
    ../mathlib/atan.c                        0x00000000   Number         0  atan.o ABSOLUTE
    ../mathlib/atan.c                        0x00000000   Number         0  atan_x.o ABSOLUTE
    ../mathlib/atan2.c                       0x00000000   Number         0  atan2_x.o ABSOLUTE
    ../mathlib/atan2.c                       0x00000000   Number         0  atan2.o ABSOLUTE
    ../mathlib/dunder.c                      0x00000000   Number         0  dunder.o ABSOLUTE
    ../mathlib/fabs.c                        0x00000000   Number         0  fabs.o ABSOLUTE
    ../mathlib/floor.c                       0x00000000   Number         0  floor.o ABSOLUTE
    ../mathlib/fpclassify.c                  0x00000000   Number         0  fpclassify.o ABSOLUTE
    ../mathlib/poly.c                        0x00000000   Number         0  poly.o ABSOLUTE
    ../mathlib/pow.c                         0x00000000   Number         0  pow.o ABSOLUTE
    ../mathlib/pow.c                         0x00000000   Number         0  pow_x.o ABSOLUTE
    ../mathlib/qnan.c                        0x00000000   Number         0  qnan.o ABSOLUTE
    ../mathlib/sqrt.c                        0x00000000   Number         0  sqrt.o ABSOLUTE
    ../mathlib/sqrt.c                        0x00000000   Number         0  sqrt_x.o ABSOLUTE
    STM32F4xx_StdPeriph_Driver\\src\\misc.c  0x00000000   Number         0  misc.o ABSOLUTE
    STM32F4xx_StdPeriph_Driver\\src\\stm32f4xx_dma.c 0x00000000   Number         0  stm32f4xx_dma.o ABSOLUTE
    STM32F4xx_StdPeriph_Driver\\src\\stm32f4xx_fsmc.c 0x00000000   Number         0  stm32f4xx_fsmc.o ABSOLUTE
    STM32F4xx_StdPeriph_Driver\\src\\stm32f4xx_gpio.c 0x00000000   Number         0  stm32f4xx_gpio.o ABSOLUTE
    STM32F4xx_StdPeriph_Driver\\src\\stm32f4xx_rcc.c 0x00000000   Number         0  stm32f4xx_rcc.o ABSOLUTE
    STM32F4xx_StdPeriph_Driver\\src\\stm32f4xx_usart.c 0x00000000   Number         0  stm32f4xx_usart.o ABSOLUTE
    STM32F4xx_StdPeriph_Driver\src\misc.c    0x00000000   Number         0  misc.o ABSOLUTE
    STM32F4xx_StdPeriph_Driver\src\stm32f4xx_dma.c 0x00000000   Number         0  stm32f4xx_dma.o ABSOLUTE
    STM32F4xx_StdPeriph_Driver\src\stm32f4xx_fsmc.c 0x00000000   Number         0  stm32f4xx_fsmc.o ABSOLUTE
    STM32F4xx_StdPeriph_Driver\src\stm32f4xx_gpio.c 0x00000000   Number         0  stm32f4xx_gpio.o ABSOLUTE
    STM32F4xx_StdPeriph_Driver\src\stm32f4xx_rcc.c 0x00000000   Number         0  stm32f4xx_rcc.o ABSOLUTE
    STM32F4xx_StdPeriph_Driver\src\stm32f4xx_usart.c 0x00000000   Number         0  stm32f4xx_usart.o ABSOLUTE
    dc.s                                     0x00000000   Number         0  dc.o ABSOLUTE
    driver.c                                 0x00000000   Number         0  driver.o ABSOLUTE
    driver.c                                 0x00000000   Number         0  driver.o ABSOLUTE
    main.c                                   0x00000000   Number         0  main.o ABSOLUTE
    main.c                                   0x00000000   Number         0  main.o ABSOLUTE
    startup_stm32f40_41xxx.s                 0x00000000   Number         0  startup_stm32f40_41xxx.o ABSOLUTE
    system_stm32f4xx.c                       0x00000000   Number         0  system_stm32f4xx.o ABSOLUTE
    system_stm32f4xx.c                       0x00000000   Number         0  system_stm32f4xx.o ABSOLUTE
    system_timetick.c                        0x00000000   Number         0  system_timetick.o ABSOLUTE
    system_timetick.c                        0x00000000   Number         0  system_timetick.o ABSOLUTE
    RESET                                    0x08000000   Section      392  startup_stm32f40_41xxx.o(RESET)
    !!!main                                  0x08000188   Section        8  __main.o(!!!main)
    !!!scatter                               0x08000190   Section       52  __scatter.o(!!!scatter)
    !!handler_copy                           0x080001c4   Section       26  __scatter_copy.o(!!handler_copy)
    !!handler_zi                             0x080001e0   Section       28  __scatter_zi.o(!!handler_zi)
    .ARM.Collect$$libinit$$00000000          0x080001fc   Section        2  libinit.o(.ARM.Collect$$libinit$$00000000)
    .ARM.Collect$$libinit$$00000001          0x080001fe   Section        4  libinit2.o(.ARM.Collect$$libinit$$00000001)
    .ARM.Collect$$libinit$$00000004          0x08000202   Section        0  libinit2.o(.ARM.Collect$$libinit$$00000004)
    .ARM.Collect$$libinit$$0000000A          0x08000202   Section        0  libinit2.o(.ARM.Collect$$libinit$$0000000A)
    .ARM.Collect$$libinit$$0000000C          0x08000202   Section        0  libinit2.o(.ARM.Collect$$libinit$$0000000C)
    .ARM.Collect$$libinit$$0000000E          0x08000202   Section        0  libinit2.o(.ARM.Collect$$libinit$$0000000E)
    .ARM.Collect$$libinit$$00000011          0x08000202   Section        0  libinit2.o(.ARM.Collect$$libinit$$00000011)
    .ARM.Collect$$libinit$$00000013          0x08000202   Section        0  libinit2.o(.ARM.Collect$$libinit$$00000013)
    .ARM.Collect$$libinit$$00000015          0x08000202   Section        0  libinit2.o(.ARM.Collect$$libinit$$00000015)
    .ARM.Collect$$libinit$$00000017          0x08000202   Section        0  libinit2.o(.ARM.Collect$$libinit$$00000017)
    .ARM.Collect$$libinit$$00000019          0x08000202   Section        0  libinit2.o(.ARM.Collect$$libinit$$00000019)
    .ARM.Collect$$libinit$$0000001B          0x08000202   Section        0  libinit2.o(.ARM.Collect$$libinit$$0000001B)
    .ARM.Collect$$libinit$$0000001D          0x08000202   Section        0  libinit2.o(.ARM.Collect$$libinit$$0000001D)
    .ARM.Collect$$libinit$$0000001F          0x08000202   Section        0  libinit2.o(.ARM.Collect$$libinit$$0000001F)
    .ARM.Collect$$libinit$$00000021          0x08000202   Section        0  libinit2.o(.ARM.Collect$$libinit$$00000021)
    .ARM.Collect$$libinit$$00000023          0x08000202   Section        0  libinit2.o(.ARM.Collect$$libinit$$00000023)
    .ARM.Collect$$libinit$$00000025          0x08000202   Section        0  libinit2.o(.ARM.Collect$$libinit$$00000025)
    .ARM.Collect$$libinit$$0000002C          0x08000202   Section        0  libinit2.o(.ARM.Collect$$libinit$$0000002C)
    .ARM.Collect$$libinit$$0000002E          0x08000202   Section        0  libinit2.o(.ARM.Collect$$libinit$$0000002E)
    .ARM.Collect$$libinit$$00000030          0x08000202   Section        0  libinit2.o(.ARM.Collect$$libinit$$00000030)
    .ARM.Collect$$libinit$$00000032          0x08000202   Section        0  libinit2.o(.ARM.Collect$$libinit$$00000032)
    .ARM.Collect$$libinit$$00000033          0x08000202   Section        2  libinit2.o(.ARM.Collect$$libinit$$00000033)
    .ARM.Collect$$libshutdown$$00000000      0x08000204   Section        2  libshutdown.o(.ARM.Collect$$libshutdown$$00000000)
    .ARM.Collect$$libshutdown$$00000002      0x08000206   Section        0  libshutdown2.o(.ARM.Collect$$libshutdown$$00000002)
    .ARM.Collect$$libshutdown$$00000004      0x08000206   Section        0  libshutdown2.o(.ARM.Collect$$libshutdown$$00000004)
    .ARM.Collect$$libshutdown$$00000007      0x08000206   Section        0  libshutdown2.o(.ARM.Collect$$libshutdown$$00000007)
    .ARM.Collect$$libshutdown$$0000000A      0x08000206   Section        0  libshutdown2.o(.ARM.Collect$$libshutdown$$0000000A)
    .ARM.Collect$$libshutdown$$0000000C      0x08000206   Section        0  libshutdown2.o(.ARM.Collect$$libshutdown$$0000000C)
    .ARM.Collect$$libshutdown$$0000000F      0x08000206   Section        0  libshutdown2.o(.ARM.Collect$$libshutdown$$0000000F)
    .ARM.Collect$$libshutdown$$00000010      0x08000206   Section        2  libshutdown2.o(.ARM.Collect$$libshutdown$$00000010)
    .ARM.Collect$$rtentry$$00000000          0x08000208   Section        0  __rtentry.o(.ARM.Collect$$rtentry$$00000000)
    .ARM.Collect$$rtentry$$00000002          0x08000208   Section        0  __rtentry2.o(.ARM.Collect$$rtentry$$00000002)
    .ARM.Collect$$rtentry$$00000004          0x08000208   Section        6  __rtentry4.o(.ARM.Collect$$rtentry$$00000004)
    .ARM.Collect$$rtentry$$00000009          0x0800020e   Section        0  __rtentry2.o(.ARM.Collect$$rtentry$$00000009)
    .ARM.Collect$$rtentry$$0000000A          0x0800020e   Section        4  __rtentry2.o(.ARM.Collect$$rtentry$$0000000A)
    .ARM.Collect$$rtentry$$0000000C          0x08000212   Section        0  __rtentry2.o(.ARM.Collect$$rtentry$$0000000C)
    .ARM.Collect$$rtentry$$0000000D          0x08000212   Section        8  __rtentry2.o(.ARM.Collect$$rtentry$$0000000D)
    .ARM.Collect$$rtexit$$00000000           0x0800021a   Section        2  rtexit.o(.ARM.Collect$$rtexit$$00000000)
    .ARM.Collect$$rtexit$$00000002           0x0800021c   Section        0  rtexit2.o(.ARM.Collect$$rtexit$$00000002)
    .ARM.Collect$$rtexit$$00000003           0x0800021c   Section        4  rtexit2.o(.ARM.Collect$$rtexit$$00000003)
    .ARM.Collect$$rtexit$$00000004           0x08000220   Section        6  rtexit2.o(.ARM.Collect$$rtexit$$00000004)
    .text                                    0x08000228   Section       64  startup_stm32f40_41xxx.o(.text)
    $v0                                      0x08000228   Number         0  startup_stm32f40_41xxx.o(.text)
    .text                                    0x08000268   Section      100  rt_memcpy_w.o(.text)
    .text                                    0x080002cc   Section        0  heapauxi.o(.text)
    .text                                    0x080002d2   Section        0  _rserrno.o(.text)
    .text                                    0x080002e8   Section        8  rt_errno_addr_intlibspace.o(.text)
    .text                                    0x080002f0   Section        8  libspace.o(.text)
    .text                                    0x080002f8   Section       74  sys_stackheap_outer.o(.text)
    .text                                    0x08000342   Section        0  exit.o(.text)
    .text                                    0x08000354   Section        0  sys_exit.o(.text)
    .text                                    0x08000360   Section        2  use_no_semi.o(.text)
    .text                                    0x08000362   Section        0  indicate_semi.o(.text)
    i.BusFault_Handler                       0x08000362   Section        0  system_timetick.o(i.BusFault_Handler)
    i.DMA_Init                               0x08000368   Section        0  stm32f4xx_dma.o(i.DMA_Init)
    i.DebugMon_Handler                       0x080003c0   Section        0  system_timetick.o(i.DebugMon_Handler)
    i.GPIO_Init                              0x080003c2   Section        0  stm32f4xx_gpio.o(i.GPIO_Init)
    i.GPIO_PinAFConfig                       0x08000452   Section        0  stm32f4xx_gpio.o(i.GPIO_PinAFConfig)
    i.GPIO_ResetBits                         0x08000498   Section        0  stm32f4xx_gpio.o(i.GPIO_ResetBits)
    i.GPIO_SetBits                           0x0800049c   Section        0  stm32f4xx_gpio.o(i.GPIO_SetBits)
    i.HardFault_Handler                      0x080004a0   Section        0  system_timetick.o(i.HardFault_Handler)
    i.MemManage_Handler                      0x080004a4   Section        0  system_timetick.o(i.MemManage_Handler)
    i.NMI_Handler                            0x080004a8   Section        0  system_timetick.o(i.NMI_Handler)
    i.PendSV_Handler                         0x080004aa   Section        0  system_timetick.o(i.PendSV_Handler)
    i.RCC_AHB1PeriphClockCmd                 0x080004ac   Section        0  stm32f4xx_rcc.o(i.RCC_AHB1PeriphClockCmd)
    i.RCC_AHB3PeriphClockCmd                 0x080004cc   Section        0  stm32f4xx_rcc.o(i.RCC_AHB3PeriphClockCmd)
    i.RCC_APB1PeriphClockCmd                 0x080004ec   Section        0  stm32f4xx_rcc.o(i.RCC_APB1PeriphClockCmd)
    i.RCC_GetClocksFreq                      0x0800050c   Section        0  stm32f4xx_rcc.o(i.RCC_GetClocksFreq)
    i.SVC_Handler                            0x080005f4   Section        0  system_timetick.o(i.SVC_Handler)
    i.SetSysClock                            0x080005f8   Section        0  system_stm32f4xx.o(i.SetSysClock)
    SetSysClock                              0x080005f9   Thumb Code   220  system_stm32f4xx.o(i.SetSysClock)
    i.SysTick_Handler                        0x080006e4   Section        0  system_timetick.o(i.SysTick_Handler)
    i.SystemInit                             0x08000700   Section        0  system_stm32f4xx.o(i.SystemInit)
    i.USART_Cmd                              0x08000768   Section        0  stm32f4xx_usart.o(i.USART_Cmd)
    i.USART_DMACmd                           0x08000780   Section        0  stm32f4xx_usart.o(i.USART_DMACmd)
    i.USART_Init                             0x08000794   Section        0  stm32f4xx_usart.o(i.USART_Init)
    i.UsageFault_Handler                     0x08000868   Section        0  system_timetick.o(i.UsageFault_Handler)
    i.__ARM_fpclassify                       0x0800086c   Section        0  fpclassify.o(i.__ARM_fpclassify)
    i.__hardfp_atan                          0x080008a0   Section        0  atan.o(i.__hardfp_atan)
    i.__hardfp_atan2                         0x08000b78   Section        0  atan2.o(i.__hardfp_atan2)
    i.__hardfp_floor                         0x08000d68   Section        0  floor.o(i.__hardfp_floor)
    i.__hardfp_pow                           0x08000e80   Section        0  pow.o(i.__hardfp_pow)
    i.__hardfp_sqrt                          0x08001ad0   Section        0  sqrt.o(i.__hardfp_sqrt)
    i.__kernel_poly                          0x08001b4a   Section        0  poly.o(i.__kernel_poly)
    i.__mathlib_dbl_divzero                  0x08001c48   Section        0  dunder.o(i.__mathlib_dbl_divzero)
    i.__mathlib_dbl_infnan                   0x08001c78   Section        0  dunder.o(i.__mathlib_dbl_infnan)
    i.__mathlib_dbl_infnan2                  0x08001c8c   Section        0  dunder.o(i.__mathlib_dbl_infnan2)
    i.__mathlib_dbl_invalid                  0x08001ca0   Section        0  dunder.o(i.__mathlib_dbl_invalid)
    i.__mathlib_dbl_overflow                 0x08001cc0   Section        0  dunder.o(i.__mathlib_dbl_overflow)
    i.__mathlib_dbl_underflow                0x08001ce0   Section        0  dunder.o(i.__mathlib_dbl_underflow)
    i.atan                                   0x08001d00   Section        0  atan.o(i.atan)
    i.calculate_pulse                        0x08001d10   Section        0  main.o(i.calculate_pulse)
    i.cnc_init                               0x08001ee8   Section        0  driver.o(i.cnc_init)
    i.delay_01ms                             0x08001f68   Section        0  driver.o(i.delay_01ms)
    i.fabs                                   0x08001fb0   Section        0  fabs.o(i.fabs)
    i.fsmc_init                              0x08001fc8   Section        0  driver.o(i.fsmc_init)
    i.fsmc_read                              0x08002110   Section        0  driver.o(i.fsmc_read)
    i.fsmc_write                             0x08002118   Section        0  driver.o(i.fsmc_write)
    i.init_main                              0x0800211c   Section        0  driver.o(i.init_main)
    i.init_uart                              0x08002130   Section        0  driver.o(i.init_uart)
    i.inverse_kinematic                      0x0800222c   Section        0  main.o(i.inverse_kinematic)
    i.limitswitch_init                       0x080026ac   Section        0  driver.o(i.limitswitch_init)
    i.main                                   0x080026e0   Section        0  main.o(i.main)
    i.sqrt                                   0x08002ab4   Section        0  sqrt.o(i.sqrt)
    x$fpl$basic                              0x08002b22   Section       24  basic.o(x$fpl$basic)
    $v0                                      0x08002b22   Number         0  basic.o(x$fpl$basic)
    x$fpl$d2f                                0x08002b3c   Section       98  d2f.o(x$fpl$d2f)
    $v0                                      0x08002b3c   Number         0  d2f.o(x$fpl$d2f)
    x$fpl$dadd                               0x08002ba0   Section      336  daddsub_clz.o(x$fpl$dadd)
    $v0                                      0x08002ba0   Number         0  daddsub_clz.o(x$fpl$dadd)
    _dadd1                                   0x08002bb1   Thumb Code     0  daddsub_clz.o(x$fpl$dadd)
    x$fpl$dcheck1                            0x08002cf0   Section       16  dcheck1.o(x$fpl$dcheck1)
    $v0                                      0x08002cf0   Number         0  dcheck1.o(x$fpl$dcheck1)
    x$fpl$dcmpinf                            0x08002d00   Section       24  dcmpi.o(x$fpl$dcmpinf)
    $v0                                      0x08002d00   Number         0  dcmpi.o(x$fpl$dcmpinf)
    x$fpl$ddiv                               0x08002d18   Section      688  ddiv.o(x$fpl$ddiv)
    $v0                                      0x08002d18   Number         0  ddiv.o(x$fpl$ddiv)
    ddiv_entry                               0x08002d1f   Thumb Code     0  ddiv.o(x$fpl$ddiv)
    x$fpl$dfixu                              0x08002fc8   Section       90  dfixu.o(x$fpl$dfixu)
    $v0                                      0x08002fc8   Number         0  dfixu.o(x$fpl$dfixu)
    x$fpl$dflt                               0x08003022   Section       46  dflt_clz.o(x$fpl$dflt)
    $v0                                      0x08003022   Number         0  dflt_clz.o(x$fpl$dflt)
    x$fpl$dleqf                              0x08003050   Section      120  dleqf.o(x$fpl$dleqf)
    $v0                                      0x08003050   Number         0  dleqf.o(x$fpl$dleqf)
    x$fpl$dmul                               0x080030c8   Section      340  dmul.o(x$fpl$dmul)
    $v0                                      0x080030c8   Number         0  dmul.o(x$fpl$dmul)
    x$fpl$dnaninf                            0x0800321c   Section      156  dnaninf.o(x$fpl$dnaninf)
    $v0                                      0x0800321c   Number         0  dnaninf.o(x$fpl$dnaninf)
    x$fpl$dretinf                            0x080032b8   Section       12  dretinf.o(x$fpl$dretinf)
    $v0                                      0x080032b8   Number         0  dretinf.o(x$fpl$dretinf)
    x$fpl$drleqf                             0x080032c4   Section      108  drleqf.o(x$fpl$drleqf)
    $v0                                      0x080032c4   Number         0  drleqf.o(x$fpl$drleqf)
    x$fpl$drsb                               0x08003330   Section       22  daddsub_clz.o(x$fpl$drsb)
    $v0                                      0x08003330   Number         0  daddsub_clz.o(x$fpl$drsb)
    x$fpl$dsqrt                              0x08003348   Section      408  dsqrt_umaal.o(x$fpl$dsqrt)
    $v0                                      0x08003348   Number         0  dsqrt_umaal.o(x$fpl$dsqrt)
    x$fpl$dsub                               0x080034e0   Section      468  daddsub_clz.o(x$fpl$dsub)
    $v0                                      0x080034e0   Number         0  daddsub_clz.o(x$fpl$dsub)
    _dsub1                                   0x080034f1   Thumb Code     0  daddsub_clz.o(x$fpl$dsub)
    x$fpl$f2d                                0x080036b4   Section       86  f2d.o(x$fpl$f2d)
    $v0                                      0x080036b4   Number         0  f2d.o(x$fpl$f2d)
    x$fpl$fnaninf                            0x0800370a   Section      140  fnaninf.o(x$fpl$fnaninf)
    $v0                                      0x0800370a   Number         0  fnaninf.o(x$fpl$fnaninf)
    x$fpl$fpinit                             0x08003796   Section       10  fpinit.o(x$fpl$fpinit)
    $v0                                      0x08003796   Number         0  fpinit.o(x$fpl$fpinit)
    x$fpl$fretinf                            0x080037a0   Section       10  fretinf.o(x$fpl$fretinf)
    $v0                                      0x080037a0   Number         0  fretinf.o(x$fpl$fretinf)
    x$fpl$retnan                             0x080037aa   Section      100  retnan.o(x$fpl$retnan)
    $v0                                      0x080037aa   Number         0  retnan.o(x$fpl$retnan)
    x$fpl$scalbn                             0x0800380e   Section       92  scalbn.o(x$fpl$scalbn)
    $v0                                      0x0800380e   Number         0  scalbn.o(x$fpl$scalbn)
    x$fpl$trapveneer                         0x0800386a   Section       48  trapv.o(x$fpl$trapveneer)
    $v0                                      0x0800386a   Number         0  trapv.o(x$fpl$trapveneer)
    x$fpl$usenofp                            0x0800389a   Section        0  usenofp.o(x$fpl$usenofp)
    .constdata                               0x0800389c   Section      384  main.o(.constdata)
    .constdata                               0x08003a20   Section      136  pow.o(.constdata)
    bp                                       0x08003a20   Data          16  pow.o(.constdata)
    dp_h                                     0x08003a30   Data          16  pow.o(.constdata)
    dp_l                                     0x08003a40   Data          16  pow.o(.constdata)
    L                                        0x08003a50   Data          48  pow.o(.constdata)
    P                                        0x08003a80   Data          40  pow.o(.constdata)
    .constdata                               0x08003aa8   Section      152  atan.o(.constdata)
    atanhi                                   0x08003aa8   Data          32  atan.o(.constdata)
    atanlo                                   0x08003ac8   Data          32  atan.o(.constdata)
    aTodd                                    0x08003ae8   Data          40  atan.o(.constdata)
    aTeven                                   0x08003b10   Data          48  atan.o(.constdata)
    .constdata                               0x08003b40   Section        8  qnan.o(.constdata)
    .data                                    0x20000000   Section      120  main.o(.data)
    .data                                    0x20000078   Section       20  system_stm32f4xx.o(.data)
    .data                                    0x2000008c   Section        8  system_timetick.o(.data)
    .data                                    0x20000094   Section       16  stm32f4xx_rcc.o(.data)
    APBAHBPrescTable                         0x20000094   Data          16  stm32f4xx_rcc.o(.data)
    .bss                                     0x200000a4   Section       12  main.o(.bss)
    delta_theta                              0x200000a4   Data          12  main.o(.bss)
    .bss                                     0x200000b0   Section       50  driver.o(.bss)
    .bss                                     0x200000e4   Section       96  libspace.o(.bss)
    HEAP                                     0x20000148   Section      512  startup_stm32f40_41xxx.o(HEAP)
    Heap_Mem                                 0x20000148   Data         512  startup_stm32f40_41xxx.o(HEAP)
    STACK                                    0x20000348   Section     1024  startup_stm32f40_41xxx.o(STACK)
    Stack_Mem                                0x20000348   Data        1024  startup_stm32f40_41xxx.o(STACK)
    __initial_sp                             0x20000748   Data           0  startup_stm32f40_41xxx.o(STACK)

    Global Symbols

    Symbol Name                              Value     Ov Type        Size  Object(Section)

    BuildAttributes$$THM_ISAv4$E$P$D$K$B$S$7EM$VFPi3$EXTD16$VFPS$VFMA$PE$A:L22UL41UL21$X:L11$S22US41US21$IEEE1$IW$USESV6$~STKCKD$USESV7$~SHL$OTIME$ROPI$IEEEX$EBA8$UX$STANDARDLIB$REQ8$PRES8$EABIv2 0x00000000   Number         0  anon$$obj.o ABSOLUTE
    __ARM_use_no_argv                        0x00000000   Number         0  main.o ABSOLUTE
    __ARM_exceptions_init                     - Undefined Weak Reference
    __alloca_initialize                       - Undefined Weak Reference
    __arm_preinit_                            - Undefined Weak Reference
    __cpp_initialize__aeabi_                  - Undefined Weak Reference
    __cxa_finalize                            - Undefined Weak Reference
    __rt_locale                               - Undefined Weak Reference
    __sigvec_lookup                           - Undefined Weak Reference
    _atexit_init                              - Undefined Weak Reference
    _call_atexit_fns                          - Undefined Weak Reference
    _clock_init                               - Undefined Weak Reference
    _fp_trap_init                             - Undefined Weak Reference
    _fp_trap_shutdown                         - Undefined Weak Reference
    _get_lc_collate                           - Undefined Weak Reference
    _get_lc_ctype                             - Undefined Weak Reference
    _get_lc_monetary                          - Undefined Weak Reference
    _get_lc_numeric                           - Undefined Weak Reference
    _get_lc_time                              - Undefined Weak Reference
    _getenv_init                              - Undefined Weak Reference
    _handle_redirection                       - Undefined Weak Reference
    _init_alloc                               - Undefined Weak Reference
    _init_user_alloc                          - Undefined Weak Reference
    _initio                                   - Undefined Weak Reference
    _rand_init                                - Undefined Weak Reference
    _signal_finish                            - Undefined Weak Reference
    _signal_init                              - Undefined Weak Reference
    _terminate_alloc                          - Undefined Weak Reference
    _terminate_user_alloc                     - Undefined Weak Reference
    _terminateio                              - Undefined Weak Reference
    __Vectors_Size                           0x00000188   Number         0  startup_stm32f40_41xxx.o ABSOLUTE
    __Vectors                                0x08000000   Data           4  startup_stm32f40_41xxx.o(RESET)
    __Vectors_End                            0x08000188   Data           0  startup_stm32f40_41xxx.o(RESET)
    __main                                   0x08000189   Thumb Code     8  __main.o(!!!main)
    __scatterload                            0x08000191   Thumb Code     0  __scatter.o(!!!scatter)
    __scatterload_rt2                        0x08000191   Thumb Code    44  __scatter.o(!!!scatter)
    __scatterload_rt2_thumb_only             0x08000191   Thumb Code     0  __scatter.o(!!!scatter)
    __scatterload_null                       0x0800019f   Thumb Code     0  __scatter.o(!!!scatter)
    __scatterload_copy                       0x080001c5   Thumb Code    26  __scatter_copy.o(!!handler_copy)
    __scatterload_zeroinit                   0x080001e1   Thumb Code    28  __scatter_zi.o(!!handler_zi)
    __rt_lib_init                            0x080001fd   Thumb Code     0  libinit.o(.ARM.Collect$$libinit$$00000000)
    __rt_lib_init_fp_1                       0x080001ff   Thumb Code     0  libinit2.o(.ARM.Collect$$libinit$$00000001)
    __rt_lib_init_alloca_1                   0x08000203   Thumb Code     0  libinit2.o(.ARM.Collect$$libinit$$0000002E)
    __rt_lib_init_argv_1                     0x08000203   Thumb Code     0  libinit2.o(.ARM.Collect$$libinit$$0000002C)
    __rt_lib_init_atexit_1                   0x08000203   Thumb Code     0  libinit2.o(.ARM.Collect$$libinit$$0000001B)
    __rt_lib_init_clock_1                    0x08000203   Thumb Code     0  libinit2.o(.ARM.Collect$$libinit$$00000021)
    __rt_lib_init_cpp_1                      0x08000203   Thumb Code     0  libinit2.o(.ARM.Collect$$libinit$$00000032)
    __rt_lib_init_exceptions_1               0x08000203   Thumb Code     0  libinit2.o(.ARM.Collect$$libinit$$00000030)
    __rt_lib_init_fp_trap_1                  0x08000203   Thumb Code     0  libinit2.o(.ARM.Collect$$libinit$$0000001F)
    __rt_lib_init_getenv_1                   0x08000203   Thumb Code     0  libinit2.o(.ARM.Collect$$libinit$$00000023)
    __rt_lib_init_heap_1                     0x08000203   Thumb Code     0  libinit2.o(.ARM.Collect$$libinit$$0000000A)
    __rt_lib_init_lc_collate_1               0x08000203   Thumb Code     0  libinit2.o(.ARM.Collect$$libinit$$00000011)
    __rt_lib_init_lc_ctype_1                 0x08000203   Thumb Code     0  libinit2.o(.ARM.Collect$$libinit$$00000013)
    __rt_lib_init_lc_monetary_1              0x08000203   Thumb Code     0  libinit2.o(.ARM.Collect$$libinit$$00000015)
    __rt_lib_init_lc_numeric_1               0x08000203   Thumb Code     0  libinit2.o(.ARM.Collect$$libinit$$00000017)
    __rt_lib_init_lc_time_1                  0x08000203   Thumb Code     0  libinit2.o(.ARM.Collect$$libinit$$00000019)
    __rt_lib_init_preinit_1                  0x08000203   Thumb Code     0  libinit2.o(.ARM.Collect$$libinit$$00000004)
    __rt_lib_init_rand_1                     0x08000203   Thumb Code     0  libinit2.o(.ARM.Collect$$libinit$$0000000E)
    __rt_lib_init_return                     0x08000203   Thumb Code     0  libinit2.o(.ARM.Collect$$libinit$$00000033)
    __rt_lib_init_signal_1                   0x08000203   Thumb Code     0  libinit2.o(.ARM.Collect$$libinit$$0000001D)
    __rt_lib_init_stdio_1                    0x08000203   Thumb Code     0  libinit2.o(.ARM.Collect$$libinit$$00000025)
    __rt_lib_init_user_alloc_1               0x08000203   Thumb Code     0  libinit2.o(.ARM.Collect$$libinit$$0000000C)
    __rt_lib_shutdown                        0x08000205   Thumb Code     0  libshutdown.o(.ARM.Collect$$libshutdown$$00000000)
    __rt_lib_shutdown_cpp_1                  0x08000207   Thumb Code     0  libshutdown2.o(.ARM.Collect$$libshutdown$$00000002)
    __rt_lib_shutdown_fp_trap_1              0x08000207   Thumb Code     0  libshutdown2.o(.ARM.Collect$$libshutdown$$00000007)
    __rt_lib_shutdown_heap_1                 0x08000207   Thumb Code     0  libshutdown2.o(.ARM.Collect$$libshutdown$$0000000F)
    __rt_lib_shutdown_return                 0x08000207   Thumb Code     0  libshutdown2.o(.ARM.Collect$$libshutdown$$00000010)
    __rt_lib_shutdown_signal_1               0x08000207   Thumb Code     0  libshutdown2.o(.ARM.Collect$$libshutdown$$0000000A)
    __rt_lib_shutdown_stdio_1                0x08000207   Thumb Code     0  libshutdown2.o(.ARM.Collect$$libshutdown$$00000004)
    __rt_lib_shutdown_user_alloc_1           0x08000207   Thumb Code     0  libshutdown2.o(.ARM.Collect$$libshutdown$$0000000C)
    __rt_entry                               0x08000209   Thumb Code     0  __rtentry.o(.ARM.Collect$$rtentry$$00000000)
    __rt_entry_presh_1                       0x08000209   Thumb Code     0  __rtentry2.o(.ARM.Collect$$rtentry$$00000002)
    __rt_entry_sh                            0x08000209   Thumb Code     0  __rtentry4.o(.ARM.Collect$$rtentry$$00000004)
    __rt_entry_li                            0x0800020f   Thumb Code     0  __rtentry2.o(.ARM.Collect$$rtentry$$0000000A)
    __rt_entry_postsh_1                      0x0800020f   Thumb Code     0  __rtentry2.o(.ARM.Collect$$rtentry$$00000009)
    __rt_entry_main                          0x08000213   Thumb Code     0  __rtentry2.o(.ARM.Collect$$rtentry$$0000000D)
    __rt_entry_postli_1                      0x08000213   Thumb Code     0  __rtentry2.o(.ARM.Collect$$rtentry$$0000000C)
    __rt_exit                                0x0800021b   Thumb Code     0  rtexit.o(.ARM.Collect$$rtexit$$00000000)
    __rt_exit_ls                             0x0800021d   Thumb Code     0  rtexit2.o(.ARM.Collect$$rtexit$$00000003)
    __rt_exit_prels_1                        0x0800021d   Thumb Code     0  rtexit2.o(.ARM.Collect$$rtexit$$00000002)
    __rt_exit_exit                           0x08000221   Thumb Code     0  rtexit2.o(.ARM.Collect$$rtexit$$00000004)
    Reset_Handler                            0x08000229   Thumb Code     8  startup_stm32f40_41xxx.o(.text)
    ADC_IRQHandler                           0x08000243   Thumb Code     0  startup_stm32f40_41xxx.o(.text)
    CAN1_RX0_IRQHandler                      0x08000243   Thumb Code     0  startup_stm32f40_41xxx.o(.text)
    CAN1_RX1_IRQHandler                      0x08000243   Thumb Code     0  startup_stm32f40_41xxx.o(.text)
    CAN1_SCE_IRQHandler                      0x08000243   Thumb Code     0  startup_stm32f40_41xxx.o(.text)
    CAN1_TX_IRQHandler                       0x08000243   Thumb Code     0  startup_stm32f40_41xxx.o(.text)
    CAN2_RX0_IRQHandler                      0x08000243   Thumb Code     0  startup_stm32f40_41xxx.o(.text)
    CAN2_RX1_IRQHandler                      0x08000243   Thumb Code     0  startup_stm32f40_41xxx.o(.text)
    CAN2_SCE_IRQHandler                      0x08000243   Thumb Code     0  startup_stm32f40_41xxx.o(.text)
    CAN2_TX_IRQHandler                       0x08000243   Thumb Code     0  startup_stm32f40_41xxx.o(.text)
    CRYP_IRQHandler                          0x08000243   Thumb Code     0  startup_stm32f40_41xxx.o(.text)
    DCMI_IRQHandler                          0x08000243   Thumb Code     0  startup_stm32f40_41xxx.o(.text)
    DMA1_Stream0_IRQHandler                  0x08000243   Thumb Code     0  startup_stm32f40_41xxx.o(.text)
    DMA1_Stream1_IRQHandler                  0x08000243   Thumb Code     0  startup_stm32f40_41xxx.o(.text)
    DMA1_Stream2_IRQHandler                  0x08000243   Thumb Code     0  startup_stm32f40_41xxx.o(.text)
    DMA1_Stream3_IRQHandler                  0x08000243   Thumb Code     0  startup_stm32f40_41xxx.o(.text)
    DMA1_Stream4_IRQHandler                  0x08000243   Thumb Code     0  startup_stm32f40_41xxx.o(.text)
    DMA1_Stream5_IRQHandler                  0x08000243   Thumb Code     0  startup_stm32f40_41xxx.o(.text)
    DMA1_Stream6_IRQHandler                  0x08000243   Thumb Code     0  startup_stm32f40_41xxx.o(.text)
    DMA1_Stream7_IRQHandler                  0x08000243   Thumb Code     0  startup_stm32f40_41xxx.o(.text)
    DMA2_Stream0_IRQHandler                  0x08000243   Thumb Code     0  startup_stm32f40_41xxx.o(.text)
    DMA2_Stream1_IRQHandler                  0x08000243   Thumb Code     0  startup_stm32f40_41xxx.o(.text)
    DMA2_Stream2_IRQHandler                  0x08000243   Thumb Code     0  startup_stm32f40_41xxx.o(.text)
    DMA2_Stream3_IRQHandler                  0x08000243   Thumb Code     0  startup_stm32f40_41xxx.o(.text)
    DMA2_Stream4_IRQHandler                  0x08000243   Thumb Code     0  startup_stm32f40_41xxx.o(.text)
    DMA2_Stream5_IRQHandler                  0x08000243   Thumb Code     0  startup_stm32f40_41xxx.o(.text)
    DMA2_Stream6_IRQHandler                  0x08000243   Thumb Code     0  startup_stm32f40_41xxx.o(.text)
    DMA2_Stream7_IRQHandler                  0x08000243   Thumb Code     0  startup_stm32f40_41xxx.o(.text)
    ETH_IRQHandler                           0x08000243   Thumb Code     0  startup_stm32f40_41xxx.o(.text)
    ETH_WKUP_IRQHandler                      0x08000243   Thumb Code     0  startup_stm32f40_41xxx.o(.text)
    EXTI0_IRQHandler                         0x08000243   Thumb Code     0  startup_stm32f40_41xxx.o(.text)
    EXTI15_10_IRQHandler                     0x08000243   Thumb Code     0  startup_stm32f40_41xxx.o(.text)
    EXTI1_IRQHandler                         0x08000243   Thumb Code     0  startup_stm32f40_41xxx.o(.text)
    EXTI2_IRQHandler                         0x08000243   Thumb Code     0  startup_stm32f40_41xxx.o(.text)
    EXTI3_IRQHandler                         0x08000243   Thumb Code     0  startup_stm32f40_41xxx.o(.text)
    EXTI4_IRQHandler                         0x08000243   Thumb Code     0  startup_stm32f40_41xxx.o(.text)
    EXTI9_5_IRQHandler                       0x08000243   Thumb Code     0  startup_stm32f40_41xxx.o(.text)
    FLASH_IRQHandler                         0x08000243   Thumb Code     0  startup_stm32f40_41xxx.o(.text)
    FPU_IRQHandler                           0x08000243   Thumb Code     0  startup_stm32f40_41xxx.o(.text)
    FSMC_IRQHandler                          0x08000243   Thumb Code     0  startup_stm32f40_41xxx.o(.text)
    HASH_RNG_IRQHandler                      0x08000243   Thumb Code     0  startup_stm32f40_41xxx.o(.text)
    I2C1_ER_IRQHandler                       0x08000243   Thumb Code     0  startup_stm32f40_41xxx.o(.text)
    I2C1_EV_IRQHandler                       0x08000243   Thumb Code     0  startup_stm32f40_41xxx.o(.text)
    I2C2_ER_IRQHandler                       0x08000243   Thumb Code     0  startup_stm32f40_41xxx.o(.text)
    I2C2_EV_IRQHandler                       0x08000243   Thumb Code     0  startup_stm32f40_41xxx.o(.text)
    I2C3_ER_IRQHandler                       0x08000243   Thumb Code     0  startup_stm32f40_41xxx.o(.text)
    I2C3_EV_IRQHandler                       0x08000243   Thumb Code     0  startup_stm32f40_41xxx.o(.text)
    OTG_FS_IRQHandler                        0x08000243   Thumb Code     0  startup_stm32f40_41xxx.o(.text)
    OTG_FS_WKUP_IRQHandler                   0x08000243   Thumb Code     0  startup_stm32f40_41xxx.o(.text)
    OTG_HS_EP1_IN_IRQHandler                 0x08000243   Thumb Code     0  startup_stm32f40_41xxx.o(.text)
    OTG_HS_EP1_OUT_IRQHandler                0x08000243   Thumb Code     0  startup_stm32f40_41xxx.o(.text)
    OTG_HS_IRQHandler                        0x08000243   Thumb Code     0  startup_stm32f40_41xxx.o(.text)
    OTG_HS_WKUP_IRQHandler                   0x08000243   Thumb Code     0  startup_stm32f40_41xxx.o(.text)
    PVD_IRQHandler                           0x08000243   Thumb Code     0  startup_stm32f40_41xxx.o(.text)
    RCC_IRQHandler                           0x08000243   Thumb Code     0  startup_stm32f40_41xxx.o(.text)
    RTC_Alarm_IRQHandler                     0x08000243   Thumb Code     0  startup_stm32f40_41xxx.o(.text)
    RTC_WKUP_IRQHandler                      0x08000243   Thumb Code     0  startup_stm32f40_41xxx.o(.text)
    SDIO_IRQHandler                          0x08000243   Thumb Code     0  startup_stm32f40_41xxx.o(.text)
    SPI1_IRQHandler                          0x08000243   Thumb Code     0  startup_stm32f40_41xxx.o(.text)
    SPI2_IRQHandler                          0x08000243   Thumb Code     0  startup_stm32f40_41xxx.o(.text)
    SPI3_IRQHandler                          0x08000243   Thumb Code     0  startup_stm32f40_41xxx.o(.text)
    TAMP_STAMP_IRQHandler                    0x08000243   Thumb Code     0  startup_stm32f40_41xxx.o(.text)
    TIM1_BRK_TIM9_IRQHandler                 0x08000243   Thumb Code     0  startup_stm32f40_41xxx.o(.text)
    TIM1_CC_IRQHandler                       0x08000243   Thumb Code     0  startup_stm32f40_41xxx.o(.text)
    TIM1_TRG_COM_TIM11_IRQHandler            0x08000243   Thumb Code     0  startup_stm32f40_41xxx.o(.text)
    TIM1_UP_TIM10_IRQHandler                 0x08000243   Thumb Code     0  startup_stm32f40_41xxx.o(.text)
    TIM2_IRQHandler                          0x08000243   Thumb Code     0  startup_stm32f40_41xxx.o(.text)
    TIM3_IRQHandler                          0x08000243   Thumb Code     0  startup_stm32f40_41xxx.o(.text)
    TIM4_IRQHandler                          0x08000243   Thumb Code     0  startup_stm32f40_41xxx.o(.text)
    TIM5_IRQHandler                          0x08000243   Thumb Code     0  startup_stm32f40_41xxx.o(.text)
    TIM6_DAC_IRQHandler                      0x08000243   Thumb Code     0  startup_stm32f40_41xxx.o(.text)
    TIM7_IRQHandler                          0x08000243   Thumb Code     0  startup_stm32f40_41xxx.o(.text)
    TIM8_BRK_TIM12_IRQHandler                0x08000243   Thumb Code     0  startup_stm32f40_41xxx.o(.text)
    TIM8_CC_IRQHandler                       0x08000243   Thumb Code     0  startup_stm32f40_41xxx.o(.text)
    TIM8_TRG_COM_TIM14_IRQHandler            0x08000243   Thumb Code     0  startup_stm32f40_41xxx.o(.text)
    TIM8_UP_TIM13_IRQHandler                 0x08000243   Thumb Code     0  startup_stm32f40_41xxx.o(.text)
    UART4_IRQHandler                         0x08000243   Thumb Code     0  startup_stm32f40_41xxx.o(.text)
    UART5_IRQHandler                         0x08000243   Thumb Code     0  startup_stm32f40_41xxx.o(.text)
    USART1_IRQHandler                        0x08000243   Thumb Code     0  startup_stm32f40_41xxx.o(.text)
    USART2_IRQHandler                        0x08000243   Thumb Code     0  startup_stm32f40_41xxx.o(.text)
    USART3_IRQHandler                        0x08000243   Thumb Code     0  startup_stm32f40_41xxx.o(.text)
    USART6_IRQHandler                        0x08000243   Thumb Code     0  startup_stm32f40_41xxx.o(.text)
    WWDG_IRQHandler                          0x08000243   Thumb Code     0  startup_stm32f40_41xxx.o(.text)
    __user_initial_stackheap                 0x08000245   Thumb Code     0  startup_stm32f40_41xxx.o(.text)
    __aeabi_memcpy4                          0x08000269   Thumb Code     0  rt_memcpy_w.o(.text)
    __aeabi_memcpy8                          0x08000269   Thumb Code     0  rt_memcpy_w.o(.text)
    __rt_memcpy_w                            0x08000269   Thumb Code   100  rt_memcpy_w.o(.text)
    _memcpy_lastbytes_aligned                0x080002b1   Thumb Code     0  rt_memcpy_w.o(.text)
    __use_two_region_memory                  0x080002cd   Thumb Code     2  heapauxi.o(.text)
    __rt_heap_escrow$2region                 0x080002cf   Thumb Code     2  heapauxi.o(.text)
    __rt_heap_expand$2region                 0x080002d1   Thumb Code     2  heapauxi.o(.text)
    __read_errno                             0x080002d3   Thumb Code    10  _rserrno.o(.text)
    __set_errno                              0x080002dd   Thumb Code    12  _rserrno.o(.text)
    __aeabi_errno_addr                       0x080002e9   Thumb Code     8  rt_errno_addr_intlibspace.o(.text)
    __errno$intlibspace                      0x080002e9   Thumb Code     0  rt_errno_addr_intlibspace.o(.text)
    __rt_errno_addr$intlibspace              0x080002e9   Thumb Code     0  rt_errno_addr_intlibspace.o(.text)
    __user_libspace                          0x080002f1   Thumb Code     8  libspace.o(.text)
    __user_perproc_libspace                  0x080002f1   Thumb Code     0  libspace.o(.text)
    __user_perthread_libspace                0x080002f1   Thumb Code     0  libspace.o(.text)
    __user_setup_stackheap                   0x080002f9   Thumb Code    74  sys_stackheap_outer.o(.text)
    exit                                     0x08000343   Thumb Code    18  exit.o(.text)
    _sys_exit                                0x08000355   Thumb Code     8  sys_exit.o(.text)
    __I$use$semihosting                      0x08000361   Thumb Code     0  use_no_semi.o(.text)
    __use_no_semihosting_swi                 0x08000361   Thumb Code     2  use_no_semi.o(.text)
    BusFault_Handler                         0x08000363   Thumb Code     4  system_timetick.o(i.BusFault_Handler)
    __semihosting_library_function           0x08000363   Thumb Code     0  indicate_semi.o(.text)
    DMA_Init                                 0x08000369   Thumb Code    82  stm32f4xx_dma.o(i.DMA_Init)
    DebugMon_Handler                         0x080003c1   Thumb Code     2  system_timetick.o(i.DebugMon_Handler)
    GPIO_Init                                0x080003c3   Thumb Code   144  stm32f4xx_gpio.o(i.GPIO_Init)
    GPIO_PinAFConfig                         0x08000453   Thumb Code    70  stm32f4xx_gpio.o(i.GPIO_PinAFConfig)
    GPIO_ResetBits                           0x08000499   Thumb Code     4  stm32f4xx_gpio.o(i.GPIO_ResetBits)
    GPIO_SetBits                             0x0800049d   Thumb Code     4  stm32f4xx_gpio.o(i.GPIO_SetBits)
    HardFault_Handler                        0x080004a1   Thumb Code     4  system_timetick.o(i.HardFault_Handler)
    MemManage_Handler                        0x080004a5   Thumb Code     4  system_timetick.o(i.MemManage_Handler)
    NMI_Handler                              0x080004a9   Thumb Code     2  system_timetick.o(i.NMI_Handler)
    PendSV_Handler                           0x080004ab   Thumb Code     2  system_timetick.o(i.PendSV_Handler)
    RCC_AHB1PeriphClockCmd                   0x080004ad   Thumb Code    26  stm32f4xx_rcc.o(i.RCC_AHB1PeriphClockCmd)
    RCC_AHB3PeriphClockCmd                   0x080004cd   Thumb Code    26  stm32f4xx_rcc.o(i.RCC_AHB3PeriphClockCmd)
    RCC_APB1PeriphClockCmd                   0x080004ed   Thumb Code    26  stm32f4xx_rcc.o(i.RCC_APB1PeriphClockCmd)
    RCC_GetClocksFreq                        0x0800050d   Thumb Code   214  stm32f4xx_rcc.o(i.RCC_GetClocksFreq)
    SVC_Handler                              0x080005f5   Thumb Code     2  system_timetick.o(i.SVC_Handler)
    SysTick_Handler                          0x080006e5   Thumb Code    18  system_timetick.o(i.SysTick_Handler)
    SystemInit                               0x08000701   Thumb Code    88  system_stm32f4xx.o(i.SystemInit)
    USART_Cmd                                0x08000769   Thumb Code    24  stm32f4xx_usart.o(i.USART_Cmd)
    USART_DMACmd                             0x08000781   Thumb Code    18  stm32f4xx_usart.o(i.USART_DMACmd)
    USART_Init                               0x08000795   Thumb Code   204  stm32f4xx_usart.o(i.USART_Init)
    UsageFault_Handler                       0x08000869   Thumb Code     4  system_timetick.o(i.UsageFault_Handler)
    __ARM_fpclassify                         0x0800086d   Thumb Code    48  fpclassify.o(i.__ARM_fpclassify)
    __hardfp_atan                            0x080008a1   Thumb Code   622  atan.o(i.__hardfp_atan)
    __hardfp_atan2                           0x08000b79   Thumb Code   432  atan2.o(i.__hardfp_atan2)
    __hardfp_floor                           0x08000d69   Thumb Code   252  floor.o(i.__hardfp_floor)
    __hardfp_pow                             0x08000e81   Thumb Code  3072  pow.o(i.__hardfp_pow)
    __hardfp_sqrt                            0x08001ad1   Thumb Code   122  sqrt.o(i.__hardfp_sqrt)
    __kernel_poly                            0x08001b4b   Thumb Code   248  poly.o(i.__kernel_poly)
    __mathlib_dbl_divzero                    0x08001c49   Thumb Code    28  dunder.o(i.__mathlib_dbl_divzero)
    __mathlib_dbl_infnan                     0x08001c79   Thumb Code    20  dunder.o(i.__mathlib_dbl_infnan)
    __mathlib_dbl_infnan2                    0x08001c8d   Thumb Code    20  dunder.o(i.__mathlib_dbl_infnan2)
    __mathlib_dbl_invalid                    0x08001ca1   Thumb Code    24  dunder.o(i.__mathlib_dbl_invalid)
    __mathlib_dbl_overflow                   0x08001cc1   Thumb Code    24  dunder.o(i.__mathlib_dbl_overflow)
    __mathlib_dbl_underflow                  0x08001ce1   Thumb Code    24  dunder.o(i.__mathlib_dbl_underflow)
    atan                                     0x08001d01   Thumb Code    16  atan.o(i.atan)
    calculate_pulse                          0x08001d11   Thumb Code   410  main.o(i.calculate_pulse)
    cnc_init                                 0x08001ee9   Thumb Code   122  driver.o(i.cnc_init)
    delay_01ms                               0x08001f69   Thumb Code    66  driver.o(i.delay_01ms)
    fabs                                     0x08001fb1   Thumb Code    24  fabs.o(i.fabs)
    fsmc_init                                0x08001fc9   Thumb Code   312  driver.o(i.fsmc_init)
    fsmc_read                                0x08002111   Thumb Code     8  driver.o(i.fsmc_read)
    fsmc_write                               0x08002119   Thumb Code     4  driver.o(i.fsmc_write)
    init_main                                0x0800211d   Thumb Code    20  driver.o(i.init_main)
    init_uart                                0x08002131   Thumb Code   236  driver.o(i.init_uart)
    inverse_kinematic                        0x0800222d   Thumb Code  1136  main.o(i.inverse_kinematic)
    limitswitch_init                         0x080026ad   Thumb Code    46  driver.o(i.limitswitch_init)
    main                                     0x080026e1   Thumb Code   876  main.o(i.main)
    sqrt                                     0x08002ab5   Thumb Code   110  sqrt.o(i.sqrt)
    __aeabi_dneg                             0x08002b23   Thumb Code     0  basic.o(x$fpl$basic)
    _dneg                                    0x08002b23   Thumb Code     6  basic.o(x$fpl$basic)
    __aeabi_fneg                             0x08002b29   Thumb Code     0  basic.o(x$fpl$basic)
    _fneg                                    0x08002b29   Thumb Code     6  basic.o(x$fpl$basic)
    _dabs                                    0x08002b2f   Thumb Code     6  basic.o(x$fpl$basic)
    _fabs                                    0x08002b35   Thumb Code     6  basic.o(x$fpl$basic)
    __aeabi_d2f                              0x08002b3d   Thumb Code     0  d2f.o(x$fpl$d2f)
    _d2f                                     0x08002b3d   Thumb Code    98  d2f.o(x$fpl$d2f)
    __aeabi_dadd                             0x08002ba1   Thumb Code     0  daddsub_clz.o(x$fpl$dadd)
    _dadd                                    0x08002ba1   Thumb Code   332  daddsub_clz.o(x$fpl$dadd)
    __fpl_dcheck_NaN1                        0x08002cf1   Thumb Code    10  dcheck1.o(x$fpl$dcheck1)
    __fpl_dcmp_Inf                           0x08002d01   Thumb Code    24  dcmpi.o(x$fpl$dcmpinf)
    __aeabi_ddiv                             0x08002d19   Thumb Code     0  ddiv.o(x$fpl$ddiv)
    _ddiv                                    0x08002d19   Thumb Code   552  ddiv.o(x$fpl$ddiv)
    __aeabi_d2uiz                            0x08002fc9   Thumb Code     0  dfixu.o(x$fpl$dfixu)
    _dfixu                                   0x08002fc9   Thumb Code    90  dfixu.o(x$fpl$dfixu)
    __aeabi_i2d                              0x08003023   Thumb Code     0  dflt_clz.o(x$fpl$dflt)
    _dflt                                    0x08003023   Thumb Code    46  dflt_clz.o(x$fpl$dflt)
    __aeabi_cdcmple                          0x08003051   Thumb Code     0  dleqf.o(x$fpl$dleqf)
    _dcmple                                  0x08003051   Thumb Code   120  dleqf.o(x$fpl$dleqf)
    __fpl_dcmple_InfNaN                      0x080030b3   Thumb Code     0  dleqf.o(x$fpl$dleqf)
    __aeabi_dmul                             0x080030c9   Thumb Code     0  dmul.o(x$fpl$dmul)
    _dmul                                    0x080030c9   Thumb Code   332  dmul.o(x$fpl$dmul)
    __fpl_dnaninf                            0x0800321d   Thumb Code   156  dnaninf.o(x$fpl$dnaninf)
    __fpl_dretinf                            0x080032b9   Thumb Code    12  dretinf.o(x$fpl$dretinf)
    __aeabi_cdrcmple                         0x080032c5   Thumb Code     0  drleqf.o(x$fpl$drleqf)
    _drcmple                                 0x080032c5   Thumb Code   108  drleqf.o(x$fpl$drleqf)
    __aeabi_drsub                            0x08003331   Thumb Code     0  daddsub_clz.o(x$fpl$drsb)
    _drsb                                    0x08003331   Thumb Code    22  daddsub_clz.o(x$fpl$drsb)
    _dsqrt                                   0x08003349   Thumb Code   404  dsqrt_umaal.o(x$fpl$dsqrt)
    __aeabi_dsub                             0x080034e1   Thumb Code     0  daddsub_clz.o(x$fpl$dsub)
    _dsub                                    0x080034e1   Thumb Code   464  daddsub_clz.o(x$fpl$dsub)
    __aeabi_f2d                              0x080036b5   Thumb Code     0  f2d.o(x$fpl$f2d)
    _f2d                                     0x080036b5   Thumb Code    86  f2d.o(x$fpl$f2d)
    __fpl_fnaninf                            0x0800370b   Thumb Code   140  fnaninf.o(x$fpl$fnaninf)
    _fp_init                                 0x08003797   Thumb Code    10  fpinit.o(x$fpl$fpinit)
    __fplib_config_fpu_vfp                   0x0800379f   Thumb Code     0  fpinit.o(x$fpl$fpinit)
    __fplib_config_pureend_doubles           0x0800379f   Thumb Code     0  fpinit.o(x$fpl$fpinit)
    __fpl_fretinf                            0x080037a1   Thumb Code    10  fretinf.o(x$fpl$fretinf)
    __fpl_return_NaN                         0x080037ab   Thumb Code   100  retnan.o(x$fpl$retnan)
    __ARM_scalbn                             0x0800380f   Thumb Code    92  scalbn.o(x$fpl$scalbn)
    __fpl_cmpreturn                          0x0800386b   Thumb Code    48  trapv.o(x$fpl$trapveneer)
    __I$use$fp                               0x0800389a   Number         0  usenofp.o(x$fpl$usenofp)
    __mathlib_zero                           0x08003b40   Data           8  qnan.o(.constdata)
    Region$$Table$$Base                      0x08003b48   Number         0  anon$$obj.o(Region$$Table)
    Region$$Table$$Limit                     0x08003b68   Number         0  anon$$obj.o(Region$$Table)
    encval0                                  0x20000000   Data           2  main.o(.data)
    encval1                                  0x20000002   Data           2  main.o(.data)
    encval2                                  0x20000004   Data           2  main.o(.data)
    a1                                       0x20000008   Data           4  main.o(.data)
    a2                                       0x2000000c   Data           4  main.o(.data)
    d3                                       0x20000010   Data           4  main.o(.data)
    angleonestep1                            0x20000014   Data           4  main.o(.data)
    angleonestep2                            0x20000018   Data           4  main.o(.data)
    angleonestep3                            0x2000001c   Data           4  main.o(.data)
    Tf                                       0x20000020   Data           4  main.o(.data)
    Ts                                       0x20000024   Data           4  main.o(.data)
    last_theta1                              0x20000028   Data           4  main.o(.data)
    last_theta2                              0x2000002c   Data           4  main.o(.data)
    last_theta3                              0x20000030   Data           4  main.o(.data)
    delta_x                                  0x20000034   Data           4  main.o(.data)
    delta_y                                  0x20000038   Data           4  main.o(.data)
    delta_z                                  0x2000003c   Data           4  main.o(.data)
    PULSE1                                   0x20000040   Data           4  main.o(.data)
    PULSE2                                   0x20000044   Data           4  main.o(.data)
    PULSE3                                   0x20000048   Data           4  main.o(.data)
    Xk                                       0x2000004c   Data           4  main.o(.data)
    Yk                                       0x20000050   Data           4  main.o(.data)
    Zk                                       0x20000054   Data           4  main.o(.data)
    DIR1                                     0x20000058   Data           2  main.o(.data)
    DIR2                                     0x2000005a   Data           2  main.o(.data)
    DIR3                                     0x2000005c   Data           2  main.o(.data)
    X_batdau                                 0x20000060   Data           4  main.o(.data)
    Y_batdau                                 0x20000064   Data           4  main.o(.data)
    Z_batdau                                 0x20000068   Data           4  main.o(.data)
    X_muctieu                                0x2000006c   Data           4  main.o(.data)
    Y_muctieu                                0x20000070   Data           4  main.o(.data)
    Z_muctieu                                0x20000074   Data           4  main.o(.data)
    SystemCoreClock                          0x20000078   Data           4  system_stm32f4xx.o(.data)
    AHBPrescTable                            0x2000007c   Data          16  system_stm32f4xx.o(.data)
    tick_count                               0x2000008c   Data           4  system_timetick.o(.data)
    tick_flag                                0x20000090   Data           4  system_timetick.o(.data)
    txbuff                                   0x200000b0   Data          50  driver.o(.bss)
    __libspace_start                         0x200000e4   Data          96  libspace.o(.bss)
    __temporary_stack_top$libspace           0x20000144   Data           0  libspace.o(.bss)



==============================================================================

Memory Map of the image

  Image Entry point : 0x08000189

  Load Region LR_IROM1 (Base: 0x08000000, Size: 0x00003c0c, Max: 0x00080000, ABSOLUTE)

    Execution Region ER_IROM1 (Exec base: 0x08000000, Load base: 0x08000000, Size: 0x00003b68, Max: 0x00080000, ABSOLUTE)

    Exec Addr    Load Addr    Size         Type   Attr      Idx    E Section Name        Object

    0x08000000   0x08000000   0x00000188   Data   RO          396    RESET               startup_stm32f40_41xxx.o
    0x08000188   0x08000188   0x00000008   Code   RO         1371  * !!!main             c_w.l(__main.o)
    0x08000190   0x08000190   0x00000034   Code   RO         1671    !!!scatter          c_w.l(__scatter.o)
    0x080001c4   0x080001c4   0x0000001a   Code   RO         1673    !!handler_copy      c_w.l(__scatter_copy.o)
    0x080001de   0x080001de   0x00000002   PAD
    0x080001e0   0x080001e0   0x0000001c   Code   RO         1675    !!handler_zi        c_w.l(__scatter_zi.o)
    0x080001fc   0x080001fc   0x00000002   Code   RO         1540    .ARM.Collect$$libinit$$00000000  c_w.l(libinit.o)
    0x080001fe   0x080001fe   0x00000004   Code   RO         1545    .ARM.Collect$$libinit$$00000001  c_w.l(libinit2.o)
    0x08000202   0x08000202   0x00000000   Code   RO         1548    .ARM.Collect$$libinit$$00000004  c_w.l(libinit2.o)
    0x08000202   0x08000202   0x00000000   Code   RO         1551    .ARM.Collect$$libinit$$0000000A  c_w.l(libinit2.o)
    0x08000202   0x08000202   0x00000000   Code   RO         1553    .ARM.Collect$$libinit$$0000000C  c_w.l(libinit2.o)
    0x08000202   0x08000202   0x00000000   Code   RO         1555    .ARM.Collect$$libinit$$0000000E  c_w.l(libinit2.o)
    0x08000202   0x08000202   0x00000000   Code   RO         1558    .ARM.Collect$$libinit$$00000011  c_w.l(libinit2.o)
    0x08000202   0x08000202   0x00000000   Code   RO         1560    .ARM.Collect$$libinit$$00000013  c_w.l(libinit2.o)
    0x08000202   0x08000202   0x00000000   Code   RO         1562    .ARM.Collect$$libinit$$00000015  c_w.l(libinit2.o)
    0x08000202   0x08000202   0x00000000   Code   RO         1564    .ARM.Collect$$libinit$$00000017  c_w.l(libinit2.o)
    0x08000202   0x08000202   0x00000000   Code   RO         1566    .ARM.Collect$$libinit$$00000019  c_w.l(libinit2.o)
    0x08000202   0x08000202   0x00000000   Code   RO         1568    .ARM.Collect$$libinit$$0000001B  c_w.l(libinit2.o)
    0x08000202   0x08000202   0x00000000   Code   RO         1570    .ARM.Collect$$libinit$$0000001D  c_w.l(libinit2.o)
    0x08000202   0x08000202   0x00000000   Code   RO         1572    .ARM.Collect$$libinit$$0000001F  c_w.l(libinit2.o)
    0x08000202   0x08000202   0x00000000   Code   RO         1574    .ARM.Collect$$libinit$$00000021  c_w.l(libinit2.o)
    0x08000202   0x08000202   0x00000000   Code   RO         1576    .ARM.Collect$$libinit$$00000023  c_w.l(libinit2.o)
    0x08000202   0x08000202   0x00000000   Code   RO         1578    .ARM.Collect$$libinit$$00000025  c_w.l(libinit2.o)
    0x08000202   0x08000202   0x00000000   Code   RO         1582    .ARM.Collect$$libinit$$0000002C  c_w.l(libinit2.o)
    0x08000202   0x08000202   0x00000000   Code   RO         1584    .ARM.Collect$$libinit$$0000002E  c_w.l(libinit2.o)
    0x08000202   0x08000202   0x00000000   Code   RO         1586    .ARM.Collect$$libinit$$00000030  c_w.l(libinit2.o)
    0x08000202   0x08000202   0x00000000   Code   RO         1588    .ARM.Collect$$libinit$$00000032  c_w.l(libinit2.o)
    0x08000202   0x08000202   0x00000002   Code   RO         1589    .ARM.Collect$$libinit$$00000033  c_w.l(libinit2.o)
    0x08000204   0x08000204   0x00000002   Code   RO         1611    .ARM.Collect$$libshutdown$$00000000  c_w.l(libshutdown.o)
    0x08000206   0x08000206   0x00000000   Code   RO         1624    .ARM.Collect$$libshutdown$$00000002  c_w.l(libshutdown2.o)
    0x08000206   0x08000206   0x00000000   Code   RO         1626    .ARM.Collect$$libshutdown$$00000004  c_w.l(libshutdown2.o)
    0x08000206   0x08000206   0x00000000   Code   RO         1629    .ARM.Collect$$libshutdown$$00000007  c_w.l(libshutdown2.o)
    0x08000206   0x08000206   0x00000000   Code   RO         1632    .ARM.Collect$$libshutdown$$0000000A  c_w.l(libshutdown2.o)
    0x08000206   0x08000206   0x00000000   Code   RO         1634    .ARM.Collect$$libshutdown$$0000000C  c_w.l(libshutdown2.o)
    0x08000206   0x08000206   0x00000000   Code   RO         1637    .ARM.Collect$$libshutdown$$0000000F  c_w.l(libshutdown2.o)
    0x08000206   0x08000206   0x00000002   Code   RO         1638    .ARM.Collect$$libshutdown$$00000010  c_w.l(libshutdown2.o)
    0x08000208   0x08000208   0x00000000   Code   RO         1437    .ARM.Collect$$rtentry$$00000000  c_w.l(__rtentry.o)
    0x08000208   0x08000208   0x00000000   Code   RO         1505    .ARM.Collect$$rtentry$$00000002  c_w.l(__rtentry2.o)
    0x08000208   0x08000208   0x00000006   Code   RO         1517    .ARM.Collect$$rtentry$$00000004  c_w.l(__rtentry4.o)
    0x0800020e   0x0800020e   0x00000000   Code   RO         1507    .ARM.Collect$$rtentry$$00000009  c_w.l(__rtentry2.o)
    0x0800020e   0x0800020e   0x00000004   Code   RO         1508    .ARM.Collect$$rtentry$$0000000A  c_w.l(__rtentry2.o)
    0x08000212   0x08000212   0x00000000   Code   RO         1510    .ARM.Collect$$rtentry$$0000000C  c_w.l(__rtentry2.o)
    0x08000212   0x08000212   0x00000008   Code   RO         1511    .ARM.Collect$$rtentry$$0000000D  c_w.l(__rtentry2.o)
    0x0800021a   0x0800021a   0x00000002   Code   RO         1543    .ARM.Collect$$rtexit$$00000000  c_w.l(rtexit.o)
    0x0800021c   0x0800021c   0x00000000   Code   RO         1593    .ARM.Collect$$rtexit$$00000002  c_w.l(rtexit2.o)
    0x0800021c   0x0800021c   0x00000004   Code   RO         1594    .ARM.Collect$$rtexit$$00000003  c_w.l(rtexit2.o)
    0x08000220   0x08000220   0x00000006   Code   RO         1595    .ARM.Collect$$rtexit$$00000004  c_w.l(rtexit2.o)
    0x08000226   0x08000226   0x00000002   PAD
    0x08000228   0x08000228   0x00000040   Code   RO          397    .text               startup_stm32f40_41xxx.o
    0x08000268   0x08000268   0x00000064   Code   RO         1367    .text               c_w.l(rt_memcpy_w.o)
    0x080002cc   0x080002cc   0x00000006   Code   RO         1369    .text               c_w.l(heapauxi.o)
    0x080002d2   0x080002d2   0x00000016   Code   RO         1438    .text               c_w.l(_rserrno.o)
    0x080002e8   0x080002e8   0x00000008   Code   RO         1522    .text               c_w.l(rt_errno_addr_intlibspace.o)
    0x080002f0   0x080002f0   0x00000008   Code   RO         1528    .text               c_w.l(libspace.o)
    0x080002f8   0x080002f8   0x0000004a   Code   RO         1531    .text               c_w.l(sys_stackheap_outer.o)
    0x08000342   0x08000342   0x00000012   Code   RO         1533    .text               c_w.l(exit.o)
    0x08000354   0x08000354   0x0000000c   Code   RO         1603    .text               c_w.l(sys_exit.o)
    0x08000360   0x08000360   0x00000002   Code   RO         1614    .text               c_w.l(use_no_semi.o)
    0x08000362   0x08000362   0x00000000   Code   RO         1616    .text               c_w.l(indicate_semi.o)
    0x08000362   0x08000362   0x00000004   Code   RO          216    i.BusFault_Handler  system_timetick.o
    0x08000366   0x08000366   0x00000002   PAD
    0x08000368   0x08000368   0x00000058   Code   RO         1250    i.DMA_Init          stm32f4xx_dma.o
    0x080003c0   0x080003c0   0x00000002   Code   RO          217    i.DebugMon_Handler  system_timetick.o
    0x080003c2   0x080003c2   0x00000090   Code   RO          479    i.GPIO_Init         stm32f4xx_gpio.o
    0x08000452   0x08000452   0x00000046   Code   RO          480    i.GPIO_PinAFConfig  stm32f4xx_gpio.o
    0x08000498   0x08000498   0x00000004   Code   RO          486    i.GPIO_ResetBits    stm32f4xx_gpio.o
    0x0800049c   0x0800049c   0x00000004   Code   RO          487    i.GPIO_SetBits      stm32f4xx_gpio.o
    0x080004a0   0x080004a0   0x00000004   Code   RO          218    i.HardFault_Handler  system_timetick.o
    0x080004a4   0x080004a4   0x00000004   Code   RO          219    i.MemManage_Handler  system_timetick.o
    0x080004a8   0x080004a8   0x00000002   Code   RO          220    i.NMI_Handler       system_timetick.o
    0x080004aa   0x080004aa   0x00000002   Code   RO          221    i.PendSV_Handler    system_timetick.o
    0x080004ac   0x080004ac   0x00000020   Code   RO          712    i.RCC_AHB1PeriphClockCmd  stm32f4xx_rcc.o
    0x080004cc   0x080004cc   0x00000020   Code   RO          718    i.RCC_AHB3PeriphClockCmd  stm32f4xx_rcc.o
    0x080004ec   0x080004ec   0x00000020   Code   RO          721    i.RCC_APB1PeriphClockCmd  stm32f4xx_rcc.o
    0x0800050c   0x0800050c   0x000000e8   Code   RO          733    i.RCC_GetClocksFreq  stm32f4xx_rcc.o
    0x080005f4   0x080005f4   0x00000002   Code   RO          222    i.SVC_Handler       system_timetick.o
    0x080005f6   0x080005f6   0x00000002   PAD
    0x080005f8   0x080005f8   0x000000ec   Code   RO          171    i.SetSysClock       system_stm32f4xx.o
    0x080006e4   0x080006e4   0x0000001c   Code   RO          223    i.SysTick_Handler   system_timetick.o
    0x08000700   0x08000700   0x00000068   Code   RO          173    i.SystemInit        system_stm32f4xx.o
    0x08000768   0x08000768   0x00000018   Code   RO         1048    i.USART_Cmd         stm32f4xx_usart.o
    0x08000780   0x08000780   0x00000012   Code   RO         1049    i.USART_DMACmd      stm32f4xx_usart.o
    0x08000792   0x08000792   0x00000002   PAD
    0x08000794   0x08000794   0x000000d4   Code   RO         1055    i.USART_Init        stm32f4xx_usart.o
    0x08000868   0x08000868   0x00000004   Code   RO          224    i.UsageFault_Handler  system_timetick.o
    0x0800086c   0x0800086c   0x00000030   Code   RO         1499    i.__ARM_fpclassify  m_wm.l(fpclassify.o)
    0x0800089c   0x0800089c   0x00000004   PAD
    0x080008a0   0x080008a0   0x000002d8   Code   RO         1465    i.__hardfp_atan     m_wm.l(atan.o)
    0x08000b78   0x08000b78   0x000001f0   Code   RO         1393    i.__hardfp_atan2    m_wm.l(atan2.o)
    0x08000d68   0x08000d68   0x00000118   Code   RO         1405    i.__hardfp_floor    m_wm.l(floor.o)
    0x08000e80   0x08000e80   0x00000c50   Code   RO         1411    i.__hardfp_pow      m_wm.l(pow.o)
    0x08001ad0   0x08001ad0   0x0000007a   Code   RO         1425    i.__hardfp_sqrt     m_wm.l(sqrt.o)
    0x08001b4a   0x08001b4a   0x000000f8   Code   RO         1501    i.__kernel_poly     m_wm.l(poly.o)
    0x08001c42   0x08001c42   0x00000006   PAD
    0x08001c48   0x08001c48   0x00000030   Code   RO         1479    i.__mathlib_dbl_divzero  m_wm.l(dunder.o)
    0x08001c78   0x08001c78   0x00000014   Code   RO         1480    i.__mathlib_dbl_infnan  m_wm.l(dunder.o)
    0x08001c8c   0x08001c8c   0x00000014   Code   RO         1481    i.__mathlib_dbl_infnan2  m_wm.l(dunder.o)
    0x08001ca0   0x08001ca0   0x00000020   Code   RO         1482    i.__mathlib_dbl_invalid  m_wm.l(dunder.o)
    0x08001cc0   0x08001cc0   0x00000020   Code   RO         1483    i.__mathlib_dbl_overflow  m_wm.l(dunder.o)
    0x08001ce0   0x08001ce0   0x00000020   Code   RO         1485    i.__mathlib_dbl_underflow  m_wm.l(dunder.o)
    0x08001d00   0x08001d00   0x00000010   Code   RO         1467    i.atan              m_wm.l(atan.o)
    0x08001d10   0x08001d10   0x000001d8   Code   RO            4    i.calculate_pulse   main.o
    0x08001ee8   0x08001ee8   0x00000080   Code   RO          298    i.cnc_init          driver.o
    0x08001f68   0x08001f68   0x00000048   Code   RO          299    i.delay_01ms        driver.o
    0x08001fb0   0x08001fb0   0x00000018   Code   RO         1495    i.fabs              m_wm.l(fabs.o)
    0x08001fc8   0x08001fc8   0x00000148   Code   RO          301    i.fsmc_init         driver.o
    0x08002110   0x08002110   0x00000008   Code   RO          302    i.fsmc_read         driver.o
    0x08002118   0x08002118   0x00000004   Code   RO          303    i.fsmc_write        driver.o
    0x0800211c   0x0800211c   0x00000014   Code   RO          304    i.init_main         driver.o
    0x08002130   0x08002130   0x000000fc   Code   RO          305    i.init_uart         driver.o
    0x0800222c   0x0800222c   0x00000480   Code   RO            5    i.inverse_kinematic  main.o
    0x080026ac   0x080026ac   0x00000034   Code   RO          306    i.limitswitch_init  driver.o
    0x080026e0   0x080026e0   0x000003d4   Code   RO            6    i.main              main.o
    0x08002ab4   0x08002ab4   0x0000006e   Code   RO         1427    i.sqrt              m_wm.l(sqrt.o)
    0x08002b22   0x08002b22   0x00000018   Code   RO         1440    x$fpl$basic         fz_wm.l(basic.o)
    0x08002b3a   0x08002b3a   0x00000002   PAD
    0x08002b3c   0x08002b3c   0x00000062   Code   RO         1373    x$fpl$d2f           fz_wm.l(d2f.o)
    0x08002b9e   0x08002b9e   0x00000002   PAD
    0x08002ba0   0x08002ba0   0x00000150   Code   RO         1375    x$fpl$dadd          fz_wm.l(daddsub_clz.o)
    0x08002cf0   0x08002cf0   0x00000010   Code   RO         1524    x$fpl$dcheck1       fz_wm.l(dcheck1.o)
    0x08002d00   0x08002d00   0x00000018   Code   RO         1526    x$fpl$dcmpinf       fz_wm.l(dcmpi.o)
    0x08002d18   0x08002d18   0x000002b0   Code   RO         1382    x$fpl$ddiv          fz_wm.l(ddiv.o)
    0x08002fc8   0x08002fc8   0x0000005a   Code   RO         1385    x$fpl$dfixu         fz_wm.l(dfixu.o)
    0x08003022   0x08003022   0x0000002e   Code   RO         1443    x$fpl$dflt          fz_wm.l(dflt_clz.o)
    0x08003050   0x08003050   0x00000078   Code   RO         1448    x$fpl$dleqf         fz_wm.l(dleqf.o)
    0x080030c8   0x080030c8   0x00000154   Code   RO         1389    x$fpl$dmul          fz_wm.l(dmul.o)
    0x0800321c   0x0800321c   0x0000009c   Code   RO         1450    x$fpl$dnaninf       fz_wm.l(dnaninf.o)
    0x080032b8   0x080032b8   0x0000000c   Code   RO         1452    x$fpl$dretinf       fz_wm.l(dretinf.o)
    0x080032c4   0x080032c4   0x0000006c   Code   RO         1454    x$fpl$drleqf        fz_wm.l(drleqf.o)
    0x08003330   0x08003330   0x00000016   Code   RO         1376    x$fpl$drsb          fz_wm.l(daddsub_clz.o)
    0x08003346   0x08003346   0x00000002   PAD
    0x08003348   0x08003348   0x00000198   Code   RO         1456    x$fpl$dsqrt         fz_wm.l(dsqrt_umaal.o)
    0x080034e0   0x080034e0   0x000001d4   Code   RO         1377    x$fpl$dsub          fz_wm.l(daddsub_clz.o)
    0x080036b4   0x080036b4   0x00000056   Code   RO         1391    x$fpl$f2d           fz_wm.l(f2d.o)
    0x0800370a   0x0800370a   0x0000008c   Code   RO         1458    x$fpl$fnaninf       fz_wm.l(fnaninf.o)
    0x08003796   0x08003796   0x0000000a   Code   RO         1601    x$fpl$fpinit        fz_wm.l(fpinit.o)
    0x080037a0   0x080037a0   0x0000000a   Code   RO         1460    x$fpl$fretinf       fz_wm.l(fretinf.o)
    0x080037aa   0x080037aa   0x00000064   Code   RO         1541    x$fpl$retnan        fz_wm.l(retnan.o)
    0x0800380e   0x0800380e   0x0000005c   Code   RO         1462    x$fpl$scalbn        fz_wm.l(scalbn.o)
    0x0800386a   0x0800386a   0x00000030   Code   RO         1590    x$fpl$trapveneer    fz_wm.l(trapv.o)
    0x0800389a   0x0800389a   0x00000000   Code   RO         1464    x$fpl$usenofp       fz_wm.l(usenofp.o)
    0x0800389a   0x0800389a   0x00000002   PAD
    0x0800389c   0x0800389c   0x00000180   Data   RO            8    .constdata          main.o
    0x08003a1c   0x08003a1c   0x00000004   PAD
    0x08003a20   0x08003a20   0x00000088   Data   RO         1414    .constdata          m_wm.l(pow.o)
    0x08003aa8   0x08003aa8   0x00000098   Data   RO         1468    .constdata          m_wm.l(atan.o)
    0x08003b40   0x08003b40   0x00000008   Data   RO         1503    .constdata          m_wm.l(qnan.o)
    0x08003b48   0x08003b48   0x00000020   Data   RO         1669    Region$$Table       anon$$obj.o


    Execution Region RW_IRAM1 (Exec base: 0x20000000, Load base: 0x08003b68, Size: 0x00000748, Max: 0x00020000, ABSOLUTE)

    Exec Addr    Load Addr    Size         Type   Attr      Idx    E Section Name        Object

    0x20000000   0x08003b68   0x00000078   Data   RW            9    .data               main.o
    0x20000078   0x08003be0   0x00000014   Data   RW          174    .data               system_stm32f4xx.o
    0x2000008c   0x08003bf4   0x00000008   Data   RW          225    .data               system_timetick.o
    0x20000094   0x08003bfc   0x00000010   Data   RW          764    .data               stm32f4xx_rcc.o
    0x200000a4        -       0x0000000c   Zero   RW            7    .bss                main.o
    0x200000b0        -       0x00000032   Zero   RW          307    .bss                driver.o
    0x200000e2   0x08003c0c   0x00000002   PAD
    0x200000e4        -       0x00000060   Zero   RW         1529    .bss                c_w.l(libspace.o)
    0x20000144   0x08003c0c   0x00000004   PAD
    0x20000148        -       0x00000200   Zero   RW          395    HEAP                startup_stm32f40_41xxx.o
    0x20000348        -       0x00000400   Zero   RW          394    STACK               startup_stm32f40_41xxx.o


==============================================================================

Image component sizes


      Code (inc. data)   RO Data    RW Data    ZI Data      Debug   Object Name

       864         50          0          0         50       4929   driver.o
      2604        230        384        120         12     306525   main.o
         0          0          0          0          0     226980   misc.o
        64         26        392          0       1536        812   startup_stm32f40_41xxx.o
        88          6          0          0          0       1979   stm32f4xx_dma.o
       222          0          0          0          0       3115   stm32f4xx_gpio.o
       328         36          0         16          0       4851   stm32f4xx_rcc.o
       254          8          0          0          0       2884   stm32f4xx_usart.o
       340         32          0         20          0       1809   system_stm32f4xx.o
        52         10          0          8          0       4197   system_timetick.o

    ----------------------------------------------------------------------
      4822        398        812        164       1600     558081   Object Totals
         0          0         32          0          0          0   (incl. Generated)
         6          0          4          0          2          0   (incl. Padding)

    ----------------------------------------------------------------------

      Code (inc. data)   RO Data    RW Data    ZI Data      Debug   Library Member Name

         8          0          0          0          0         68   __main.o
         0          0          0          0          0          0   __rtentry.o
        12          0          0          0          0          0   __rtentry2.o
         6          0          0          0          0          0   __rtentry4.o
        52          8          0          0          0          0   __scatter.o
        26          0          0          0          0          0   __scatter_copy.o
        28          0          0          0          0          0   __scatter_zi.o
        22          0          0          0          0        100   _rserrno.o
        18          0          0          0          0         80   exit.o
         6          0          0          0          0        152   heapauxi.o
         0          0          0          0          0          0   indicate_semi.o
         2          0          0          0          0          0   libinit.o
         6          0          0          0          0          0   libinit2.o
         2          0          0          0          0          0   libshutdown.o
         2          0          0          0          0          0   libshutdown2.o
         8          4          0          0         96         68   libspace.o
         8          4          0          0          0         68   rt_errno_addr_intlibspace.o
       100          0          0          0          0         80   rt_memcpy_w.o
         2          0          0          0          0          0   rtexit.o
        10          0          0          0          0          0   rtexit2.o
        12          4          0          0          0         68   sys_exit.o
        74          0          0          0          0         80   sys_stackheap_outer.o
         2          0          0          0          0         68   use_no_semi.o
        24          0          0          0          0        164   basic.o
        98          4          0          0          0        140   d2f.o
       826         16          0          0          0        492   daddsub_clz.o
        16          4          0          0          0        116   dcheck1.o
        24          0          0          0          0        116   dcmpi.o
       688        140          0          0          0        256   ddiv.o
        90          4          0          0          0        140   dfixu.o
        46          0          0          0          0        116   dflt_clz.o
       120          4          0          0          0        140   dleqf.o
       340         12          0          0          0        152   dmul.o
       156          4          0          0          0        140   dnaninf.o
        12          0          0          0          0        116   dretinf.o
       108          0          0          0          0        128   drleqf.o
       408         56          0          0          0        168   dsqrt_umaal.o
        86          4          0          0          0        132   f2d.o
       140          4          0          0          0        132   fnaninf.o
        10          0          0          0          0        116   fpinit.o
        10          0          0          0          0        116   fretinf.o
       100          0          0          0          0        116   retnan.o
        92          0          0          0          0        116   scalbn.o
        48          0          0          0          0        116   trapv.o
         0          0          0          0          0          0   usenofp.o
       744        106        152          0          0        352   atan.o
       496         64          0          0          0        192   atan2.o
       184         44          0          0          0        744   dunder.o
        24          0          0          0          0        124   fabs.o
       280         28          0          0          0        156   floor.o
        48          0          0          0          0        124   fpclassify.o
       248          0          0          0          0        152   poly.o
      3152        296        136          0          0        352   pow.o
         0          0          8          0          0          0   qnan.o
       232          0          0          0          0        296   sqrt.o

    ----------------------------------------------------------------------
      9278        810        296          0        100       6552   Library Totals
        22          0          0          0          4          0   (incl. Padding)

    ----------------------------------------------------------------------

      Code (inc. data)   RO Data    RW Data    ZI Data      Debug   Library Name

       406         20          0          0         96        832   c_w.l
      3442        252          0          0          0       3228   fz_wm.l
      5408        538        296          0          0       2492   m_wm.l

    ----------------------------------------------------------------------
      9278        810        296          0        100       6552   Library Totals

    ----------------------------------------------------------------------

==============================================================================


      Code (inc. data)   RO Data    RW Data    ZI Data      Debug   

     14100       1208       1108        164       1700     557621   Grand Totals
     14100       1208       1108        164       1700     557621   ELF Image Totals
     14100       1208       1108        164          0          0   ROM Totals

==============================================================================

    Total RO  Size (Code + RO Data)                15208 (  14.85kB)
    Total RW  Size (RW Data + ZI Data)              1864 (   1.82kB)
    Total ROM Size (Code + RO Data + RW Data)      15372 (  15.01kB)

==============================================================================

