<!doctype html public "-//w3c//dtd html 4.0 transitional//en">
<html><head>
<title>Static Call Graph - [.\Output\mayin.axf]</title></head>
<body><HR>
<H1>Static Call Graph for image .\Output\mayin.axf</H1><HR>
<BR><P>#&#060CALLGRAPH&#062# ARM Linker, 5060750: Last Updated: Tue May 22 09:51:45 2018
<BR><P>
<H3>Maximum Stack Usage =        472 bytes + Unknown(Functions without stacksize, Cycles, Untraceable Function Pointers)</H3><H3>
Call chain for Maximum Stack Depth:</H3>
Pos_Handler &rArr; Calculate_Servo_Deg &rArr; Cal_Servo_Degree &rArr; __hardfp_sqrt &rArr; _dsqrt &rArr; __fpl_dnaninf
<P>
<H3>
Functions with no stack information
</H3><UL>
 <LI><a href="#[1a0]">__user_initial_stackheap</a>
</UL>
</UL>
<P>
<H3>
Mutually Recursive functions
</H3> <LI><a href="#[38]">ADC_IRQHandler</a>&nbsp;&nbsp;&nbsp;&rArr;&nbsp;&nbsp;&nbsp;<a href="#[38]">ADC_IRQHandler</a><BR>
</UL>
<P>
<H3>
Function Pointers
</H3><UL>
 <LI><a href="#[38]">ADC_IRQHandler</a> from startup_stm32f4xx.o(.text) referenced from startup_stm32f4xx.o(RESET)
 <LI><a href="#[7]">All_Pos_Handler</a> from control.o(.text) referenced 2 times from uart.o(.data)
 <LI><a href="#[20]">BusFault_Handler</a> from system_timetick.o(.text) referenced from startup_stm32f4xx.o(RESET)
 <LI><a href="#[3a]">CAN1_RX0_IRQHandler</a> from startup_stm32f4xx.o(.text) referenced from startup_stm32f4xx.o(RESET)
 <LI><a href="#[3b]">CAN1_RX1_IRQHandler</a> from startup_stm32f4xx.o(.text) referenced from startup_stm32f4xx.o(RESET)
 <LI><a href="#[3c]">CAN1_SCE_IRQHandler</a> from startup_stm32f4xx.o(.text) referenced from startup_stm32f4xx.o(RESET)
 <LI><a href="#[39]">CAN1_TX_IRQHandler</a> from startup_stm32f4xx.o(.text) referenced from startup_stm32f4xx.o(RESET)
 <LI><a href="#[66]">CAN2_RX0_IRQHandler</a> from startup_stm32f4xx.o(.text) referenced from startup_stm32f4xx.o(RESET)
 <LI><a href="#[67]">CAN2_RX1_IRQHandler</a> from startup_stm32f4xx.o(.text) referenced from startup_stm32f4xx.o(RESET)
 <LI><a href="#[68]">CAN2_SCE_IRQHandler</a> from startup_stm32f4xx.o(.text) referenced from startup_stm32f4xx.o(RESET)
 <LI><a href="#[65]">CAN2_TX_IRQHandler</a> from startup_stm32f4xx.o(.text) referenced from startup_stm32f4xx.o(RESET)
 <LI><a href="#[75]">CRYP_IRQHandler</a> from startup_stm32f4xx.o(.text) referenced from startup_stm32f4xx.o(RESET)
 <LI><a href="#[74]">DCMI_IRQHandler</a> from startup_stm32f4xx.o(.text) referenced from startup_stm32f4xx.o(RESET)
 <LI><a href="#[31]">DMA1_Stream0_IRQHandler</a> from startup_stm32f4xx.o(.text) referenced from startup_stm32f4xx.o(RESET)
 <LI><a href="#[32]">DMA1_Stream1_IRQHandler</a> from startup_stm32f4xx.o(.text) referenced from startup_stm32f4xx.o(RESET)
 <LI><a href="#[33]">DMA1_Stream2_IRQHandler</a> from hmi_handler.o(.text) referenced from startup_stm32f4xx.o(RESET)
 <LI><a href="#[34]">DMA1_Stream3_IRQHandler</a> from startup_stm32f4xx.o(.text) referenced from startup_stm32f4xx.o(RESET)
 <LI><a href="#[35]">DMA1_Stream4_IRQHandler</a> from startup_stm32f4xx.o(.text) referenced from startup_stm32f4xx.o(RESET)
 <LI><a href="#[36]">DMA1_Stream5_IRQHandler</a> from startup_stm32f4xx.o(.text) referenced from startup_stm32f4xx.o(RESET)
 <LI><a href="#[37]">DMA1_Stream6_IRQHandler</a> from startup_stm32f4xx.o(.text) referenced from startup_stm32f4xx.o(RESET)
 <LI><a href="#[55]">DMA1_Stream7_IRQHandler</a> from startup_stm32f4xx.o(.text) referenced from startup_stm32f4xx.o(RESET)
 <LI><a href="#[5e]">DMA2_Stream0_IRQHandler</a> from startup_stm32f4xx.o(.text) referenced from startup_stm32f4xx.o(RESET)
 <LI><a href="#[5f]">DMA2_Stream1_IRQHandler</a> from startup_stm32f4xx.o(.text) referenced from startup_stm32f4xx.o(RESET)
 <LI><a href="#[60]">DMA2_Stream2_IRQHandler</a> from startup_stm32f4xx.o(.text) referenced from startup_stm32f4xx.o(RESET)
 <LI><a href="#[61]">DMA2_Stream3_IRQHandler</a> from startup_stm32f4xx.o(.text) referenced from startup_stm32f4xx.o(RESET)
 <LI><a href="#[62]">DMA2_Stream4_IRQHandler</a> from startup_stm32f4xx.o(.text) referenced from startup_stm32f4xx.o(RESET)
 <LI><a href="#[6a]">DMA2_Stream5_IRQHandler</a> from startup_stm32f4xx.o(.text) referenced from startup_stm32f4xx.o(RESET)
 <LI><a href="#[6b]">DMA2_Stream6_IRQHandler</a> from startup_stm32f4xx.o(.text) referenced from startup_stm32f4xx.o(RESET)
 <LI><a href="#[6c]">DMA2_Stream7_IRQHandler</a> from startup_stm32f4xx.o(.text) referenced from startup_stm32f4xx.o(RESET)
 <LI><a href="#[23]">DebugMon_Handler</a> from system_timetick.o(.text) referenced from startup_stm32f4xx.o(RESET)
 <LI><a href="#[63]">ETH_IRQHandler</a> from startup_stm32f4xx.o(.text) referenced from startup_stm32f4xx.o(RESET)
 <LI><a href="#[64]">ETH_WKUP_IRQHandler</a> from startup_stm32f4xx.o(.text) referenced from startup_stm32f4xx.o(RESET)
 <LI><a href="#[2c]">EXTI0_IRQHandler</a> from startup_stm32f4xx.o(.text) referenced from startup_stm32f4xx.o(RESET)
 <LI><a href="#[4e]">EXTI15_10_IRQHandler</a> from gpio.o(.text) referenced from startup_stm32f4xx.o(RESET)
 <LI><a href="#[2d]">EXTI1_IRQHandler</a> from gpio.o(.text) referenced from startup_stm32f4xx.o(RESET)
 <LI><a href="#[2e]">EXTI2_IRQHandler</a> from gpio.o(.text) referenced from startup_stm32f4xx.o(RESET)
 <LI><a href="#[2f]">EXTI3_IRQHandler</a> from gpio.o(.text) referenced from startup_stm32f4xx.o(RESET)
 <LI><a href="#[30]">EXTI4_IRQHandler</a> from gpio.o(.text) referenced from startup_stm32f4xx.o(RESET)
 <LI><a href="#[3d]">EXTI9_5_IRQHandler</a> from gpio.o(.text) referenced from startup_stm32f4xx.o(RESET)
 <LI><a href="#[1a]">Enable_Update_Data_Platform_Pos</a> from uart.o(.text) referenced 2 times from uart.o(.data)
 <LI><a href="#[1b]">Enable_Update_Data_Servo_Pos</a> from uart.o(.text) referenced 2 times from uart.o(.data)
 <LI><a href="#[2a]">FLASH_IRQHandler</a> from startup_stm32f4xx.o(.text) referenced from startup_stm32f4xx.o(RESET)
 <LI><a href="#[77]">FPU_IRQHandler</a> from startup_stm32f4xx.o(.text) referenced from startup_stm32f4xx.o(RESET)
 <LI><a href="#[56]">FSMC_IRQHandler</a> from startup_stm32f4xx.o(.text) referenced from startup_stm32f4xx.o(RESET)
 <LI><a href="#[76]">HASH_RNG_IRQHandler</a> from startup_stm32f4xx.o(.text) referenced from startup_stm32f4xx.o(RESET)
 <LI><a href="#[1e]">HardFault_Handler</a> from system_timetick.o(.text) referenced from startup_stm32f4xx.o(RESET)
 <LI><a href="#[9]">Home_Handler</a> from control.o(.text) referenced 2 times from uart.o(.data)
 <LI><a href="#[a]">Home_Model_Handler</a> from control.o(.text) referenced 2 times from uart.o(.data)
 <LI><a href="#[46]">I2C1_ER_IRQHandler</a> from startup_stm32f4xx.o(.text) referenced from startup_stm32f4xx.o(RESET)
 <LI><a href="#[45]">I2C1_EV_IRQHandler</a> from startup_stm32f4xx.o(.text) referenced from startup_stm32f4xx.o(RESET)
 <LI><a href="#[48]">I2C2_ER_IRQHandler</a> from startup_stm32f4xx.o(.text) referenced from startup_stm32f4xx.o(RESET)
 <LI><a href="#[47]">I2C2_EV_IRQHandler</a> from startup_stm32f4xx.o(.text) referenced from startup_stm32f4xx.o(RESET)
 <LI><a href="#[6f]">I2C3_ER_IRQHandler</a> from startup_stm32f4xx.o(.text) referenced from startup_stm32f4xx.o(RESET)
 <LI><a href="#[6e]">I2C3_EV_IRQHandler</a> from startup_stm32f4xx.o(.text) referenced from startup_stm32f4xx.o(RESET)
 <LI><a href="#[1f]">MemManage_Handler</a> from system_timetick.o(.text) referenced from startup_stm32f4xx.o(RESET)
 <LI><a href="#[1d]">NMI_Handler</a> from system_timetick.o(.text) referenced from startup_stm32f4xx.o(RESET)
 <LI><a href="#[69]">OTG_FS_IRQHandler</a> from startup_stm32f4xx.o(.text) referenced from startup_stm32f4xx.o(RESET)
 <LI><a href="#[50]">OTG_FS_WKUP_IRQHandler</a> from startup_stm32f4xx.o(.text) referenced from startup_stm32f4xx.o(RESET)
 <LI><a href="#[71]">OTG_HS_EP1_IN_IRQHandler</a> from startup_stm32f4xx.o(.text) referenced from startup_stm32f4xx.o(RESET)
 <LI><a href="#[70]">OTG_HS_EP1_OUT_IRQHandler</a> from startup_stm32f4xx.o(.text) referenced from startup_stm32f4xx.o(RESET)
 <LI><a href="#[73]">OTG_HS_IRQHandler</a> from startup_stm32f4xx.o(.text) referenced from startup_stm32f4xx.o(RESET)
 <LI><a href="#[72]">OTG_HS_WKUP_IRQHandler</a> from startup_stm32f4xx.o(.text) referenced from startup_stm32f4xx.o(RESET)
 <LI><a href="#[27]">PVD_IRQHandler</a> from startup_stm32f4xx.o(.text) referenced from startup_stm32f4xx.o(RESET)
 <LI><a href="#[24]">PendSV_Handler</a> from system_timetick.o(.text) referenced from startup_stm32f4xx.o(RESET)
 <LI><a href="#[6]">Pos_Handler</a> from control.o(.text) referenced 2 times from uart.o(.data)
 <LI><a href="#[2b]">RCC_IRQHandler</a> from startup_stm32f4xx.o(.text) referenced from startup_stm32f4xx.o(RESET)
 <LI><a href="#[4f]">RTC_Alarm_IRQHandler</a> from startup_stm32f4xx.o(.text) referenced from startup_stm32f4xx.o(RESET)
 <LI><a href="#[29]">RTC_WKUP_IRQHandler</a> from startup_stm32f4xx.o(.text) referenced from startup_stm32f4xx.o(RESET)
 <LI><a href="#[1c]">Reset_Handler</a> from startup_stm32f4xx.o(.text) referenced from startup_stm32f4xx.o(RESET)
 <LI><a href="#[19]">Reset_Model_Handler</a> from control.o(.text) referenced 2 times from uart.o(.data)
 <LI><a href="#[17]">Reset_Servo_Handler</a> from control.o(.text) referenced 2 times from uart.o(.data)
 <LI><a href="#[57]">SDIO_IRQHandler</a> from startup_stm32f4xx.o(.text) referenced from startup_stm32f4xx.o(RESET)
 <LI><a href="#[49]">SPI1_IRQHandler</a> from startup_stm32f4xx.o(.text) referenced from startup_stm32f4xx.o(RESET)
 <LI><a href="#[4a]">SPI2_IRQHandler</a> from startup_stm32f4xx.o(.text) referenced from startup_stm32f4xx.o(RESET)
 <LI><a href="#[59]">SPI3_IRQHandler</a> from startup_stm32f4xx.o(.text) referenced from startup_stm32f4xx.o(RESET)
 <LI><a href="#[22]">SVC_Handler</a> from system_timetick.o(.text) referenced from startup_stm32f4xx.o(RESET)
 <LI><a href="#[18]">Servo_On_Off_Handler</a> from control.o(.text) referenced 2 times from uart.o(.data)
 <LI><a href="#[4]">Servo_Pos_Handler</a> from control.o(.text) referenced 2 times from uart.o(.data)
 <LI><a href="#[5]">Servo_Vel_Handler</a> from control.o(.text) referenced 2 times from uart.o(.data)
 <LI><a href="#[c]">Set_Model_Control_Mode_Handler</a> from control.o(.text) referenced 2 times from uart.o(.data)
 <LI><a href="#[d]">Set_Model_Test_Mode_Handler</a> from control.o(.text) referenced 2 times from uart.o(.data)
 <LI><a href="#[15]">Set_Test_Circle_Mode_Handler</a> from control.o(.text) referenced 2 times from uart.o(.data)
 <LI><a href="#[13]">Set_Test_Pitch_Mode_Handler</a> from control.o(.text) referenced 2 times from uart.o(.data)
 <LI><a href="#[e]">Set_Test_Pulse_Mode_Handler</a> from control.o(.text) referenced 2 times from uart.o(.data)
 <LI><a href="#[12]">Set_Test_Roll_Mode_Handler</a> from control.o(.text) referenced 2 times from uart.o(.data)
 <LI><a href="#[16]">Set_Test_Square_Mode_Handler</a> from control.o(.text) referenced 2 times from uart.o(.data)
 <LI><a href="#[f]">Set_Test_X_Mode_Handler</a> from control.o(.text) referenced 2 times from uart.o(.data)
 <LI><a href="#[10]">Set_Test_Y_Mode_Handler</a> from control.o(.text) referenced 2 times from uart.o(.data)
 <LI><a href="#[14]">Set_Test_Yaw_Mode_Handler</a> from control.o(.text) referenced 2 times from uart.o(.data)
 <LI><a href="#[11]">Set_Test_Z_Mode_Handler</a> from control.o(.text) referenced 2 times from uart.o(.data)
 <LI><a href="#[2]">Start_Handler</a> from control.o(.text) referenced 2 times from uart.o(.data)
 <LI><a href="#[3]">Stop_Handler</a> from control.o(.text) referenced 2 times from uart.o(.data)
 <LI><a href="#[25]">SysTick_Handler</a> from system_timetick.o(.text) referenced from startup_stm32f4xx.o(RESET)
 <LI><a href="#[7a]">SystemInit</a> from system_stm32f4xx.o(.text) referenced from startup_stm32f4xx.o(.text)
 <LI><a href="#[28]">TAMP_STAMP_IRQHandler</a> from startup_stm32f4xx.o(.text) referenced from startup_stm32f4xx.o(RESET)
 <LI><a href="#[3e]">TIM1_BRK_TIM9_IRQHandler</a> from startup_stm32f4xx.o(.text) referenced from startup_stm32f4xx.o(RESET)
 <LI><a href="#[41]">TIM1_CC_IRQHandler</a> from startup_stm32f4xx.o(.text) referenced from startup_stm32f4xx.o(RESET)
 <LI><a href="#[40]">TIM1_TRG_COM_TIM11_IRQHandler</a> from startup_stm32f4xx.o(.text) referenced from startup_stm32f4xx.o(RESET)
 <LI><a href="#[3f]">TIM1_UP_TIM10_IRQHandler</a> from startup_stm32f4xx.o(.text) referenced from startup_stm32f4xx.o(RESET)
 <LI><a href="#[42]">TIM2_IRQHandler</a> from startup_stm32f4xx.o(.text) referenced from startup_stm32f4xx.o(RESET)
 <LI><a href="#[43]">TIM3_IRQHandler</a> from startup_stm32f4xx.o(.text) referenced from startup_stm32f4xx.o(RESET)
 <LI><a href="#[44]">TIM4_IRQHandler</a> from startup_stm32f4xx.o(.text) referenced from startup_stm32f4xx.o(RESET)
 <LI><a href="#[58]">TIM5_IRQHandler</a> from startup_stm32f4xx.o(.text) referenced from startup_stm32f4xx.o(RESET)
 <LI><a href="#[5c]">TIM6_DAC_IRQHandler</a> from startup_stm32f4xx.o(.text) referenced from startup_stm32f4xx.o(RESET)
 <LI><a href="#[5d]">TIM7_IRQHandler</a> from startup_stm32f4xx.o(.text) referenced from startup_stm32f4xx.o(RESET)
 <LI><a href="#[51]">TIM8_BRK_TIM12_IRQHandler</a> from startup_stm32f4xx.o(.text) referenced from startup_stm32f4xx.o(RESET)
 <LI><a href="#[54]">TIM8_CC_IRQHandler</a> from startup_stm32f4xx.o(.text) referenced from startup_stm32f4xx.o(RESET)
 <LI><a href="#[53]">TIM8_TRG_COM_TIM14_IRQHandler</a> from startup_stm32f4xx.o(.text) referenced from startup_stm32f4xx.o(RESET)
 <LI><a href="#[52]">TIM8_UP_TIM13_IRQHandler</a> from startup_stm32f4xx.o(.text) referenced from startup_stm32f4xx.o(RESET)
 <LI><a href="#[5a]">UART4_IRQHandler</a> from startup_stm32f4xx.o(.text) referenced from startup_stm32f4xx.o(RESET)
 <LI><a href="#[5b]">UART5_IRQHandler</a> from startup_stm32f4xx.o(.text) referenced from startup_stm32f4xx.o(RESET)
 <LI><a href="#[4b]">USART1_IRQHandler</a> from startup_stm32f4xx.o(.text) referenced from startup_stm32f4xx.o(RESET)
 <LI><a href="#[4c]">USART2_IRQHandler</a> from startup_stm32f4xx.o(.text) referenced from startup_stm32f4xx.o(RESET)
 <LI><a href="#[4d]">USART3_IRQHandler</a> from startup_stm32f4xx.o(.text) referenced from startup_stm32f4xx.o(RESET)
 <LI><a href="#[6d]">USART6_IRQHandler</a> from startup_stm32f4xx.o(.text) referenced from startup_stm32f4xx.o(RESET)
 <LI><a href="#[b]">Update_Model_Parametter_Handler</a> from control.o(.text) referenced 2 times from uart.o(.data)
 <LI><a href="#[21]">UsageFault_Handler</a> from system_timetick.o(.text) referenced from startup_stm32f4xx.o(RESET)
 <LI><a href="#[8]">Vel_Handler</a> from control.o(.text) referenced 2 times from uart.o(.data)
 <LI><a href="#[26]">WWDG_IRQHandler</a> from startup_stm32f4xx.o(.text) referenced from startup_stm32f4xx.o(RESET)
 <LI><a href="#[7f]">__main</a> from __main.o(!!!main) referenced from startup_stm32f4xx.o(.text)
 <LI><a href="#[7e]">_get_lc_ctype</a> from lc_ctype_c.o(locale$$code) referenced from rt_ctype_table.o(.text)
 <LI><a href="#[7d]">_printf_input_char</a> from _printf_char_common.o(.text) referenced from _printf_char_common.o(.text)
 <LI><a href="#[7c]">_sputc</a> from _sputc.o(.text) referenced from noretval__2sprintf.o(.text)
 <LI><a href="#[79]">myModbusParseRequest05Callback</a> from hmi_handler.o(.text) referenced from hmi_handler.o(.text)
 <LI><a href="#[78]">myModbusParseRequest16Callback</a> from hmi_handler.o(.text) referenced from hmi_handler.o(.text)
</UL>
<P>
<H3>
Global Symbols
</H3>
<P><STRONG><a name="[7f]"></a>__main</STRONG> (Thumb, 8 bytes, Stack size 0 bytes, __main.o(!!!main))
<BR><BR>[Calls]<UL><LI><a href="#[80]">&gt;&gt;</a>&nbsp;&nbsp;&nbsp;__scatterload
<LI><a href="#[81]">&gt;&gt;</a>&nbsp;&nbsp;&nbsp;__rt_entry
</UL>

<P><STRONG><a name="[80]"></a>__scatterload</STRONG> (Thumb, 0 bytes, Stack size unknown bytes, __scatter.o(!!!scatter))
<BR><BR>[Called By]<UL><LI><a href="#[7f]">&gt;&gt;</a>&nbsp;&nbsp;&nbsp;__main
</UL>

<P><STRONG><a name="[82]"></a>__scatterload_rt2</STRONG> (Thumb, 44 bytes, Stack size unknown bytes, __scatter.o(!!!scatter), UNUSED)
<BR><BR>[Calls]<UL><LI><a href="#[81]">&gt;&gt;</a>&nbsp;&nbsp;&nbsp;__rt_entry
</UL>

<P><STRONG><a name="[1ca]"></a>__scatterload_rt2_thumb_only</STRONG> (Thumb, 0 bytes, Stack size unknown bytes, __scatter.o(!!!scatter), UNUSED)

<P><STRONG><a name="[1cb]"></a>__scatterload_null</STRONG> (Thumb, 0 bytes, Stack size unknown bytes, __scatter.o(!!!scatter), UNUSED)

<P><STRONG><a name="[1cc]"></a>__decompress</STRONG> (Thumb, 90 bytes, Stack size unknown bytes, __dczerorl2.o(!!dczerorl2), UNUSED)

<P><STRONG><a name="[1cd]"></a>__decompress1</STRONG> (Thumb, 0 bytes, Stack size unknown bytes, __dczerorl2.o(!!dczerorl2), UNUSED)

<P><STRONG><a name="[1ce]"></a>__scatterload_zeroinit</STRONG> (Thumb, 28 bytes, Stack size unknown bytes, __scatter_zi.o(!!handler_zi), UNUSED)

<P><STRONG><a name="[83]"></a>_printf_d</STRONG> (Thumb, 0 bytes, Stack size unknown bytes, _printf_d.o(.ARM.Collect$$_printf_percent$$00000009))
<BR><BR>[Stack]<UL><LI>Max Depth = 56 + Unknown Stack Size
<LI>Call Chain = _printf_d &rArr; _printf_int_dec &rArr; _printf_int_common
</UL>
<BR>[Calls]<UL><LI><a href="#[84]">&gt;&gt;</a>&nbsp;&nbsp;&nbsp;_printf_int_dec
</UL>

<P><STRONG><a name="[193]"></a>_printf_percent</STRONG> (Thumb, 0 bytes, Stack size unknown bytes, _printf_percent.o(.ARM.Collect$$_printf_percent$$00000000))
<BR><BR>[Called By]<UL><LI><a href="#[192]">&gt;&gt;</a>&nbsp;&nbsp;&nbsp;__printf
</UL>

<P><STRONG><a name="[1cf]"></a>_printf_percent_end</STRONG> (Thumb, 0 bytes, Stack size unknown bytes, _printf_percent_end.o(.ARM.Collect$$_printf_percent$$00000017))

<P><STRONG><a name="[8d]"></a>__rt_lib_init</STRONG> (Thumb, 0 bytes, Stack size unknown bytes, libinit.o(.ARM.Collect$$libinit$$00000000))
<BR><BR>[Called By]<UL><LI><a href="#[8c]">&gt;&gt;</a>&nbsp;&nbsp;&nbsp;__rt_entry_li
</UL>

<P><STRONG><a name="[85]"></a>__rt_lib_init_fp_1</STRONG> (Thumb, 0 bytes, Stack size unknown bytes, libinit2.o(.ARM.Collect$$libinit$$00000001))
<BR><BR>[Calls]<UL><LI><a href="#[86]">&gt;&gt;</a>&nbsp;&nbsp;&nbsp;_fp_init
</UL>

<P><STRONG><a name="[1d0]"></a>__rt_lib_init_heap_1</STRONG> (Thumb, 0 bytes, Stack size unknown bytes, libinit2.o(.ARM.Collect$$libinit$$0000000A))

<P><STRONG><a name="[87]"></a>__rt_lib_init_lc_common</STRONG> (Thumb, 0 bytes, Stack size unknown bytes, libinit2.o(.ARM.Collect$$libinit$$0000000F))
<BR><BR>[Calls]<UL><LI><a href="#[88]">&gt;&gt;</a>&nbsp;&nbsp;&nbsp;__rt_locale
</UL>

<P><STRONG><a name="[1d1]"></a>__rt_lib_init_preinit_1</STRONG> (Thumb, 0 bytes, Stack size unknown bytes, libinit2.o(.ARM.Collect$$libinit$$00000004))

<P><STRONG><a name="[1d2]"></a>__rt_lib_init_rand_1</STRONG> (Thumb, 0 bytes, Stack size unknown bytes, libinit2.o(.ARM.Collect$$libinit$$0000000E))

<P><STRONG><a name="[1d3]"></a>__rt_lib_init_user_alloc_1</STRONG> (Thumb, 0 bytes, Stack size unknown bytes, libinit2.o(.ARM.Collect$$libinit$$0000000C))

<P><STRONG><a name="[1d4]"></a>__rt_lib_init_lc_collate_1</STRONG> (Thumb, 0 bytes, Stack size unknown bytes, libinit2.o(.ARM.Collect$$libinit$$00000011))

<P><STRONG><a name="[89]"></a>__rt_lib_init_lc_ctype_2</STRONG> (Thumb, 0 bytes, Stack size unknown bytes, libinit2.o(.ARM.Collect$$libinit$$00000012))
<BR><BR>[Stack]<UL><LI>Max Depth = 8 + Unknown Stack Size
<LI>Call Chain = __rt_lib_init_lc_ctype_2 &rArr; _get_lc_ctype
</UL>
<BR>[Calls]<UL><LI><a href="#[7e]">&gt;&gt;</a>&nbsp;&nbsp;&nbsp;_get_lc_ctype
</UL>

<P><STRONG><a name="[1d5]"></a>__rt_lib_init_alloca_1</STRONG> (Thumb, 0 bytes, Stack size unknown bytes, libinit2.o(.ARM.Collect$$libinit$$0000002E))

<P><STRONG><a name="[1d6]"></a>__rt_lib_init_argv_1</STRONG> (Thumb, 0 bytes, Stack size unknown bytes, libinit2.o(.ARM.Collect$$libinit$$0000002C))

<P><STRONG><a name="[1d7]"></a>__rt_lib_init_atexit_1</STRONG> (Thumb, 0 bytes, Stack size unknown bytes, libinit2.o(.ARM.Collect$$libinit$$0000001B))

<P><STRONG><a name="[1d8]"></a>__rt_lib_init_clock_1</STRONG> (Thumb, 0 bytes, Stack size unknown bytes, libinit2.o(.ARM.Collect$$libinit$$00000021))

<P><STRONG><a name="[1d9]"></a>__rt_lib_init_cpp_1</STRONG> (Thumb, 0 bytes, Stack size unknown bytes, libinit2.o(.ARM.Collect$$libinit$$00000032))

<P><STRONG><a name="[1da]"></a>__rt_lib_init_exceptions_1</STRONG> (Thumb, 0 bytes, Stack size unknown bytes, libinit2.o(.ARM.Collect$$libinit$$00000030))

<P><STRONG><a name="[1db]"></a>__rt_lib_init_fp_trap_1</STRONG> (Thumb, 0 bytes, Stack size unknown bytes, libinit2.o(.ARM.Collect$$libinit$$0000001F))

<P><STRONG><a name="[1dc]"></a>__rt_lib_init_getenv_1</STRONG> (Thumb, 0 bytes, Stack size unknown bytes, libinit2.o(.ARM.Collect$$libinit$$00000023))

<P><STRONG><a name="[1dd]"></a>__rt_lib_init_lc_ctype_1</STRONG> (Thumb, 0 bytes, Stack size unknown bytes, libinit2.o(.ARM.Collect$$libinit$$00000013))

<P><STRONG><a name="[1de]"></a>__rt_lib_init_lc_monetary_1</STRONG> (Thumb, 0 bytes, Stack size unknown bytes, libinit2.o(.ARM.Collect$$libinit$$00000015))

<P><STRONG><a name="[1df]"></a>__rt_lib_init_lc_numeric_1</STRONG> (Thumb, 0 bytes, Stack size unknown bytes, libinit2.o(.ARM.Collect$$libinit$$00000017))

<P><STRONG><a name="[1e0]"></a>__rt_lib_init_lc_time_1</STRONG> (Thumb, 0 bytes, Stack size unknown bytes, libinit2.o(.ARM.Collect$$libinit$$00000019))

<P><STRONG><a name="[1e1]"></a>__rt_lib_init_return</STRONG> (Thumb, 0 bytes, Stack size unknown bytes, libinit2.o(.ARM.Collect$$libinit$$00000033))

<P><STRONG><a name="[1e2]"></a>__rt_lib_init_signal_1</STRONG> (Thumb, 0 bytes, Stack size unknown bytes, libinit2.o(.ARM.Collect$$libinit$$0000001D))

<P><STRONG><a name="[1e3]"></a>__rt_lib_init_stdio_1</STRONG> (Thumb, 0 bytes, Stack size unknown bytes, libinit2.o(.ARM.Collect$$libinit$$00000025))

<P><STRONG><a name="[92]"></a>__rt_lib_shutdown</STRONG> (Thumb, 0 bytes, Stack size unknown bytes, libshutdown.o(.ARM.Collect$$libshutdown$$00000000))
<BR><BR>[Called By]<UL><LI><a href="#[91]">&gt;&gt;</a>&nbsp;&nbsp;&nbsp;__rt_exit_ls
</UL>

<P><STRONG><a name="[1e4]"></a>__rt_lib_shutdown_cpp_1</STRONG> (Thumb, 0 bytes, Stack size unknown bytes, libshutdown2.o(.ARM.Collect$$libshutdown$$00000002))

<P><STRONG><a name="[1e5]"></a>__rt_lib_shutdown_fp_trap_1</STRONG> (Thumb, 0 bytes, Stack size unknown bytes, libshutdown2.o(.ARM.Collect$$libshutdown$$00000007))

<P><STRONG><a name="[1e6]"></a>__rt_lib_shutdown_heap_1</STRONG> (Thumb, 0 bytes, Stack size unknown bytes, libshutdown2.o(.ARM.Collect$$libshutdown$$0000000F))

<P><STRONG><a name="[1e7]"></a>__rt_lib_shutdown_return</STRONG> (Thumb, 0 bytes, Stack size unknown bytes, libshutdown2.o(.ARM.Collect$$libshutdown$$00000010))

<P><STRONG><a name="[1e8]"></a>__rt_lib_shutdown_signal_1</STRONG> (Thumb, 0 bytes, Stack size unknown bytes, libshutdown2.o(.ARM.Collect$$libshutdown$$0000000A))

<P><STRONG><a name="[1e9]"></a>__rt_lib_shutdown_stdio_1</STRONG> (Thumb, 0 bytes, Stack size unknown bytes, libshutdown2.o(.ARM.Collect$$libshutdown$$00000004))

<P><STRONG><a name="[1ea]"></a>__rt_lib_shutdown_user_alloc_1</STRONG> (Thumb, 0 bytes, Stack size unknown bytes, libshutdown2.o(.ARM.Collect$$libshutdown$$0000000C))

<P><STRONG><a name="[81]"></a>__rt_entry</STRONG> (Thumb, 0 bytes, Stack size unknown bytes, __rtentry.o(.ARM.Collect$$rtentry$$00000000))
<BR><BR>[Called By]<UL><LI><a href="#[7f]">&gt;&gt;</a>&nbsp;&nbsp;&nbsp;__main
<LI><a href="#[82]">&gt;&gt;</a>&nbsp;&nbsp;&nbsp;__scatterload_rt2
</UL>

<P><STRONG><a name="[1eb]"></a>__rt_entry_presh_1</STRONG> (Thumb, 0 bytes, Stack size unknown bytes, __rtentry2.o(.ARM.Collect$$rtentry$$00000002))

<P><STRONG><a name="[8a]"></a>__rt_entry_sh</STRONG> (Thumb, 0 bytes, Stack size unknown bytes, __rtentry4.o(.ARM.Collect$$rtentry$$00000004))
<BR><BR>[Stack]<UL><LI>Max Depth = 8 + Unknown Stack Size
<LI>Call Chain = __rt_entry_sh &rArr; __user_setup_stackheap
</UL>
<BR>[Calls]<UL><LI><a href="#[8b]">&gt;&gt;</a>&nbsp;&nbsp;&nbsp;__user_setup_stackheap
</UL>

<P><STRONG><a name="[8c]"></a>__rt_entry_li</STRONG> (Thumb, 0 bytes, Stack size unknown bytes, __rtentry2.o(.ARM.Collect$$rtentry$$0000000A))
<BR><BR>[Calls]<UL><LI><a href="#[8d]">&gt;&gt;</a>&nbsp;&nbsp;&nbsp;__rt_lib_init
</UL>

<P><STRONG><a name="[1ec]"></a>__rt_entry_postsh_1</STRONG> (Thumb, 0 bytes, Stack size unknown bytes, __rtentry2.o(.ARM.Collect$$rtentry$$00000009))

<P><STRONG><a name="[8e]"></a>__rt_entry_main</STRONG> (Thumb, 0 bytes, Stack size unknown bytes, __rtentry2.o(.ARM.Collect$$rtentry$$0000000D))
<BR><BR>[Stack]<UL><LI>Max Depth = 472 + Unknown Stack Size
<LI>Call Chain = __rt_entry_main &rArr; main &rArr; System_Process &rArr; Control_Motor &rArr; Calculate_Servo_Deg &rArr; Cal_Servo_Degree &rArr; __hardfp_sqrt &rArr; _dsqrt &rArr; __fpl_dnaninf
</UL>
<BR>[Calls]<UL><LI><a href="#[8f]">&gt;&gt;</a>&nbsp;&nbsp;&nbsp;main
<LI><a href="#[90]">&gt;&gt;</a>&nbsp;&nbsp;&nbsp;exit
</UL>

<P><STRONG><a name="[1ed]"></a>__rt_entry_postli_1</STRONG> (Thumb, 0 bytes, Stack size unknown bytes, __rtentry2.o(.ARM.Collect$$rtentry$$0000000C))

<P><STRONG><a name="[1a1]"></a>__rt_exit</STRONG> (Thumb, 0 bytes, Stack size unknown bytes, rtexit.o(.ARM.Collect$$rtexit$$00000000))
<BR><BR>[Called By]<UL><LI><a href="#[90]">&gt;&gt;</a>&nbsp;&nbsp;&nbsp;exit
</UL>

<P><STRONG><a name="[91]"></a>__rt_exit_ls</STRONG> (Thumb, 0 bytes, Stack size unknown bytes, rtexit2.o(.ARM.Collect$$rtexit$$00000003))
<BR><BR>[Calls]<UL><LI><a href="#[92]">&gt;&gt;</a>&nbsp;&nbsp;&nbsp;__rt_lib_shutdown
</UL>

<P><STRONG><a name="[1ee]"></a>__rt_exit_prels_1</STRONG> (Thumb, 0 bytes, Stack size unknown bytes, rtexit2.o(.ARM.Collect$$rtexit$$00000002))

<P><STRONG><a name="[93]"></a>__rt_exit_exit</STRONG> (Thumb, 0 bytes, Stack size unknown bytes, rtexit2.o(.ARM.Collect$$rtexit$$00000004))
<BR><BR>[Calls]<UL><LI><a href="#[94]">&gt;&gt;</a>&nbsp;&nbsp;&nbsp;_sys_exit
</UL>

<P><STRONG><a name="[96]"></a>Set_System_State</STRONG> (Thumb, 6 bytes, Stack size 0 bytes, control.o(.text))
<BR><BR>[Called By]<UL><LI><a href="#[79]">&gt;&gt;</a>&nbsp;&nbsp;&nbsp;myModbusParseRequest05Callback
<LI><a href="#[bd]">&gt;&gt;</a>&nbsp;&nbsp;&nbsp;Home_Servo_Handler
<LI><a href="#[a]">&gt;&gt;</a>&nbsp;&nbsp;&nbsp;Home_Model_Handler
<LI><a href="#[3]">&gt;&gt;</a>&nbsp;&nbsp;&nbsp;Stop_Handler
<LI><a href="#[2]">&gt;&gt;</a>&nbsp;&nbsp;&nbsp;Start_Handler
<LI><a href="#[95]">&gt;&gt;</a>&nbsp;&nbsp;&nbsp;System_Init
</UL>

<P><STRONG><a name="[95]"></a>System_Init</STRONG> (Thumb, 10 bytes, Stack size 4 bytes, control.o(.text))
<BR><BR>[Stack]<UL><LI>Max Depth = 4<LI>Call Chain = System_Init
</UL>
<BR>[Calls]<UL><LI><a href="#[96]">&gt;&gt;</a>&nbsp;&nbsp;&nbsp;Set_System_State
</UL>
<BR>[Called By]<UL><LI><a href="#[8f]">&gt;&gt;</a>&nbsp;&nbsp;&nbsp;main
</UL>

<P><STRONG><a name="[98]"></a>Set_Control_Mode</STRONG> (Thumb, 6 bytes, Stack size 0 bytes, control.o(.text))
<BR><BR>[Called By]<UL><LI><a href="#[c]">&gt;&gt;</a>&nbsp;&nbsp;&nbsp;Set_Model_Control_Mode_Handler
<LI><a href="#[a1]">&gt;&gt;</a>&nbsp;&nbsp;&nbsp;Control_Motor
<LI><a href="#[97]">&gt;&gt;</a>&nbsp;&nbsp;&nbsp;Control_Init
</UL>

<P><STRONG><a name="[97]"></a>Control_Init</STRONG> (Thumb, 108 bytes, Stack size 4 bytes, control.o(.text))
<BR><BR>[Stack]<UL><LI>Max Depth = 4<LI>Call Chain = Control_Init
</UL>
<BR>[Calls]<UL><LI><a href="#[98]">&gt;&gt;</a>&nbsp;&nbsp;&nbsp;Set_Control_Mode
</UL>
<BR>[Called By]<UL><LI><a href="#[8f]">&gt;&gt;</a>&nbsp;&nbsp;&nbsp;main
</UL>

<P><STRONG><a name="[af]"></a>Is_Axis_Home_Done</STRONG> (Thumb, 132 bytes, Stack size 0 bytes, control.o(.text))
<BR><BR>[Called By]<UL><LI><a href="#[a8]">&gt;&gt;</a>&nbsp;&nbsp;&nbsp;System_Process
</UL>

<P><STRONG><a name="[99]"></a>Check_Servo_Home_Pos</STRONG> (Thumb, 160 bytes, Stack size 8 bytes, control.o(.text))
<BR><BR>[Stack]<UL><LI>Max Depth = 24<LI>Call Chain = Check_Servo_Home_Pos &rArr; Get_Servo_Home_Status
</UL>
<BR>[Calls]<UL><LI><a href="#[9a]">&gt;&gt;</a>&nbsp;&nbsp;&nbsp;Get_Servo_Home_Status
</UL>
<BR>[Called By]<UL><LI><a href="#[a8]">&gt;&gt;</a>&nbsp;&nbsp;&nbsp;System_Process
</UL>

<P><STRONG><a name="[9b]"></a>Reset_Angle_Servo</STRONG> (Thumb, 118 bytes, Stack size 8 bytes, control.o(.text))
<BR><BR>[Stack]<UL><LI>Max Depth = 8<LI>Call Chain = Reset_Angle_Servo
</UL>
<BR>[Calls]<UL><LI><a href="#[9c]">&gt;&gt;</a>&nbsp;&nbsp;&nbsp;FSMC_ENC_Reset
</UL>
<BR>[Called By]<UL><LI><a href="#[17]">&gt;&gt;</a>&nbsp;&nbsp;&nbsp;Reset_Servo_Handler
<LI><a href="#[9]">&gt;&gt;</a>&nbsp;&nbsp;&nbsp;Home_Handler
<LI><a href="#[a8]">&gt;&gt;</a>&nbsp;&nbsp;&nbsp;System_Process
</UL>

<P><STRONG><a name="[ad]"></a>Reset_Axis_Home_Done</STRONG> (Thumb, 32 bytes, Stack size 0 bytes, control.o(.text))
<BR><BR>[Called By]<UL><LI><a href="#[a8]">&gt;&gt;</a>&nbsp;&nbsp;&nbsp;System_Process
</UL>

<P><STRONG><a name="[b0]"></a>Reset_Servo_Home_Reach_Stt</STRONG> (Thumb, 32 bytes, Stack size 0 bytes, control.o(.text))
<BR><BR>[Called By]<UL><LI><a href="#[a8]">&gt;&gt;</a>&nbsp;&nbsp;&nbsp;System_Process
</UL>

<P><STRONG><a name="[b1]"></a>Reset_Axis_Model</STRONG> (Thumb, 50 bytes, Stack size 0 bytes, control.o(.text))
<BR><BR>[Called By]<UL><LI><a href="#[79]">&gt;&gt;</a>&nbsp;&nbsp;&nbsp;myModbusParseRequest05Callback
<LI><a href="#[19]">&gt;&gt;</a>&nbsp;&nbsp;&nbsp;Reset_Model_Handler
<LI><a href="#[a8]">&gt;&gt;</a>&nbsp;&nbsp;&nbsp;System_Process
</UL>

<P><STRONG><a name="[a7]"></a>Update_Angle_Servo</STRONG> (Thumb, 58 bytes, Stack size 0 bytes, control.o(.text))
<BR><BR>[Called By]<UL><LI><a href="#[a1]">&gt;&gt;</a>&nbsp;&nbsp;&nbsp;Control_Motor
</UL>

<P><STRONG><a name="[1ef]"></a>Update_Angle_Enc_Servo</STRONG> (Thumb, 2 bytes, Stack size 0 bytes, control.o(.text), UNUSED)

<P><STRONG><a name="[162]"></a>Set_Axis_Home_Done</STRONG> (Thumb, 102 bytes, Stack size 0 bytes, control.o(.text))
<BR><BR>[Called By]<UL><LI><a href="#[2e]">&gt;&gt;</a>&nbsp;&nbsp;&nbsp;EXTI2_IRQHandler
<LI><a href="#[2d]">&gt;&gt;</a>&nbsp;&nbsp;&nbsp;EXTI1_IRQHandler
<LI><a href="#[4e]">&gt;&gt;</a>&nbsp;&nbsp;&nbsp;EXTI15_10_IRQHandler
</UL>

<P><STRONG><a name="[9d]"></a>Calculate_Servo_Deg</STRONG> (Thumb, 130 bytes, Stack size 24 bytes, control.o(.text))
<BR><BR>[Stack]<UL><LI>Max Depth = 456<LI>Call Chain = Calculate_Servo_Deg &rArr; Cal_Servo_Degree &rArr; __hardfp_sqrt &rArr; _dsqrt &rArr; __fpl_dnaninf
</UL>
<BR>[Calls]<UL><LI><a href="#[9e]">&gt;&gt;</a>&nbsp;&nbsp;&nbsp;Cal_Servo_Degree
</UL>
<BR>[Called By]<UL><LI><a href="#[6]">&gt;&gt;</a>&nbsp;&nbsp;&nbsp;Pos_Handler
<LI><a href="#[a8]">&gt;&gt;</a>&nbsp;&nbsp;&nbsp;System_Process
<LI><a href="#[a1]">&gt;&gt;</a>&nbsp;&nbsp;&nbsp;Control_Motor
</UL>

<P><STRONG><a name="[a5]"></a>Calculate_Servo_F_Pulse</STRONG> (Thumb, 150 bytes, Stack size 0 bytes, control.o(.text))
<BR><BR>[Called By]<UL><LI><a href="#[a1]">&gt;&gt;</a>&nbsp;&nbsp;&nbsp;Control_Motor
</UL>

<P><STRONG><a name="[a6]"></a>Calculate_Servo_Pulse</STRONG> (Thumb, 234 bytes, Stack size 8 bytes, control.o(.text))
<BR><BR>[Stack]<UL><LI>Max Depth = 8<LI>Call Chain = Calculate_Servo_Pulse
</UL>
<BR>[Called By]<UL><LI><a href="#[a1]">&gt;&gt;</a>&nbsp;&nbsp;&nbsp;Control_Motor
</UL>

<P><STRONG><a name="[9f]"></a>Test_Pulse_Process</STRONG> (Thumb, 148 bytes, Stack size 32 bytes, control.o(.text), UNUSED)
<BR><BR>[Calls]<UL><LI><a href="#[a0]">&gt;&gt;</a>&nbsp;&nbsp;&nbsp;Servo_Move
</UL>

<P><STRONG><a name="[a3]"></a>Set_Servo_State</STRONG> (Thumb, 6 bytes, Stack size 0 bytes, control.o(.text))
<BR><BR>[Called By]<UL><LI><a href="#[79]">&gt;&gt;</a>&nbsp;&nbsp;&nbsp;myModbusParseRequest05Callback
<LI><a href="#[9e]">&gt;&gt;</a>&nbsp;&nbsp;&nbsp;Cal_Servo_Degree
<LI><a href="#[6]">&gt;&gt;</a>&nbsp;&nbsp;&nbsp;Pos_Handler
<LI><a href="#[4]">&gt;&gt;</a>&nbsp;&nbsp;&nbsp;Servo_Pos_Handler
<LI><a href="#[bd]">&gt;&gt;</a>&nbsp;&nbsp;&nbsp;Home_Servo_Handler
<LI><a href="#[bc]">&gt;&gt;</a>&nbsp;&nbsp;&nbsp;Home_Button_Handler
<LI><a href="#[9]">&gt;&gt;</a>&nbsp;&nbsp;&nbsp;Home_Handler
<LI><a href="#[3]">&gt;&gt;</a>&nbsp;&nbsp;&nbsp;Stop_Handler
<LI><a href="#[2]">&gt;&gt;</a>&nbsp;&nbsp;&nbsp;Start_Handler
<LI><a href="#[a8]">&gt;&gt;</a>&nbsp;&nbsp;&nbsp;System_Process
<LI><a href="#[a1]">&gt;&gt;</a>&nbsp;&nbsp;&nbsp;Control_Motor
</UL>

<P><STRONG><a name="[a4]"></a>Get_Control_Mode</STRONG> (Thumb, 6 bytes, Stack size 0 bytes, control.o(.text))
<BR><BR>[Called By]<UL><LI><a href="#[112]">&gt;&gt;</a>&nbsp;&nbsp;&nbsp;HMI_Update_DisInpParams_Param
<LI><a href="#[c]">&gt;&gt;</a>&nbsp;&nbsp;&nbsp;Set_Model_Control_Mode_Handler
<LI><a href="#[a1]">&gt;&gt;</a>&nbsp;&nbsp;&nbsp;Control_Motor
</UL>

<P><STRONG><a name="[a2]"></a>Get_Servo_State</STRONG> (Thumb, 6 bytes, Stack size 0 bytes, control.o(.text))
<BR><BR>[Called By]<UL><LI><a href="#[79]">&gt;&gt;</a>&nbsp;&nbsp;&nbsp;myModbusParseRequest05Callback
<LI><a href="#[7]">&gt;&gt;</a>&nbsp;&nbsp;&nbsp;All_Pos_Handler
<LI><a href="#[6]">&gt;&gt;</a>&nbsp;&nbsp;&nbsp;Pos_Handler
<LI><a href="#[4]">&gt;&gt;</a>&nbsp;&nbsp;&nbsp;Servo_Pos_Handler
<LI><a href="#[e3]">&gt;&gt;</a>&nbsp;&nbsp;&nbsp;Set_Model_Jog_Mode_Y_Z_Right_Down_Handler
<LI><a href="#[e2]">&gt;&gt;</a>&nbsp;&nbsp;&nbsp;Set_Model_Jog_Mode_Y_Z_Right_Up_Handler
<LI><a href="#[e1]">&gt;&gt;</a>&nbsp;&nbsp;&nbsp;Set_Model_Jog_Mode_Y_Z_Left_Down_Handler
<LI><a href="#[e0]">&gt;&gt;</a>&nbsp;&nbsp;&nbsp;Set_Model_Jog_Mode_Y_Z_Left_Up_Handler
<LI><a href="#[df]">&gt;&gt;</a>&nbsp;&nbsp;&nbsp;Set_Model_Jog_Mode_X_Z_Right_Down_Handler
<LI><a href="#[de]">&gt;&gt;</a>&nbsp;&nbsp;&nbsp;Set_Model_Jog_Mode_X_Z_Right_Up_Handler
<LI><a href="#[dd]">&gt;&gt;</a>&nbsp;&nbsp;&nbsp;Set_Model_Jog_Mode_X_Z_Left_Down_Handler
<LI><a href="#[dc]">&gt;&gt;</a>&nbsp;&nbsp;&nbsp;Set_Model_Jog_Mode_X_Z_Left_Up_Handler
<LI><a href="#[db]">&gt;&gt;</a>&nbsp;&nbsp;&nbsp;Set_Model_Jog_Mode_X_Y_Right_Down_Handler
<LI><a href="#[da]">&gt;&gt;</a>&nbsp;&nbsp;&nbsp;Set_Model_Jog_Mode_X_Y_Right_Up_Handler
<LI><a href="#[d9]">&gt;&gt;</a>&nbsp;&nbsp;&nbsp;Set_Model_Jog_Mode_X_Y_Left_Down_Handler
<LI><a href="#[d8]">&gt;&gt;</a>&nbsp;&nbsp;&nbsp;Set_Model_Jog_Mode_X_Y_Left_Up_Handler
<LI><a href="#[d7]">&gt;&gt;</a>&nbsp;&nbsp;&nbsp;Set_Model_Jog_Mode_Yaw_Down_Handler
<LI><a href="#[d6]">&gt;&gt;</a>&nbsp;&nbsp;&nbsp;Set_Model_Jog_Mode_Yaw_Up_Handler
<LI><a href="#[d5]">&gt;&gt;</a>&nbsp;&nbsp;&nbsp;Set_Model_Jog_Mode_Pitch_Down_Handler
<LI><a href="#[d4]">&gt;&gt;</a>&nbsp;&nbsp;&nbsp;Set_Model_Jog_Mode_Pitch_Up_Handler
<LI><a href="#[d3]">&gt;&gt;</a>&nbsp;&nbsp;&nbsp;Set_Model_Jog_Mode_Roll_Down_Handler
<LI><a href="#[d2]">&gt;&gt;</a>&nbsp;&nbsp;&nbsp;Set_Model_Jog_Mode_Roll_Up_Handler
<LI><a href="#[d1]">&gt;&gt;</a>&nbsp;&nbsp;&nbsp;Set_Model_Jog_Mode_Z_Down_Handler
<LI><a href="#[d0]">&gt;&gt;</a>&nbsp;&nbsp;&nbsp;Set_Model_Jog_Mode_Z_Up_Handler
<LI><a href="#[cf]">&gt;&gt;</a>&nbsp;&nbsp;&nbsp;Set_Model_Jog_Mode_Y_Down_Handler
<LI><a href="#[ce]">&gt;&gt;</a>&nbsp;&nbsp;&nbsp;Set_Model_Jog_Mode_Y_Up_Handler
<LI><a href="#[cd]">&gt;&gt;</a>&nbsp;&nbsp;&nbsp;Set_Model_Jog_Mode_X_Down_Handler
<LI><a href="#[cc]">&gt;&gt;</a>&nbsp;&nbsp;&nbsp;Set_Model_Jog_Mode_X_Up_Handler
<LI><a href="#[a8]">&gt;&gt;</a>&nbsp;&nbsp;&nbsp;System_Process
<LI><a href="#[a1]">&gt;&gt;</a>&nbsp;&nbsp;&nbsp;Control_Motor
</UL>

<P><STRONG><a name="[a1]"></a>Control_Motor</STRONG> (Thumb, 200 bytes, Stack size 8 bytes, control.o(.text))
<BR><BR>[Stack]<UL><LI>Max Depth = 464<LI>Call Chain = Control_Motor &rArr; Calculate_Servo_Deg &rArr; Cal_Servo_Degree &rArr; __hardfp_sqrt &rArr; _dsqrt &rArr; __fpl_dnaninf
</UL>
<BR>[Calls]<UL><LI><a href="#[a0]">&gt;&gt;</a>&nbsp;&nbsp;&nbsp;Servo_Move
<LI><a href="#[a2]">&gt;&gt;</a>&nbsp;&nbsp;&nbsp;Get_Servo_State
<LI><a href="#[a4]">&gt;&gt;</a>&nbsp;&nbsp;&nbsp;Get_Control_Mode
<LI><a href="#[a3]">&gt;&gt;</a>&nbsp;&nbsp;&nbsp;Set_Servo_State
<LI><a href="#[a6]">&gt;&gt;</a>&nbsp;&nbsp;&nbsp;Calculate_Servo_Pulse
<LI><a href="#[a5]">&gt;&gt;</a>&nbsp;&nbsp;&nbsp;Calculate_Servo_F_Pulse
<LI><a href="#[9d]">&gt;&gt;</a>&nbsp;&nbsp;&nbsp;Calculate_Servo_Deg
<LI><a href="#[a7]">&gt;&gt;</a>&nbsp;&nbsp;&nbsp;Update_Angle_Servo
<LI><a href="#[98]">&gt;&gt;</a>&nbsp;&nbsp;&nbsp;Set_Control_Mode
</UL>
<BR>[Called By]<UL><LI><a href="#[a8]">&gt;&gt;</a>&nbsp;&nbsp;&nbsp;System_Process
</UL>

<P><STRONG><a name="[bb]"></a>Set_Teach_Mode</STRONG> (Thumb, 6 bytes, Stack size 0 bytes, control.o(.text))
<BR><BR>[Called By]<UL><LI><a href="#[79]">&gt;&gt;</a>&nbsp;&nbsp;&nbsp;myModbusParseRequest05Callback
<LI><a href="#[a8]">&gt;&gt;</a>&nbsp;&nbsp;&nbsp;System_Process
</UL>

<P><STRONG><a name="[ba]"></a>Get_Teach_Mode</STRONG> (Thumb, 6 bytes, Stack size 0 bytes, control.o(.text))
<BR><BR>[Called By]<UL><LI><a href="#[79]">&gt;&gt;</a>&nbsp;&nbsp;&nbsp;myModbusParseRequest05Callback
<LI><a href="#[a8]">&gt;&gt;</a>&nbsp;&nbsp;&nbsp;System_Process
</UL>

<P><STRONG><a name="[b9]"></a>Set_Jog_Mode</STRONG> (Thumb, 6 bytes, Stack size 0 bytes, control.o(.text))
<BR><BR>[Called By]<UL><LI><a href="#[e3]">&gt;&gt;</a>&nbsp;&nbsp;&nbsp;Set_Model_Jog_Mode_Y_Z_Right_Down_Handler
<LI><a href="#[e2]">&gt;&gt;</a>&nbsp;&nbsp;&nbsp;Set_Model_Jog_Mode_Y_Z_Right_Up_Handler
<LI><a href="#[e1]">&gt;&gt;</a>&nbsp;&nbsp;&nbsp;Set_Model_Jog_Mode_Y_Z_Left_Down_Handler
<LI><a href="#[e0]">&gt;&gt;</a>&nbsp;&nbsp;&nbsp;Set_Model_Jog_Mode_Y_Z_Left_Up_Handler
<LI><a href="#[df]">&gt;&gt;</a>&nbsp;&nbsp;&nbsp;Set_Model_Jog_Mode_X_Z_Right_Down_Handler
<LI><a href="#[de]">&gt;&gt;</a>&nbsp;&nbsp;&nbsp;Set_Model_Jog_Mode_X_Z_Right_Up_Handler
<LI><a href="#[dd]">&gt;&gt;</a>&nbsp;&nbsp;&nbsp;Set_Model_Jog_Mode_X_Z_Left_Down_Handler
<LI><a href="#[dc]">&gt;&gt;</a>&nbsp;&nbsp;&nbsp;Set_Model_Jog_Mode_X_Z_Left_Up_Handler
<LI><a href="#[db]">&gt;&gt;</a>&nbsp;&nbsp;&nbsp;Set_Model_Jog_Mode_X_Y_Right_Down_Handler
<LI><a href="#[da]">&gt;&gt;</a>&nbsp;&nbsp;&nbsp;Set_Model_Jog_Mode_X_Y_Right_Up_Handler
<LI><a href="#[d9]">&gt;&gt;</a>&nbsp;&nbsp;&nbsp;Set_Model_Jog_Mode_X_Y_Left_Down_Handler
<LI><a href="#[d8]">&gt;&gt;</a>&nbsp;&nbsp;&nbsp;Set_Model_Jog_Mode_X_Y_Left_Up_Handler
<LI><a href="#[d7]">&gt;&gt;</a>&nbsp;&nbsp;&nbsp;Set_Model_Jog_Mode_Yaw_Down_Handler
<LI><a href="#[d6]">&gt;&gt;</a>&nbsp;&nbsp;&nbsp;Set_Model_Jog_Mode_Yaw_Up_Handler
<LI><a href="#[d5]">&gt;&gt;</a>&nbsp;&nbsp;&nbsp;Set_Model_Jog_Mode_Pitch_Down_Handler
<LI><a href="#[d4]">&gt;&gt;</a>&nbsp;&nbsp;&nbsp;Set_Model_Jog_Mode_Pitch_Up_Handler
<LI><a href="#[d3]">&gt;&gt;</a>&nbsp;&nbsp;&nbsp;Set_Model_Jog_Mode_Roll_Down_Handler
<LI><a href="#[d2]">&gt;&gt;</a>&nbsp;&nbsp;&nbsp;Set_Model_Jog_Mode_Roll_Up_Handler
<LI><a href="#[d1]">&gt;&gt;</a>&nbsp;&nbsp;&nbsp;Set_Model_Jog_Mode_Z_Down_Handler
<LI><a href="#[d0]">&gt;&gt;</a>&nbsp;&nbsp;&nbsp;Set_Model_Jog_Mode_Z_Up_Handler
<LI><a href="#[cf]">&gt;&gt;</a>&nbsp;&nbsp;&nbsp;Set_Model_Jog_Mode_Y_Down_Handler
<LI><a href="#[ce]">&gt;&gt;</a>&nbsp;&nbsp;&nbsp;Set_Model_Jog_Mode_Y_Up_Handler
<LI><a href="#[cd]">&gt;&gt;</a>&nbsp;&nbsp;&nbsp;Set_Model_Jog_Mode_X_Down_Handler
<LI><a href="#[cc]">&gt;&gt;</a>&nbsp;&nbsp;&nbsp;Set_Model_Jog_Mode_X_Up_Handler
<LI><a href="#[be]">&gt;&gt;</a>&nbsp;&nbsp;&nbsp;Set_Model_Jog_Mode_Handler
<LI><a href="#[3]">&gt;&gt;</a>&nbsp;&nbsp;&nbsp;Stop_Handler
<LI><a href="#[2]">&gt;&gt;</a>&nbsp;&nbsp;&nbsp;Start_Handler
<LI><a href="#[a8]">&gt;&gt;</a>&nbsp;&nbsp;&nbsp;System_Process
</UL>

<P><STRONG><a name="[b8]"></a>Get_Jog_Mode</STRONG> (Thumb, 6 bytes, Stack size 0 bytes, control.o(.text))
<BR><BR>[Called By]<UL><LI><a href="#[e3]">&gt;&gt;</a>&nbsp;&nbsp;&nbsp;Set_Model_Jog_Mode_Y_Z_Right_Down_Handler
<LI><a href="#[e2]">&gt;&gt;</a>&nbsp;&nbsp;&nbsp;Set_Model_Jog_Mode_Y_Z_Right_Up_Handler
<LI><a href="#[e1]">&gt;&gt;</a>&nbsp;&nbsp;&nbsp;Set_Model_Jog_Mode_Y_Z_Left_Down_Handler
<LI><a href="#[e0]">&gt;&gt;</a>&nbsp;&nbsp;&nbsp;Set_Model_Jog_Mode_Y_Z_Left_Up_Handler
<LI><a href="#[df]">&gt;&gt;</a>&nbsp;&nbsp;&nbsp;Set_Model_Jog_Mode_X_Z_Right_Down_Handler
<LI><a href="#[de]">&gt;&gt;</a>&nbsp;&nbsp;&nbsp;Set_Model_Jog_Mode_X_Z_Right_Up_Handler
<LI><a href="#[dd]">&gt;&gt;</a>&nbsp;&nbsp;&nbsp;Set_Model_Jog_Mode_X_Z_Left_Down_Handler
<LI><a href="#[dc]">&gt;&gt;</a>&nbsp;&nbsp;&nbsp;Set_Model_Jog_Mode_X_Z_Left_Up_Handler
<LI><a href="#[db]">&gt;&gt;</a>&nbsp;&nbsp;&nbsp;Set_Model_Jog_Mode_X_Y_Right_Down_Handler
<LI><a href="#[da]">&gt;&gt;</a>&nbsp;&nbsp;&nbsp;Set_Model_Jog_Mode_X_Y_Right_Up_Handler
<LI><a href="#[d9]">&gt;&gt;</a>&nbsp;&nbsp;&nbsp;Set_Model_Jog_Mode_X_Y_Left_Down_Handler
<LI><a href="#[d8]">&gt;&gt;</a>&nbsp;&nbsp;&nbsp;Set_Model_Jog_Mode_X_Y_Left_Up_Handler
<LI><a href="#[d7]">&gt;&gt;</a>&nbsp;&nbsp;&nbsp;Set_Model_Jog_Mode_Yaw_Down_Handler
<LI><a href="#[d6]">&gt;&gt;</a>&nbsp;&nbsp;&nbsp;Set_Model_Jog_Mode_Yaw_Up_Handler
<LI><a href="#[d5]">&gt;&gt;</a>&nbsp;&nbsp;&nbsp;Set_Model_Jog_Mode_Pitch_Down_Handler
<LI><a href="#[d4]">&gt;&gt;</a>&nbsp;&nbsp;&nbsp;Set_Model_Jog_Mode_Pitch_Up_Handler
<LI><a href="#[d3]">&gt;&gt;</a>&nbsp;&nbsp;&nbsp;Set_Model_Jog_Mode_Roll_Down_Handler
<LI><a href="#[d2]">&gt;&gt;</a>&nbsp;&nbsp;&nbsp;Set_Model_Jog_Mode_Roll_Up_Handler
<LI><a href="#[d1]">&gt;&gt;</a>&nbsp;&nbsp;&nbsp;Set_Model_Jog_Mode_Z_Down_Handler
<LI><a href="#[d0]">&gt;&gt;</a>&nbsp;&nbsp;&nbsp;Set_Model_Jog_Mode_Z_Up_Handler
<LI><a href="#[cf]">&gt;&gt;</a>&nbsp;&nbsp;&nbsp;Set_Model_Jog_Mode_Y_Down_Handler
<LI><a href="#[ce]">&gt;&gt;</a>&nbsp;&nbsp;&nbsp;Set_Model_Jog_Mode_Y_Up_Handler
<LI><a href="#[cd]">&gt;&gt;</a>&nbsp;&nbsp;&nbsp;Set_Model_Jog_Mode_X_Down_Handler
<LI><a href="#[cc]">&gt;&gt;</a>&nbsp;&nbsp;&nbsp;Set_Model_Jog_Mode_X_Up_Handler
<LI><a href="#[a8]">&gt;&gt;</a>&nbsp;&nbsp;&nbsp;System_Process
</UL>

<P><STRONG><a name="[b4]"></a>Set_Test_Mode</STRONG> (Thumb, 6 bytes, Stack size 0 bytes, control.o(.text))
<BR><BR>[Called By]<UL><LI><a href="#[cb]">&gt;&gt;</a>&nbsp;&nbsp;&nbsp;Set_Test_Eclipse_Mode_Handler
<LI><a href="#[e]">&gt;&gt;</a>&nbsp;&nbsp;&nbsp;Set_Test_Pulse_Mode_Handler
<LI><a href="#[ca]">&gt;&gt;</a>&nbsp;&nbsp;&nbsp;Set_Test_Random_2_Mode_Handler
<LI><a href="#[c9]">&gt;&gt;</a>&nbsp;&nbsp;&nbsp;Set_Test_Random_1_Mode_Handler
<LI><a href="#[16]">&gt;&gt;</a>&nbsp;&nbsp;&nbsp;Set_Test_Square_Mode_Handler
<LI><a href="#[15]">&gt;&gt;</a>&nbsp;&nbsp;&nbsp;Set_Test_Circle_Mode_Handler
<LI><a href="#[14]">&gt;&gt;</a>&nbsp;&nbsp;&nbsp;Set_Test_Yaw_Mode_Handler
<LI><a href="#[13]">&gt;&gt;</a>&nbsp;&nbsp;&nbsp;Set_Test_Pitch_Mode_Handler
<LI><a href="#[12]">&gt;&gt;</a>&nbsp;&nbsp;&nbsp;Set_Test_Roll_Mode_Handler
<LI><a href="#[c8]">&gt;&gt;</a>&nbsp;&nbsp;&nbsp;Set_Test_Y_Z_Right_Mode_Handler
<LI><a href="#[c7]">&gt;&gt;</a>&nbsp;&nbsp;&nbsp;Set_Test_Y_Z_Left_Mode_Handler
<LI><a href="#[c6]">&gt;&gt;</a>&nbsp;&nbsp;&nbsp;Set_Test_X_Z_Right_Mode_Handler
<LI><a href="#[c5]">&gt;&gt;</a>&nbsp;&nbsp;&nbsp;Set_Test_X_Z_Left_Mode_Handler
<LI><a href="#[c4]">&gt;&gt;</a>&nbsp;&nbsp;&nbsp;Set_Test_X_Y_Right_Mode_Handler
<LI><a href="#[c3]">&gt;&gt;</a>&nbsp;&nbsp;&nbsp;Set_Test_X_Y_Left_Mode_Handler
<LI><a href="#[11]">&gt;&gt;</a>&nbsp;&nbsp;&nbsp;Set_Test_Z_Mode_Handler
<LI><a href="#[10]">&gt;&gt;</a>&nbsp;&nbsp;&nbsp;Set_Test_Y_Mode_Handler
<LI><a href="#[f]">&gt;&gt;</a>&nbsp;&nbsp;&nbsp;Set_Test_X_Mode_Handler
<LI><a href="#[d]">&gt;&gt;</a>&nbsp;&nbsp;&nbsp;Set_Model_Test_Mode_Handler
<LI><a href="#[3]">&gt;&gt;</a>&nbsp;&nbsp;&nbsp;Stop_Handler
<LI><a href="#[2]">&gt;&gt;</a>&nbsp;&nbsp;&nbsp;Start_Handler
<LI><a href="#[a8]">&gt;&gt;</a>&nbsp;&nbsp;&nbsp;System_Process
</UL>

<P><STRONG><a name="[b3]"></a>Get_Test_Mode</STRONG> (Thumb, 6 bytes, Stack size 0 bytes, control.o(.text))
<BR><BR>[Called By]<UL><LI><a href="#[112]">&gt;&gt;</a>&nbsp;&nbsp;&nbsp;HMI_Update_DisInpParams_Param
<LI><a href="#[cb]">&gt;&gt;</a>&nbsp;&nbsp;&nbsp;Set_Test_Eclipse_Mode_Handler
<LI><a href="#[e]">&gt;&gt;</a>&nbsp;&nbsp;&nbsp;Set_Test_Pulse_Mode_Handler
<LI><a href="#[ca]">&gt;&gt;</a>&nbsp;&nbsp;&nbsp;Set_Test_Random_2_Mode_Handler
<LI><a href="#[c9]">&gt;&gt;</a>&nbsp;&nbsp;&nbsp;Set_Test_Random_1_Mode_Handler
<LI><a href="#[16]">&gt;&gt;</a>&nbsp;&nbsp;&nbsp;Set_Test_Square_Mode_Handler
<LI><a href="#[15]">&gt;&gt;</a>&nbsp;&nbsp;&nbsp;Set_Test_Circle_Mode_Handler
<LI><a href="#[14]">&gt;&gt;</a>&nbsp;&nbsp;&nbsp;Set_Test_Yaw_Mode_Handler
<LI><a href="#[13]">&gt;&gt;</a>&nbsp;&nbsp;&nbsp;Set_Test_Pitch_Mode_Handler
<LI><a href="#[12]">&gt;&gt;</a>&nbsp;&nbsp;&nbsp;Set_Test_Roll_Mode_Handler
<LI><a href="#[c8]">&gt;&gt;</a>&nbsp;&nbsp;&nbsp;Set_Test_Y_Z_Right_Mode_Handler
<LI><a href="#[c7]">&gt;&gt;</a>&nbsp;&nbsp;&nbsp;Set_Test_Y_Z_Left_Mode_Handler
<LI><a href="#[c6]">&gt;&gt;</a>&nbsp;&nbsp;&nbsp;Set_Test_X_Z_Right_Mode_Handler
<LI><a href="#[c5]">&gt;&gt;</a>&nbsp;&nbsp;&nbsp;Set_Test_X_Z_Left_Mode_Handler
<LI><a href="#[c4]">&gt;&gt;</a>&nbsp;&nbsp;&nbsp;Set_Test_X_Y_Right_Mode_Handler
<LI><a href="#[c3]">&gt;&gt;</a>&nbsp;&nbsp;&nbsp;Set_Test_X_Y_Left_Mode_Handler
<LI><a href="#[11]">&gt;&gt;</a>&nbsp;&nbsp;&nbsp;Set_Test_Z_Mode_Handler
<LI><a href="#[10]">&gt;&gt;</a>&nbsp;&nbsp;&nbsp;Set_Test_Y_Mode_Handler
<LI><a href="#[f]">&gt;&gt;</a>&nbsp;&nbsp;&nbsp;Set_Test_X_Mode_Handler
<LI><a href="#[d]">&gt;&gt;</a>&nbsp;&nbsp;&nbsp;Set_Model_Test_Mode_Handler
<LI><a href="#[a8]">&gt;&gt;</a>&nbsp;&nbsp;&nbsp;System_Process
</UL>

<P><STRONG><a name="[b2]"></a>Set_Run_Mode</STRONG> (Thumb, 6 bytes, Stack size 0 bytes, control.o(.text))
<BR><BR>[Called By]<UL><LI><a href="#[79]">&gt;&gt;</a>&nbsp;&nbsp;&nbsp;myModbusParseRequest05Callback
<LI><a href="#[c0]">&gt;&gt;</a>&nbsp;&nbsp;&nbsp;Set_Follow_Mode_Handler
<LI><a href="#[bf]">&gt;&gt;</a>&nbsp;&nbsp;&nbsp;Set_Model_Teach_Mode_Handler
<LI><a href="#[be]">&gt;&gt;</a>&nbsp;&nbsp;&nbsp;Set_Model_Jog_Mode_Handler
<LI><a href="#[d]">&gt;&gt;</a>&nbsp;&nbsp;&nbsp;Set_Model_Test_Mode_Handler
<LI><a href="#[bd]">&gt;&gt;</a>&nbsp;&nbsp;&nbsp;Home_Servo_Handler
<LI><a href="#[a]">&gt;&gt;</a>&nbsp;&nbsp;&nbsp;Home_Model_Handler
<LI><a href="#[bc]">&gt;&gt;</a>&nbsp;&nbsp;&nbsp;Home_Button_Handler
<LI><a href="#[9]">&gt;&gt;</a>&nbsp;&nbsp;&nbsp;Home_Handler
<LI><a href="#[3]">&gt;&gt;</a>&nbsp;&nbsp;&nbsp;Stop_Handler
<LI><a href="#[2]">&gt;&gt;</a>&nbsp;&nbsp;&nbsp;Start_Handler
<LI><a href="#[a8]">&gt;&gt;</a>&nbsp;&nbsp;&nbsp;System_Process
</UL>

<P><STRONG><a name="[ae]"></a>Set_Home_Mode</STRONG> (Thumb, 6 bytes, Stack size 0 bytes, control.o(.text))
<BR><BR>[Called By]<UL><LI><a href="#[bd]">&gt;&gt;</a>&nbsp;&nbsp;&nbsp;Home_Servo_Handler
<LI><a href="#[a]">&gt;&gt;</a>&nbsp;&nbsp;&nbsp;Home_Model_Handler
<LI><a href="#[bc]">&gt;&gt;</a>&nbsp;&nbsp;&nbsp;Home_Button_Handler
<LI><a href="#[9]">&gt;&gt;</a>&nbsp;&nbsp;&nbsp;Home_Handler
<LI><a href="#[3]">&gt;&gt;</a>&nbsp;&nbsp;&nbsp;Stop_Handler
<LI><a href="#[2]">&gt;&gt;</a>&nbsp;&nbsp;&nbsp;Start_Handler
<LI><a href="#[a8]">&gt;&gt;</a>&nbsp;&nbsp;&nbsp;System_Process
</UL>

<P><STRONG><a name="[ac]"></a>Get_Home_Mode</STRONG> (Thumb, 6 bytes, Stack size 0 bytes, control.o(.text))
<BR><BR>[Called By]<UL><LI><a href="#[112]">&gt;&gt;</a>&nbsp;&nbsp;&nbsp;HMI_Update_DisInpParams_Param
<LI><a href="#[79]">&gt;&gt;</a>&nbsp;&nbsp;&nbsp;myModbusParseRequest05Callback
<LI><a href="#[4]">&gt;&gt;</a>&nbsp;&nbsp;&nbsp;Servo_Pos_Handler
<LI><a href="#[a8]">&gt;&gt;</a>&nbsp;&nbsp;&nbsp;System_Process
</UL>

<P><STRONG><a name="[aa]"></a>Get_Run_Mode</STRONG> (Thumb, 6 bytes, Stack size 0 bytes, control.o(.text))
<BR><BR>[Called By]<UL><LI><a href="#[150]">&gt;&gt;</a>&nbsp;&nbsp;&nbsp;LED_Display
<LI><a href="#[112]">&gt;&gt;</a>&nbsp;&nbsp;&nbsp;HMI_Update_DisInpParams_Param
<LI><a href="#[79]">&gt;&gt;</a>&nbsp;&nbsp;&nbsp;myModbusParseRequest05Callback
<LI><a href="#[7]">&gt;&gt;</a>&nbsp;&nbsp;&nbsp;All_Pos_Handler
<LI><a href="#[6]">&gt;&gt;</a>&nbsp;&nbsp;&nbsp;Pos_Handler
<LI><a href="#[4]">&gt;&gt;</a>&nbsp;&nbsp;&nbsp;Servo_Pos_Handler
<LI><a href="#[e3]">&gt;&gt;</a>&nbsp;&nbsp;&nbsp;Set_Model_Jog_Mode_Y_Z_Right_Down_Handler
<LI><a href="#[e2]">&gt;&gt;</a>&nbsp;&nbsp;&nbsp;Set_Model_Jog_Mode_Y_Z_Right_Up_Handler
<LI><a href="#[e1]">&gt;&gt;</a>&nbsp;&nbsp;&nbsp;Set_Model_Jog_Mode_Y_Z_Left_Down_Handler
<LI><a href="#[e0]">&gt;&gt;</a>&nbsp;&nbsp;&nbsp;Set_Model_Jog_Mode_Y_Z_Left_Up_Handler
<LI><a href="#[df]">&gt;&gt;</a>&nbsp;&nbsp;&nbsp;Set_Model_Jog_Mode_X_Z_Right_Down_Handler
<LI><a href="#[de]">&gt;&gt;</a>&nbsp;&nbsp;&nbsp;Set_Model_Jog_Mode_X_Z_Right_Up_Handler
<LI><a href="#[dd]">&gt;&gt;</a>&nbsp;&nbsp;&nbsp;Set_Model_Jog_Mode_X_Z_Left_Down_Handler
<LI><a href="#[dc]">&gt;&gt;</a>&nbsp;&nbsp;&nbsp;Set_Model_Jog_Mode_X_Z_Left_Up_Handler
<LI><a href="#[db]">&gt;&gt;</a>&nbsp;&nbsp;&nbsp;Set_Model_Jog_Mode_X_Y_Right_Down_Handler
<LI><a href="#[da]">&gt;&gt;</a>&nbsp;&nbsp;&nbsp;Set_Model_Jog_Mode_X_Y_Right_Up_Handler
<LI><a href="#[d9]">&gt;&gt;</a>&nbsp;&nbsp;&nbsp;Set_Model_Jog_Mode_X_Y_Left_Down_Handler
<LI><a href="#[d8]">&gt;&gt;</a>&nbsp;&nbsp;&nbsp;Set_Model_Jog_Mode_X_Y_Left_Up_Handler
<LI><a href="#[d7]">&gt;&gt;</a>&nbsp;&nbsp;&nbsp;Set_Model_Jog_Mode_Yaw_Down_Handler
<LI><a href="#[d6]">&gt;&gt;</a>&nbsp;&nbsp;&nbsp;Set_Model_Jog_Mode_Yaw_Up_Handler
<LI><a href="#[d5]">&gt;&gt;</a>&nbsp;&nbsp;&nbsp;Set_Model_Jog_Mode_Pitch_Down_Handler
<LI><a href="#[d4]">&gt;&gt;</a>&nbsp;&nbsp;&nbsp;Set_Model_Jog_Mode_Pitch_Up_Handler
<LI><a href="#[d3]">&gt;&gt;</a>&nbsp;&nbsp;&nbsp;Set_Model_Jog_Mode_Roll_Down_Handler
<LI><a href="#[d2]">&gt;&gt;</a>&nbsp;&nbsp;&nbsp;Set_Model_Jog_Mode_Roll_Up_Handler
<LI><a href="#[d1]">&gt;&gt;</a>&nbsp;&nbsp;&nbsp;Set_Model_Jog_Mode_Z_Down_Handler
<LI><a href="#[d0]">&gt;&gt;</a>&nbsp;&nbsp;&nbsp;Set_Model_Jog_Mode_Z_Up_Handler
<LI><a href="#[cf]">&gt;&gt;</a>&nbsp;&nbsp;&nbsp;Set_Model_Jog_Mode_Y_Down_Handler
<LI><a href="#[ce]">&gt;&gt;</a>&nbsp;&nbsp;&nbsp;Set_Model_Jog_Mode_Y_Up_Handler
<LI><a href="#[cd]">&gt;&gt;</a>&nbsp;&nbsp;&nbsp;Set_Model_Jog_Mode_X_Down_Handler
<LI><a href="#[cc]">&gt;&gt;</a>&nbsp;&nbsp;&nbsp;Set_Model_Jog_Mode_X_Up_Handler
<LI><a href="#[cb]">&gt;&gt;</a>&nbsp;&nbsp;&nbsp;Set_Test_Eclipse_Mode_Handler
<LI><a href="#[e]">&gt;&gt;</a>&nbsp;&nbsp;&nbsp;Set_Test_Pulse_Mode_Handler
<LI><a href="#[ca]">&gt;&gt;</a>&nbsp;&nbsp;&nbsp;Set_Test_Random_2_Mode_Handler
<LI><a href="#[c9]">&gt;&gt;</a>&nbsp;&nbsp;&nbsp;Set_Test_Random_1_Mode_Handler
<LI><a href="#[16]">&gt;&gt;</a>&nbsp;&nbsp;&nbsp;Set_Test_Square_Mode_Handler
<LI><a href="#[15]">&gt;&gt;</a>&nbsp;&nbsp;&nbsp;Set_Test_Circle_Mode_Handler
<LI><a href="#[14]">&gt;&gt;</a>&nbsp;&nbsp;&nbsp;Set_Test_Yaw_Mode_Handler
<LI><a href="#[13]">&gt;&gt;</a>&nbsp;&nbsp;&nbsp;Set_Test_Pitch_Mode_Handler
<LI><a href="#[12]">&gt;&gt;</a>&nbsp;&nbsp;&nbsp;Set_Test_Roll_Mode_Handler
<LI><a href="#[c8]">&gt;&gt;</a>&nbsp;&nbsp;&nbsp;Set_Test_Y_Z_Right_Mode_Handler
<LI><a href="#[c7]">&gt;&gt;</a>&nbsp;&nbsp;&nbsp;Set_Test_Y_Z_Left_Mode_Handler
<LI><a href="#[c6]">&gt;&gt;</a>&nbsp;&nbsp;&nbsp;Set_Test_X_Z_Right_Mode_Handler
<LI><a href="#[c5]">&gt;&gt;</a>&nbsp;&nbsp;&nbsp;Set_Test_X_Z_Left_Mode_Handler
<LI><a href="#[c4]">&gt;&gt;</a>&nbsp;&nbsp;&nbsp;Set_Test_X_Y_Right_Mode_Handler
<LI><a href="#[c3]">&gt;&gt;</a>&nbsp;&nbsp;&nbsp;Set_Test_X_Y_Left_Mode_Handler
<LI><a href="#[11]">&gt;&gt;</a>&nbsp;&nbsp;&nbsp;Set_Test_Z_Mode_Handler
<LI><a href="#[10]">&gt;&gt;</a>&nbsp;&nbsp;&nbsp;Set_Test_Y_Mode_Handler
<LI><a href="#[f]">&gt;&gt;</a>&nbsp;&nbsp;&nbsp;Set_Test_X_Mode_Handler
<LI><a href="#[19]">&gt;&gt;</a>&nbsp;&nbsp;&nbsp;Reset_Model_Handler
<LI><a href="#[17]">&gt;&gt;</a>&nbsp;&nbsp;&nbsp;Reset_Servo_Handler
<LI><a href="#[c0]">&gt;&gt;</a>&nbsp;&nbsp;&nbsp;Set_Follow_Mode_Handler
<LI><a href="#[bf]">&gt;&gt;</a>&nbsp;&nbsp;&nbsp;Set_Model_Teach_Mode_Handler
<LI><a href="#[be]">&gt;&gt;</a>&nbsp;&nbsp;&nbsp;Set_Model_Jog_Mode_Handler
<LI><a href="#[d]">&gt;&gt;</a>&nbsp;&nbsp;&nbsp;Set_Model_Test_Mode_Handler
<LI><a href="#[bc]">&gt;&gt;</a>&nbsp;&nbsp;&nbsp;Home_Button_Handler
<LI><a href="#[9]">&gt;&gt;</a>&nbsp;&nbsp;&nbsp;Home_Handler
<LI><a href="#[a8]">&gt;&gt;</a>&nbsp;&nbsp;&nbsp;System_Process
</UL>

<P><STRONG><a name="[a9]"></a>Get_System_State</STRONG> (Thumb, 6 bytes, Stack size 0 bytes, control.o(.text))
<BR><BR>[Called By]<UL><LI><a href="#[150]">&gt;&gt;</a>&nbsp;&nbsp;&nbsp;LED_Display
<LI><a href="#[112]">&gt;&gt;</a>&nbsp;&nbsp;&nbsp;HMI_Update_DisInpParams_Param
<LI><a href="#[79]">&gt;&gt;</a>&nbsp;&nbsp;&nbsp;myModbusParseRequest05Callback
<LI><a href="#[7]">&gt;&gt;</a>&nbsp;&nbsp;&nbsp;All_Pos_Handler
<LI><a href="#[6]">&gt;&gt;</a>&nbsp;&nbsp;&nbsp;Pos_Handler
<LI><a href="#[4]">&gt;&gt;</a>&nbsp;&nbsp;&nbsp;Servo_Pos_Handler
<LI><a href="#[cb]">&gt;&gt;</a>&nbsp;&nbsp;&nbsp;Set_Test_Eclipse_Mode_Handler
<LI><a href="#[e]">&gt;&gt;</a>&nbsp;&nbsp;&nbsp;Set_Test_Pulse_Mode_Handler
<LI><a href="#[ca]">&gt;&gt;</a>&nbsp;&nbsp;&nbsp;Set_Test_Random_2_Mode_Handler
<LI><a href="#[c9]">&gt;&gt;</a>&nbsp;&nbsp;&nbsp;Set_Test_Random_1_Mode_Handler
<LI><a href="#[16]">&gt;&gt;</a>&nbsp;&nbsp;&nbsp;Set_Test_Square_Mode_Handler
<LI><a href="#[15]">&gt;&gt;</a>&nbsp;&nbsp;&nbsp;Set_Test_Circle_Mode_Handler
<LI><a href="#[14]">&gt;&gt;</a>&nbsp;&nbsp;&nbsp;Set_Test_Yaw_Mode_Handler
<LI><a href="#[13]">&gt;&gt;</a>&nbsp;&nbsp;&nbsp;Set_Test_Pitch_Mode_Handler
<LI><a href="#[12]">&gt;&gt;</a>&nbsp;&nbsp;&nbsp;Set_Test_Roll_Mode_Handler
<LI><a href="#[c8]">&gt;&gt;</a>&nbsp;&nbsp;&nbsp;Set_Test_Y_Z_Right_Mode_Handler
<LI><a href="#[c7]">&gt;&gt;</a>&nbsp;&nbsp;&nbsp;Set_Test_Y_Z_Left_Mode_Handler
<LI><a href="#[c6]">&gt;&gt;</a>&nbsp;&nbsp;&nbsp;Set_Test_X_Z_Right_Mode_Handler
<LI><a href="#[c5]">&gt;&gt;</a>&nbsp;&nbsp;&nbsp;Set_Test_X_Z_Left_Mode_Handler
<LI><a href="#[c4]">&gt;&gt;</a>&nbsp;&nbsp;&nbsp;Set_Test_X_Y_Right_Mode_Handler
<LI><a href="#[c3]">&gt;&gt;</a>&nbsp;&nbsp;&nbsp;Set_Test_X_Y_Left_Mode_Handler
<LI><a href="#[11]">&gt;&gt;</a>&nbsp;&nbsp;&nbsp;Set_Test_Z_Mode_Handler
<LI><a href="#[10]">&gt;&gt;</a>&nbsp;&nbsp;&nbsp;Set_Test_Y_Mode_Handler
<LI><a href="#[f]">&gt;&gt;</a>&nbsp;&nbsp;&nbsp;Set_Test_X_Mode_Handler
<LI><a href="#[19]">&gt;&gt;</a>&nbsp;&nbsp;&nbsp;Reset_Model_Handler
<LI><a href="#[c0]">&gt;&gt;</a>&nbsp;&nbsp;&nbsp;Set_Follow_Mode_Handler
<LI><a href="#[bf]">&gt;&gt;</a>&nbsp;&nbsp;&nbsp;Set_Model_Teach_Mode_Handler
<LI><a href="#[be]">&gt;&gt;</a>&nbsp;&nbsp;&nbsp;Set_Model_Jog_Mode_Handler
<LI><a href="#[d]">&gt;&gt;</a>&nbsp;&nbsp;&nbsp;Set_Model_Test_Mode_Handler
<LI><a href="#[bd]">&gt;&gt;</a>&nbsp;&nbsp;&nbsp;Home_Servo_Handler
<LI><a href="#[a]">&gt;&gt;</a>&nbsp;&nbsp;&nbsp;Home_Model_Handler
<LI><a href="#[bc]">&gt;&gt;</a>&nbsp;&nbsp;&nbsp;Home_Button_Handler
<LI><a href="#[9]">&gt;&gt;</a>&nbsp;&nbsp;&nbsp;Home_Handler
<LI><a href="#[3]">&gt;&gt;</a>&nbsp;&nbsp;&nbsp;Stop_Handler
<LI><a href="#[2]">&gt;&gt;</a>&nbsp;&nbsp;&nbsp;Start_Handler
<LI><a href="#[a8]">&gt;&gt;</a>&nbsp;&nbsp;&nbsp;System_Process
</UL>

<P><STRONG><a name="[a8]"></a>System_Process</STRONG> (Thumb, 9346 bytes, Stack size 8 bytes, control.o(.text))
<BR><BR>[Stack]<UL><LI>Max Depth = 472<LI>Call Chain = System_Process &rArr; Control_Motor &rArr; Calculate_Servo_Deg &rArr; Cal_Servo_Degree &rArr; __hardfp_sqrt &rArr; _dsqrt &rArr; __fpl_dnaninf
</UL>
<BR>[Calls]<UL><LI><a href="#[b6]">&gt;&gt;</a>&nbsp;&nbsp;&nbsp;rectangle_trajectory
<LI><a href="#[b7]">&gt;&gt;</a>&nbsp;&nbsp;&nbsp;ellipse_trajectory
<LI><a href="#[b5]">&gt;&gt;</a>&nbsp;&nbsp;&nbsp;circle_trajectory
<LI><a href="#[ab]">&gt;&gt;</a>&nbsp;&nbsp;&nbsp;HMI_Update_InpParams_Param
<LI><a href="#[a9]">&gt;&gt;</a>&nbsp;&nbsp;&nbsp;Get_System_State
<LI><a href="#[aa]">&gt;&gt;</a>&nbsp;&nbsp;&nbsp;Get_Run_Mode
<LI><a href="#[ac]">&gt;&gt;</a>&nbsp;&nbsp;&nbsp;Get_Home_Mode
<LI><a href="#[ae]">&gt;&gt;</a>&nbsp;&nbsp;&nbsp;Set_Home_Mode
<LI><a href="#[b2]">&gt;&gt;</a>&nbsp;&nbsp;&nbsp;Set_Run_Mode
<LI><a href="#[b3]">&gt;&gt;</a>&nbsp;&nbsp;&nbsp;Get_Test_Mode
<LI><a href="#[b4]">&gt;&gt;</a>&nbsp;&nbsp;&nbsp;Set_Test_Mode
<LI><a href="#[b8]">&gt;&gt;</a>&nbsp;&nbsp;&nbsp;Get_Jog_Mode
<LI><a href="#[b9]">&gt;&gt;</a>&nbsp;&nbsp;&nbsp;Set_Jog_Mode
<LI><a href="#[ba]">&gt;&gt;</a>&nbsp;&nbsp;&nbsp;Get_Teach_Mode
<LI><a href="#[bb]">&gt;&gt;</a>&nbsp;&nbsp;&nbsp;Set_Teach_Mode
<LI><a href="#[a1]">&gt;&gt;</a>&nbsp;&nbsp;&nbsp;Control_Motor
<LI><a href="#[a2]">&gt;&gt;</a>&nbsp;&nbsp;&nbsp;Get_Servo_State
<LI><a href="#[a3]">&gt;&gt;</a>&nbsp;&nbsp;&nbsp;Set_Servo_State
<LI><a href="#[9d]">&gt;&gt;</a>&nbsp;&nbsp;&nbsp;Calculate_Servo_Deg
<LI><a href="#[b1]">&gt;&gt;</a>&nbsp;&nbsp;&nbsp;Reset_Axis_Model
<LI><a href="#[b0]">&gt;&gt;</a>&nbsp;&nbsp;&nbsp;Reset_Servo_Home_Reach_Stt
<LI><a href="#[ad]">&gt;&gt;</a>&nbsp;&nbsp;&nbsp;Reset_Axis_Home_Done
<LI><a href="#[9b]">&gt;&gt;</a>&nbsp;&nbsp;&nbsp;Reset_Angle_Servo
<LI><a href="#[99]">&gt;&gt;</a>&nbsp;&nbsp;&nbsp;Check_Servo_Home_Pos
<LI><a href="#[af]">&gt;&gt;</a>&nbsp;&nbsp;&nbsp;Is_Axis_Home_Done
</UL>
<BR>[Called By]<UL><LI><a href="#[8f]">&gt;&gt;</a>&nbsp;&nbsp;&nbsp;main
</UL>

<P><STRONG><a name="[ff]"></a>Set_Pl_Coords_Data_Max_Axis</STRONG> (Thumb, 74 bytes, Stack size 0 bytes, control.o(.text))
<BR><BR>[Called By]<UL><LI><a href="#[78]">&gt;&gt;</a>&nbsp;&nbsp;&nbsp;myModbusParseRequest16Callback
</UL>

<P><STRONG><a name="[1f0]"></a>Get_Pl_Coords_Data_Max_Axis</STRONG> (Thumb, 80 bytes, Stack size 0 bytes, control.o(.text), UNUSED)

<P><STRONG><a name="[fe]"></a>Set_Pl_Coords_Data_Min_Axis</STRONG> (Thumb, 74 bytes, Stack size 0 bytes, control.o(.text))
<BR><BR>[Called By]<UL><LI><a href="#[78]">&gt;&gt;</a>&nbsp;&nbsp;&nbsp;myModbusParseRequest16Callback
</UL>

<P><STRONG><a name="[1f1]"></a>Get_Pl_Coords_Data_Min_Axis</STRONG> (Thumb, 80 bytes, Stack size 0 bytes, control.o(.text), UNUSED)

<P><STRONG><a name="[100]"></a>Set_Pl_Coords_Data_Step_Test_Axis</STRONG> (Thumb, 74 bytes, Stack size 0 bytes, control.o(.text))
<BR><BR>[Called By]<UL><LI><a href="#[78]">&gt;&gt;</a>&nbsp;&nbsp;&nbsp;myModbusParseRequest16Callback
</UL>

<P><STRONG><a name="[1f2]"></a>Get_Pl_Coords_Data_Step_Test_Axis</STRONG> (Thumb, 80 bytes, Stack size 0 bytes, control.o(.text), UNUSED)

<P><STRONG><a name="[101]"></a>Set_Pl_Coords_Data_Step_Jog_Axis</STRONG> (Thumb, 74 bytes, Stack size 0 bytes, control.o(.text))
<BR><BR>[Called By]<UL><LI><a href="#[78]">&gt;&gt;</a>&nbsp;&nbsp;&nbsp;myModbusParseRequest16Callback
</UL>

<P><STRONG><a name="[1f3]"></a>Get_Pl_Coords_Data_Step_Jog_Axis</STRONG> (Thumb, 80 bytes, Stack size 0 bytes, control.o(.text), UNUSED)

<P><STRONG><a name="[fd]"></a>Set_Pl_Coords_Data_Pos</STRONG> (Thumb, 120 bytes, Stack size 0 bytes, control.o(.text))
<BR><BR>[Called By]<UL><LI><a href="#[78]">&gt;&gt;</a>&nbsp;&nbsp;&nbsp;myModbusParseRequest16Callback
</UL>

<P><STRONG><a name="[135]"></a>Get_Pl_Coords_Data_Pos</STRONG> (Thumb, 108 bytes, Stack size 0 bytes, control.o(.text))
<BR><BR>[Called By]<UL><LI><a href="#[137]">&gt;&gt;</a>&nbsp;&nbsp;&nbsp;UART_PC_Send_PL_Pos_Test
<LI><a href="#[134]">&gt;&gt;</a>&nbsp;&nbsp;&nbsp;UART_PC_Send_PL_Pos
</UL>

<P><STRONG><a name="[fb]"></a>Set_Servo_Data_Pos</STRONG> (Thumb, 76 bytes, Stack size 0 bytes, control.o(.text))
<BR><BR>[Called By]<UL><LI><a href="#[78]">&gt;&gt;</a>&nbsp;&nbsp;&nbsp;myModbusParseRequest16Callback
</UL>

<P><STRONG><a name="[13a]"></a>Get_Servo_Data_Pos</STRONG> (Thumb, 82 bytes, Stack size 0 bytes, control.o(.text))
<BR><BR>[Called By]<UL><LI><a href="#[8f]">&gt;&gt;</a>&nbsp;&nbsp;&nbsp;main
<LI><a href="#[13d]">&gt;&gt;</a>&nbsp;&nbsp;&nbsp;UART_PC_Send_Servo_Data_Pos_Test
<LI><a href="#[139]">&gt;&gt;</a>&nbsp;&nbsp;&nbsp;UART_PC_Send_Servo_Data_Pos
</UL>

<P><STRONG><a name="[1f4]"></a>Set_Servo_Data_Vel</STRONG> (Thumb, 76 bytes, Stack size 0 bytes, control.o(.text), UNUSED)

<P><STRONG><a name="[1f5]"></a>Get_Servo_Data_Vel</STRONG> (Thumb, 82 bytes, Stack size 0 bytes, control.o(.text), UNUSED)

<P><STRONG><a name="[f5]"></a>Set_Servo_Data_Pos_Up</STRONG> (Thumb, 148 bytes, Stack size 0 bytes, control.o(.text))
<BR><BR>[Called By]<UL><LI><a href="#[79]">&gt;&gt;</a>&nbsp;&nbsp;&nbsp;myModbusParseRequest05Callback
</UL>

<P><STRONG><a name="[f6]"></a>Set_Servo_Data_Pos_Down</STRONG> (Thumb, 148 bytes, Stack size 0 bytes, control.o(.text))
<BR><BR>[Called By]<UL><LI><a href="#[79]">&gt;&gt;</a>&nbsp;&nbsp;&nbsp;myModbusParseRequest05Callback
</UL>

<P><STRONG><a name="[f7]"></a>Set_Servo_Data_STT_On_Off</STRONG> (Thumb, 66 bytes, Stack size 0 bytes, control.o(.text))
<BR><BR>[Called By]<UL><LI><a href="#[79]">&gt;&gt;</a>&nbsp;&nbsp;&nbsp;myModbusParseRequest05Callback
</UL>

<P><STRONG><a name="[fc]"></a>Set_Speed</STRONG> (Thumb, 120 bytes, Stack size 0 bytes, control.o(.text))
<BR><BR>[Called By]<UL><LI><a href="#[78]">&gt;&gt;</a>&nbsp;&nbsp;&nbsp;myModbusParseRequest16Callback
</UL>

<P><STRONG><a name="[102]"></a>Set_Circle_Test_Data</STRONG> (Thumb, 92 bytes, Stack size 0 bytes, control.o(.text))
<BR><BR>[Called By]<UL><LI><a href="#[78]">&gt;&gt;</a>&nbsp;&nbsp;&nbsp;myModbusParseRequest16Callback
</UL>

<P><STRONG><a name="[104]"></a>Set_Eclipse_Test_Data</STRONG> (Thumb, 58 bytes, Stack size 0 bytes, control.o(.text))
<BR><BR>[Called By]<UL><LI><a href="#[78]">&gt;&gt;</a>&nbsp;&nbsp;&nbsp;myModbusParseRequest16Callback
</UL>

<P><STRONG><a name="[103]"></a>Set_Square_Test_Data</STRONG> (Thumb, 72 bytes, Stack size 0 bytes, control.o(.text))
<BR><BR>[Called By]<UL><LI><a href="#[78]">&gt;&gt;</a>&nbsp;&nbsp;&nbsp;myModbusParseRequest16Callback
</UL>

<P><STRONG><a name="[fa]"></a>Reset_Teach_Index</STRONG> (Thumb, 12 bytes, Stack size 0 bytes, control.o(.text))
<BR><BR>[Called By]<UL><LI><a href="#[79]">&gt;&gt;</a>&nbsp;&nbsp;&nbsp;myModbusParseRequest05Callback
</UL>

<P><STRONG><a name="[2]"></a>Start_Handler</STRONG> (Thumb, 78 bytes, Stack size 8 bytes, control.o(.text))
<BR><BR>[Stack]<UL><LI>Max Depth = 8<LI>Call Chain = Start_Handler
</UL>
<BR>[Calls]<UL><LI><a href="#[a9]">&gt;&gt;</a>&nbsp;&nbsp;&nbsp;Get_System_State
<LI><a href="#[ae]">&gt;&gt;</a>&nbsp;&nbsp;&nbsp;Set_Home_Mode
<LI><a href="#[b2]">&gt;&gt;</a>&nbsp;&nbsp;&nbsp;Set_Run_Mode
<LI><a href="#[b4]">&gt;&gt;</a>&nbsp;&nbsp;&nbsp;Set_Test_Mode
<LI><a href="#[b9]">&gt;&gt;</a>&nbsp;&nbsp;&nbsp;Set_Jog_Mode
<LI><a href="#[a3]">&gt;&gt;</a>&nbsp;&nbsp;&nbsp;Set_Servo_State
<LI><a href="#[96]">&gt;&gt;</a>&nbsp;&nbsp;&nbsp;Set_System_State
</UL>
<BR>[Called By]<UL><LI><a href="#[30]">&gt;&gt;</a>&nbsp;&nbsp;&nbsp;EXTI4_IRQHandler
<LI><a href="#[8f]">&gt;&gt;</a>&nbsp;&nbsp;&nbsp;main
<LI><a href="#[79]">&gt;&gt;</a>&nbsp;&nbsp;&nbsp;myModbusParseRequest05Callback
</UL>
<BR>[Address Reference Count : 1]<UL><LI> uart.o(.data)
</UL>
<P><STRONG><a name="[3]"></a>Stop_Handler</STRONG> (Thumb, 104 bytes, Stack size 8 bytes, control.o(.text))
<BR><BR>[Stack]<UL><LI>Max Depth = 8<LI>Call Chain = Stop_Handler
</UL>
<BR>[Calls]<UL><LI><a href="#[a9]">&gt;&gt;</a>&nbsp;&nbsp;&nbsp;Get_System_State
<LI><a href="#[ae]">&gt;&gt;</a>&nbsp;&nbsp;&nbsp;Set_Home_Mode
<LI><a href="#[b2]">&gt;&gt;</a>&nbsp;&nbsp;&nbsp;Set_Run_Mode
<LI><a href="#[b4]">&gt;&gt;</a>&nbsp;&nbsp;&nbsp;Set_Test_Mode
<LI><a href="#[b9]">&gt;&gt;</a>&nbsp;&nbsp;&nbsp;Set_Jog_Mode
<LI><a href="#[a3]">&gt;&gt;</a>&nbsp;&nbsp;&nbsp;Set_Servo_State
<LI><a href="#[96]">&gt;&gt;</a>&nbsp;&nbsp;&nbsp;Set_System_State
</UL>
<BR>[Called By]<UL><LI><a href="#[2f]">&gt;&gt;</a>&nbsp;&nbsp;&nbsp;EXTI3_IRQHandler
<LI><a href="#[8f]">&gt;&gt;</a>&nbsp;&nbsp;&nbsp;main
<LI><a href="#[79]">&gt;&gt;</a>&nbsp;&nbsp;&nbsp;myModbusParseRequest05Callback
</UL>
<BR>[Address Reference Count : 1]<UL><LI> uart.o(.data)
</UL>
<P><STRONG><a name="[9]"></a>Home_Handler</STRONG> (Thumb, 112 bytes, Stack size 16 bytes, control.o(.text))
<BR><BR>[Stack]<UL><LI>Max Depth = 24<LI>Call Chain = Home_Handler &rArr; Reset_Angle_Servo
</UL>
<BR>[Calls]<UL><LI><a href="#[a9]">&gt;&gt;</a>&nbsp;&nbsp;&nbsp;Get_System_State
<LI><a href="#[aa]">&gt;&gt;</a>&nbsp;&nbsp;&nbsp;Get_Run_Mode
<LI><a href="#[ae]">&gt;&gt;</a>&nbsp;&nbsp;&nbsp;Set_Home_Mode
<LI><a href="#[b2]">&gt;&gt;</a>&nbsp;&nbsp;&nbsp;Set_Run_Mode
<LI><a href="#[a3]">&gt;&gt;</a>&nbsp;&nbsp;&nbsp;Set_Servo_State
<LI><a href="#[9b]">&gt;&gt;</a>&nbsp;&nbsp;&nbsp;Reset_Angle_Servo
</UL>
<BR>[Called By]<UL><LI><a href="#[3d]">&gt;&gt;</a>&nbsp;&nbsp;&nbsp;EXTI9_5_IRQHandler
<LI><a href="#[79]">&gt;&gt;</a>&nbsp;&nbsp;&nbsp;myModbusParseRequest05Callback
</UL>
<BR>[Address Reference Count : 1]<UL><LI> uart.o(.data)
</UL>
<P><STRONG><a name="[bc]"></a>Home_Button_Handler</STRONG> (Thumb, 76 bytes, Stack size 8 bytes, control.o(.text))
<BR><BR>[Stack]<UL><LI>Max Depth = 8<LI>Call Chain = Home_Button_Handler
</UL>
<BR>[Calls]<UL><LI><a href="#[a9]">&gt;&gt;</a>&nbsp;&nbsp;&nbsp;Get_System_State
<LI><a href="#[aa]">&gt;&gt;</a>&nbsp;&nbsp;&nbsp;Get_Run_Mode
<LI><a href="#[ae]">&gt;&gt;</a>&nbsp;&nbsp;&nbsp;Set_Home_Mode
<LI><a href="#[b2]">&gt;&gt;</a>&nbsp;&nbsp;&nbsp;Set_Run_Mode
<LI><a href="#[a3]">&gt;&gt;</a>&nbsp;&nbsp;&nbsp;Set_Servo_State
</UL>
<BR>[Called By]<UL><LI><a href="#[8f]">&gt;&gt;</a>&nbsp;&nbsp;&nbsp;main
</UL>

<P><STRONG><a name="[a]"></a>Home_Model_Handler</STRONG> (Thumb, 58 bytes, Stack size 8 bytes, control.o(.text))
<BR><BR>[Stack]<UL><LI>Max Depth = 8<LI>Call Chain = Home_Model_Handler
</UL>
<BR>[Calls]<UL><LI><a href="#[a9]">&gt;&gt;</a>&nbsp;&nbsp;&nbsp;Get_System_State
<LI><a href="#[ae]">&gt;&gt;</a>&nbsp;&nbsp;&nbsp;Set_Home_Mode
<LI><a href="#[b2]">&gt;&gt;</a>&nbsp;&nbsp;&nbsp;Set_Run_Mode
<LI><a href="#[96]">&gt;&gt;</a>&nbsp;&nbsp;&nbsp;Set_System_State
</UL>
<BR>[Called By]<UL><LI><a href="#[79]">&gt;&gt;</a>&nbsp;&nbsp;&nbsp;myModbusParseRequest05Callback
</UL>
<BR>[Address Reference Count : 1]<UL><LI> uart.o(.data)
</UL>
<P><STRONG><a name="[bd]"></a>Home_Servo_Handler</STRONG> (Thumb, 70 bytes, Stack size 8 bytes, control.o(.text))
<BR><BR>[Stack]<UL><LI>Max Depth = 8<LI>Call Chain = Home_Servo_Handler
</UL>
<BR>[Calls]<UL><LI><a href="#[a9]">&gt;&gt;</a>&nbsp;&nbsp;&nbsp;Get_System_State
<LI><a href="#[ae]">&gt;&gt;</a>&nbsp;&nbsp;&nbsp;Set_Home_Mode
<LI><a href="#[b2]">&gt;&gt;</a>&nbsp;&nbsp;&nbsp;Set_Run_Mode
<LI><a href="#[a3]">&gt;&gt;</a>&nbsp;&nbsp;&nbsp;Set_Servo_State
<LI><a href="#[96]">&gt;&gt;</a>&nbsp;&nbsp;&nbsp;Set_System_State
</UL>
<BR>[Called By]<UL><LI><a href="#[79]">&gt;&gt;</a>&nbsp;&nbsp;&nbsp;myModbusParseRequest05Callback
</UL>

<P><STRONG><a name="[d]"></a>Set_Model_Test_Mode_Handler</STRONG> (Thumb, 64 bytes, Stack size 8 bytes, control.o(.text))
<BR><BR>[Stack]<UL><LI>Max Depth = 8<LI>Call Chain = Set_Model_Test_Mode_Handler
</UL>
<BR>[Calls]<UL><LI><a href="#[a9]">&gt;&gt;</a>&nbsp;&nbsp;&nbsp;Get_System_State
<LI><a href="#[aa]">&gt;&gt;</a>&nbsp;&nbsp;&nbsp;Get_Run_Mode
<LI><a href="#[b2]">&gt;&gt;</a>&nbsp;&nbsp;&nbsp;Set_Run_Mode
<LI><a href="#[b3]">&gt;&gt;</a>&nbsp;&nbsp;&nbsp;Get_Test_Mode
<LI><a href="#[b4]">&gt;&gt;</a>&nbsp;&nbsp;&nbsp;Set_Test_Mode
</UL>
<BR>[Called By]<UL><LI><a href="#[79]">&gt;&gt;</a>&nbsp;&nbsp;&nbsp;myModbusParseRequest05Callback
</UL>
<BR>[Address Reference Count : 1]<UL><LI> uart.o(.data)
</UL>
<P><STRONG><a name="[c]"></a>Set_Model_Control_Mode_Handler</STRONG> (Thumb, 86 bytes, Stack size 8 bytes, control.o(.text))
<BR><BR>[Stack]<UL><LI>Max Depth = 8<LI>Call Chain = Set_Model_Control_Mode_Handler
</UL>
<BR>[Calls]<UL><LI><a href="#[a4]">&gt;&gt;</a>&nbsp;&nbsp;&nbsp;Get_Control_Mode
<LI><a href="#[98]">&gt;&gt;</a>&nbsp;&nbsp;&nbsp;Set_Control_Mode
</UL>
<BR>[Called By]<UL><LI><a href="#[79]">&gt;&gt;</a>&nbsp;&nbsp;&nbsp;myModbusParseRequest05Callback
</UL>
<BR>[Address Reference Count : 1]<UL><LI> uart.o(.data)
</UL>
<P><STRONG><a name="[be]"></a>Set_Model_Jog_Mode_Handler</STRONG> (Thumb, 58 bytes, Stack size 8 bytes, control.o(.text))
<BR><BR>[Stack]<UL><LI>Max Depth = 8<LI>Call Chain = Set_Model_Jog_Mode_Handler
</UL>
<BR>[Calls]<UL><LI><a href="#[a9]">&gt;&gt;</a>&nbsp;&nbsp;&nbsp;Get_System_State
<LI><a href="#[aa]">&gt;&gt;</a>&nbsp;&nbsp;&nbsp;Get_Run_Mode
<LI><a href="#[b2]">&gt;&gt;</a>&nbsp;&nbsp;&nbsp;Set_Run_Mode
<LI><a href="#[b9]">&gt;&gt;</a>&nbsp;&nbsp;&nbsp;Set_Jog_Mode
</UL>
<BR>[Called By]<UL><LI><a href="#[79]">&gt;&gt;</a>&nbsp;&nbsp;&nbsp;myModbusParseRequest05Callback
</UL>

<P><STRONG><a name="[bf]"></a>Set_Model_Teach_Mode_Handler</STRONG> (Thumb, 46 bytes, Stack size 8 bytes, control.o(.text))
<BR><BR>[Stack]<UL><LI>Max Depth = 8<LI>Call Chain = Set_Model_Teach_Mode_Handler
</UL>
<BR>[Calls]<UL><LI><a href="#[a9]">&gt;&gt;</a>&nbsp;&nbsp;&nbsp;Get_System_State
<LI><a href="#[aa]">&gt;&gt;</a>&nbsp;&nbsp;&nbsp;Get_Run_Mode
<LI><a href="#[b2]">&gt;&gt;</a>&nbsp;&nbsp;&nbsp;Set_Run_Mode
</UL>
<BR>[Called By]<UL><LI><a href="#[79]">&gt;&gt;</a>&nbsp;&nbsp;&nbsp;myModbusParseRequest05Callback
</UL>

<P><STRONG><a name="[c0]"></a>Set_Follow_Mode_Handler</STRONG> (Thumb, 46 bytes, Stack size 8 bytes, control.o(.text))
<BR><BR>[Stack]<UL><LI>Max Depth = 8<LI>Call Chain = Set_Follow_Mode_Handler
</UL>
<BR>[Calls]<UL><LI><a href="#[a9]">&gt;&gt;</a>&nbsp;&nbsp;&nbsp;Get_System_State
<LI><a href="#[aa]">&gt;&gt;</a>&nbsp;&nbsp;&nbsp;Get_Run_Mode
<LI><a href="#[b2]">&gt;&gt;</a>&nbsp;&nbsp;&nbsp;Set_Run_Mode
</UL>
<BR>[Called By]<UL><LI><a href="#[79]">&gt;&gt;</a>&nbsp;&nbsp;&nbsp;myModbusParseRequest05Callback
</UL>

<P><STRONG><a name="[17]"></a>Reset_Servo_Handler</STRONG> (Thumb, 26 bytes, Stack size 16 bytes, control.o(.text))
<BR><BR>[Stack]<UL><LI>Max Depth = 24<LI>Call Chain = Reset_Servo_Handler &rArr; Reset_Angle_Servo
</UL>
<BR>[Calls]<UL><LI><a href="#[aa]">&gt;&gt;</a>&nbsp;&nbsp;&nbsp;Get_Run_Mode
<LI><a href="#[9b]">&gt;&gt;</a>&nbsp;&nbsp;&nbsp;Reset_Angle_Servo
</UL>
<BR>[Called By]<UL><LI><a href="#[79]">&gt;&gt;</a>&nbsp;&nbsp;&nbsp;myModbusParseRequest05Callback
</UL>
<BR>[Address Reference Count : 1]<UL><LI> uart.o(.data)
</UL>
<P><STRONG><a name="[18]"></a>Servo_On_Off_Handler</STRONG> (Thumb, 256 bytes, Stack size 16 bytes, control.o(.text))
<BR><BR>[Stack]<UL><LI>Max Depth = 24<LI>Call Chain = Servo_On_Off_Handler &rArr; Relay_On
</UL>
<BR>[Calls]<UL><LI><a href="#[c2]">&gt;&gt;</a>&nbsp;&nbsp;&nbsp;Relay_On
<LI><a href="#[c1]">&gt;&gt;</a>&nbsp;&nbsp;&nbsp;Relay_Off
</UL>
<BR>[Address Reference Count : 1]<UL><LI> uart.o(.data)
</UL>
<P><STRONG><a name="[19]"></a>Reset_Model_Handler</STRONG> (Thumb, 30 bytes, Stack size 12 bytes, control.o(.text))
<BR><BR>[Stack]<UL><LI>Max Depth = 12<LI>Call Chain = Reset_Model_Handler
</UL>
<BR>[Calls]<UL><LI><a href="#[a9]">&gt;&gt;</a>&nbsp;&nbsp;&nbsp;Get_System_State
<LI><a href="#[aa]">&gt;&gt;</a>&nbsp;&nbsp;&nbsp;Get_Run_Mode
<LI><a href="#[b1]">&gt;&gt;</a>&nbsp;&nbsp;&nbsp;Reset_Axis_Model
</UL>
<BR>[Address Reference Count : 1]<UL><LI> uart.o(.data)
</UL>
<P><STRONG><a name="[f]"></a>Set_Test_X_Mode_Handler</STRONG> (Thumb, 54 bytes, Stack size 8 bytes, control.o(.text))
<BR><BR>[Stack]<UL><LI>Max Depth = 8<LI>Call Chain = Set_Test_X_Mode_Handler
</UL>
<BR>[Calls]<UL><LI><a href="#[a9]">&gt;&gt;</a>&nbsp;&nbsp;&nbsp;Get_System_State
<LI><a href="#[aa]">&gt;&gt;</a>&nbsp;&nbsp;&nbsp;Get_Run_Mode
<LI><a href="#[b3]">&gt;&gt;</a>&nbsp;&nbsp;&nbsp;Get_Test_Mode
<LI><a href="#[b4]">&gt;&gt;</a>&nbsp;&nbsp;&nbsp;Set_Test_Mode
</UL>
<BR>[Called By]<UL><LI><a href="#[79]">&gt;&gt;</a>&nbsp;&nbsp;&nbsp;myModbusParseRequest05Callback
</UL>
<BR>[Address Reference Count : 1]<UL><LI> uart.o(.data)
</UL>
<P><STRONG><a name="[10]"></a>Set_Test_Y_Mode_Handler</STRONG> (Thumb, 54 bytes, Stack size 8 bytes, control.o(.text))
<BR><BR>[Stack]<UL><LI>Max Depth = 8<LI>Call Chain = Set_Test_Y_Mode_Handler
</UL>
<BR>[Calls]<UL><LI><a href="#[a9]">&gt;&gt;</a>&nbsp;&nbsp;&nbsp;Get_System_State
<LI><a href="#[aa]">&gt;&gt;</a>&nbsp;&nbsp;&nbsp;Get_Run_Mode
<LI><a href="#[b3]">&gt;&gt;</a>&nbsp;&nbsp;&nbsp;Get_Test_Mode
<LI><a href="#[b4]">&gt;&gt;</a>&nbsp;&nbsp;&nbsp;Set_Test_Mode
</UL>
<BR>[Called By]<UL><LI><a href="#[79]">&gt;&gt;</a>&nbsp;&nbsp;&nbsp;myModbusParseRequest05Callback
</UL>
<BR>[Address Reference Count : 1]<UL><LI> uart.o(.data)
</UL>
<P><STRONG><a name="[11]"></a>Set_Test_Z_Mode_Handler</STRONG> (Thumb, 54 bytes, Stack size 8 bytes, control.o(.text))
<BR><BR>[Stack]<UL><LI>Max Depth = 8<LI>Call Chain = Set_Test_Z_Mode_Handler
</UL>
<BR>[Calls]<UL><LI><a href="#[a9]">&gt;&gt;</a>&nbsp;&nbsp;&nbsp;Get_System_State
<LI><a href="#[aa]">&gt;&gt;</a>&nbsp;&nbsp;&nbsp;Get_Run_Mode
<LI><a href="#[b3]">&gt;&gt;</a>&nbsp;&nbsp;&nbsp;Get_Test_Mode
<LI><a href="#[b4]">&gt;&gt;</a>&nbsp;&nbsp;&nbsp;Set_Test_Mode
</UL>
<BR>[Called By]<UL><LI><a href="#[79]">&gt;&gt;</a>&nbsp;&nbsp;&nbsp;myModbusParseRequest05Callback
</UL>
<BR>[Address Reference Count : 1]<UL><LI> uart.o(.data)
</UL>
<P><STRONG><a name="[c3]"></a>Set_Test_X_Y_Left_Mode_Handler</STRONG> (Thumb, 54 bytes, Stack size 8 bytes, control.o(.text))
<BR><BR>[Stack]<UL><LI>Max Depth = 8<LI>Call Chain = Set_Test_X_Y_Left_Mode_Handler
</UL>
<BR>[Calls]<UL><LI><a href="#[a9]">&gt;&gt;</a>&nbsp;&nbsp;&nbsp;Get_System_State
<LI><a href="#[aa]">&gt;&gt;</a>&nbsp;&nbsp;&nbsp;Get_Run_Mode
<LI><a href="#[b3]">&gt;&gt;</a>&nbsp;&nbsp;&nbsp;Get_Test_Mode
<LI><a href="#[b4]">&gt;&gt;</a>&nbsp;&nbsp;&nbsp;Set_Test_Mode
</UL>
<BR>[Called By]<UL><LI><a href="#[79]">&gt;&gt;</a>&nbsp;&nbsp;&nbsp;myModbusParseRequest05Callback
</UL>

<P><STRONG><a name="[c4]"></a>Set_Test_X_Y_Right_Mode_Handler</STRONG> (Thumb, 54 bytes, Stack size 8 bytes, control.o(.text))
<BR><BR>[Stack]<UL><LI>Max Depth = 8<LI>Call Chain = Set_Test_X_Y_Right_Mode_Handler
</UL>
<BR>[Calls]<UL><LI><a href="#[a9]">&gt;&gt;</a>&nbsp;&nbsp;&nbsp;Get_System_State
<LI><a href="#[aa]">&gt;&gt;</a>&nbsp;&nbsp;&nbsp;Get_Run_Mode
<LI><a href="#[b3]">&gt;&gt;</a>&nbsp;&nbsp;&nbsp;Get_Test_Mode
<LI><a href="#[b4]">&gt;&gt;</a>&nbsp;&nbsp;&nbsp;Set_Test_Mode
</UL>
<BR>[Called By]<UL><LI><a href="#[79]">&gt;&gt;</a>&nbsp;&nbsp;&nbsp;myModbusParseRequest05Callback
</UL>

<P><STRONG><a name="[c5]"></a>Set_Test_X_Z_Left_Mode_Handler</STRONG> (Thumb, 54 bytes, Stack size 8 bytes, control.o(.text))
<BR><BR>[Stack]<UL><LI>Max Depth = 8<LI>Call Chain = Set_Test_X_Z_Left_Mode_Handler
</UL>
<BR>[Calls]<UL><LI><a href="#[a9]">&gt;&gt;</a>&nbsp;&nbsp;&nbsp;Get_System_State
<LI><a href="#[aa]">&gt;&gt;</a>&nbsp;&nbsp;&nbsp;Get_Run_Mode
<LI><a href="#[b3]">&gt;&gt;</a>&nbsp;&nbsp;&nbsp;Get_Test_Mode
<LI><a href="#[b4]">&gt;&gt;</a>&nbsp;&nbsp;&nbsp;Set_Test_Mode
</UL>
<BR>[Called By]<UL><LI><a href="#[79]">&gt;&gt;</a>&nbsp;&nbsp;&nbsp;myModbusParseRequest05Callback
</UL>

<P><STRONG><a name="[c6]"></a>Set_Test_X_Z_Right_Mode_Handler</STRONG> (Thumb, 54 bytes, Stack size 8 bytes, control.o(.text))
<BR><BR>[Stack]<UL><LI>Max Depth = 8<LI>Call Chain = Set_Test_X_Z_Right_Mode_Handler
</UL>
<BR>[Calls]<UL><LI><a href="#[a9]">&gt;&gt;</a>&nbsp;&nbsp;&nbsp;Get_System_State
<LI><a href="#[aa]">&gt;&gt;</a>&nbsp;&nbsp;&nbsp;Get_Run_Mode
<LI><a href="#[b3]">&gt;&gt;</a>&nbsp;&nbsp;&nbsp;Get_Test_Mode
<LI><a href="#[b4]">&gt;&gt;</a>&nbsp;&nbsp;&nbsp;Set_Test_Mode
</UL>
<BR>[Called By]<UL><LI><a href="#[79]">&gt;&gt;</a>&nbsp;&nbsp;&nbsp;myModbusParseRequest05Callback
</UL>

<P><STRONG><a name="[c7]"></a>Set_Test_Y_Z_Left_Mode_Handler</STRONG> (Thumb, 54 bytes, Stack size 8 bytes, control.o(.text))
<BR><BR>[Stack]<UL><LI>Max Depth = 8<LI>Call Chain = Set_Test_Y_Z_Left_Mode_Handler
</UL>
<BR>[Calls]<UL><LI><a href="#[a9]">&gt;&gt;</a>&nbsp;&nbsp;&nbsp;Get_System_State
<LI><a href="#[aa]">&gt;&gt;</a>&nbsp;&nbsp;&nbsp;Get_Run_Mode
<LI><a href="#[b3]">&gt;&gt;</a>&nbsp;&nbsp;&nbsp;Get_Test_Mode
<LI><a href="#[b4]">&gt;&gt;</a>&nbsp;&nbsp;&nbsp;Set_Test_Mode
</UL>
<BR>[Called By]<UL><LI><a href="#[79]">&gt;&gt;</a>&nbsp;&nbsp;&nbsp;myModbusParseRequest05Callback
</UL>

<P><STRONG><a name="[c8]"></a>Set_Test_Y_Z_Right_Mode_Handler</STRONG> (Thumb, 54 bytes, Stack size 8 bytes, control.o(.text))
<BR><BR>[Stack]<UL><LI>Max Depth = 8<LI>Call Chain = Set_Test_Y_Z_Right_Mode_Handler
</UL>
<BR>[Calls]<UL><LI><a href="#[a9]">&gt;&gt;</a>&nbsp;&nbsp;&nbsp;Get_System_State
<LI><a href="#[aa]">&gt;&gt;</a>&nbsp;&nbsp;&nbsp;Get_Run_Mode
<LI><a href="#[b3]">&gt;&gt;</a>&nbsp;&nbsp;&nbsp;Get_Test_Mode
<LI><a href="#[b4]">&gt;&gt;</a>&nbsp;&nbsp;&nbsp;Set_Test_Mode
</UL>
<BR>[Called By]<UL><LI><a href="#[79]">&gt;&gt;</a>&nbsp;&nbsp;&nbsp;myModbusParseRequest05Callback
</UL>

<P><STRONG><a name="[12]"></a>Set_Test_Roll_Mode_Handler</STRONG> (Thumb, 54 bytes, Stack size 8 bytes, control.o(.text))
<BR><BR>[Stack]<UL><LI>Max Depth = 8<LI>Call Chain = Set_Test_Roll_Mode_Handler
</UL>
<BR>[Calls]<UL><LI><a href="#[a9]">&gt;&gt;</a>&nbsp;&nbsp;&nbsp;Get_System_State
<LI><a href="#[aa]">&gt;&gt;</a>&nbsp;&nbsp;&nbsp;Get_Run_Mode
<LI><a href="#[b3]">&gt;&gt;</a>&nbsp;&nbsp;&nbsp;Get_Test_Mode
<LI><a href="#[b4]">&gt;&gt;</a>&nbsp;&nbsp;&nbsp;Set_Test_Mode
</UL>
<BR>[Called By]<UL><LI><a href="#[79]">&gt;&gt;</a>&nbsp;&nbsp;&nbsp;myModbusParseRequest05Callback
</UL>
<BR>[Address Reference Count : 1]<UL><LI> uart.o(.data)
</UL>
<P><STRONG><a name="[13]"></a>Set_Test_Pitch_Mode_Handler</STRONG> (Thumb, 54 bytes, Stack size 8 bytes, control.o(.text))
<BR><BR>[Stack]<UL><LI>Max Depth = 8<LI>Call Chain = Set_Test_Pitch_Mode_Handler
</UL>
<BR>[Calls]<UL><LI><a href="#[a9]">&gt;&gt;</a>&nbsp;&nbsp;&nbsp;Get_System_State
<LI><a href="#[aa]">&gt;&gt;</a>&nbsp;&nbsp;&nbsp;Get_Run_Mode
<LI><a href="#[b3]">&gt;&gt;</a>&nbsp;&nbsp;&nbsp;Get_Test_Mode
<LI><a href="#[b4]">&gt;&gt;</a>&nbsp;&nbsp;&nbsp;Set_Test_Mode
</UL>
<BR>[Called By]<UL><LI><a href="#[79]">&gt;&gt;</a>&nbsp;&nbsp;&nbsp;myModbusParseRequest05Callback
</UL>
<BR>[Address Reference Count : 1]<UL><LI> uart.o(.data)
</UL>
<P><STRONG><a name="[14]"></a>Set_Test_Yaw_Mode_Handler</STRONG> (Thumb, 54 bytes, Stack size 8 bytes, control.o(.text))
<BR><BR>[Stack]<UL><LI>Max Depth = 8<LI>Call Chain = Set_Test_Yaw_Mode_Handler
</UL>
<BR>[Calls]<UL><LI><a href="#[a9]">&gt;&gt;</a>&nbsp;&nbsp;&nbsp;Get_System_State
<LI><a href="#[aa]">&gt;&gt;</a>&nbsp;&nbsp;&nbsp;Get_Run_Mode
<LI><a href="#[b3]">&gt;&gt;</a>&nbsp;&nbsp;&nbsp;Get_Test_Mode
<LI><a href="#[b4]">&gt;&gt;</a>&nbsp;&nbsp;&nbsp;Set_Test_Mode
</UL>
<BR>[Called By]<UL><LI><a href="#[79]">&gt;&gt;</a>&nbsp;&nbsp;&nbsp;myModbusParseRequest05Callback
</UL>
<BR>[Address Reference Count : 1]<UL><LI> uart.o(.data)
</UL>
<P><STRONG><a name="[15]"></a>Set_Test_Circle_Mode_Handler</STRONG> (Thumb, 60 bytes, Stack size 8 bytes, control.o(.text))
<BR><BR>[Stack]<UL><LI>Max Depth = 8<LI>Call Chain = Set_Test_Circle_Mode_Handler
</UL>
<BR>[Calls]<UL><LI><a href="#[a9]">&gt;&gt;</a>&nbsp;&nbsp;&nbsp;Get_System_State
<LI><a href="#[aa]">&gt;&gt;</a>&nbsp;&nbsp;&nbsp;Get_Run_Mode
<LI><a href="#[b3]">&gt;&gt;</a>&nbsp;&nbsp;&nbsp;Get_Test_Mode
<LI><a href="#[b4]">&gt;&gt;</a>&nbsp;&nbsp;&nbsp;Set_Test_Mode
</UL>
<BR>[Called By]<UL><LI><a href="#[79]">&gt;&gt;</a>&nbsp;&nbsp;&nbsp;myModbusParseRequest05Callback
</UL>
<BR>[Address Reference Count : 1]<UL><LI> uart.o(.data)
</UL>
<P><STRONG><a name="[16]"></a>Set_Test_Square_Mode_Handler</STRONG> (Thumb, 60 bytes, Stack size 8 bytes, control.o(.text))
<BR><BR>[Stack]<UL><LI>Max Depth = 8<LI>Call Chain = Set_Test_Square_Mode_Handler
</UL>
<BR>[Calls]<UL><LI><a href="#[a9]">&gt;&gt;</a>&nbsp;&nbsp;&nbsp;Get_System_State
<LI><a href="#[aa]">&gt;&gt;</a>&nbsp;&nbsp;&nbsp;Get_Run_Mode
<LI><a href="#[b3]">&gt;&gt;</a>&nbsp;&nbsp;&nbsp;Get_Test_Mode
<LI><a href="#[b4]">&gt;&gt;</a>&nbsp;&nbsp;&nbsp;Set_Test_Mode
</UL>
<BR>[Called By]<UL><LI><a href="#[79]">&gt;&gt;</a>&nbsp;&nbsp;&nbsp;myModbusParseRequest05Callback
</UL>
<BR>[Address Reference Count : 1]<UL><LI> uart.o(.data)
</UL>
<P><STRONG><a name="[c9]"></a>Set_Test_Random_1_Mode_Handler</STRONG> (Thumb, 54 bytes, Stack size 8 bytes, control.o(.text))
<BR><BR>[Stack]<UL><LI>Max Depth = 8<LI>Call Chain = Set_Test_Random_1_Mode_Handler
</UL>
<BR>[Calls]<UL><LI><a href="#[a9]">&gt;&gt;</a>&nbsp;&nbsp;&nbsp;Get_System_State
<LI><a href="#[aa]">&gt;&gt;</a>&nbsp;&nbsp;&nbsp;Get_Run_Mode
<LI><a href="#[b3]">&gt;&gt;</a>&nbsp;&nbsp;&nbsp;Get_Test_Mode
<LI><a href="#[b4]">&gt;&gt;</a>&nbsp;&nbsp;&nbsp;Set_Test_Mode
</UL>
<BR>[Called By]<UL><LI><a href="#[79]">&gt;&gt;</a>&nbsp;&nbsp;&nbsp;myModbusParseRequest05Callback
</UL>

[...]
<LI><a href="#[126]">&gt;&gt;</a>&nbsp;&nbsp;&nbsp;__hardfp_cos
</UL>

<P><STRONG><a name="[1b4]"></a>__kernel_poly</STRONG> (Thumb, 248 bytes, Stack size 24 bytes, poly.o(i.__kernel_poly), UNUSED)
<BR><BR>[Calls]<UL><LI><a href="#[125]">&gt;&gt;</a>&nbsp;&nbsp;&nbsp;__aeabi_dmul
<LI><a href="#[121]">&gt;&gt;</a>&nbsp;&nbsp;&nbsp;__aeabi_dadd
</UL>
<BR>[Called By]<UL><LI><a href="#[1ae]">&gt;&gt;</a>&nbsp;&nbsp;&nbsp;__kernel_tan
<LI><a href="#[1aa]">&gt;&gt;</a>&nbsp;&nbsp;&nbsp;__kernel_sin
<LI><a href="#[1ab]">&gt;&gt;</a>&nbsp;&nbsp;&nbsp;__kernel_cos
</UL>

<P><STRONG><a name="[1aa]"></a>__kernel_sin</STRONG> (Thumb, 280 bytes, Stack size 72 bytes, sin_i.o(i.__kernel_sin), UNUSED)
<BR><BR>[Calls]<UL><LI><a href="#[125]">&gt;&gt;</a>&nbsp;&nbsp;&nbsp;__aeabi_dmul
<LI><a href="#[11f]">&gt;&gt;</a>&nbsp;&nbsp;&nbsp;__aeabi_dsub
<LI><a href="#[1b2]">&gt;&gt;</a>&nbsp;&nbsp;&nbsp;__aeabi_drsub
<LI><a href="#[121]">&gt;&gt;</a>&nbsp;&nbsp;&nbsp;__aeabi_dadd
<LI><a href="#[1b4]">&gt;&gt;</a>&nbsp;&nbsp;&nbsp;__kernel_poly
<LI><a href="#[1b5]">&gt;&gt;</a>&nbsp;&nbsp;&nbsp;__ARM_fpclassify
<LI><a href="#[1b6]">&gt;&gt;</a>&nbsp;&nbsp;&nbsp;__mathlib_dbl_underflow
</UL>
<BR>[Called By]<UL><LI><a href="#[124]">&gt;&gt;</a>&nbsp;&nbsp;&nbsp;__hardfp_sin
<LI><a href="#[126]">&gt;&gt;</a>&nbsp;&nbsp;&nbsp;__hardfp_cos
</UL>

<P><STRONG><a name="[1ae]"></a>__kernel_tan</STRONG> (Thumb, 764 bytes, Stack size 128 bytes, tan_i.o(i.__kernel_tan), UNUSED)
<BR><BR>[Calls]<UL><LI><a href="#[125]">&gt;&gt;</a>&nbsp;&nbsp;&nbsp;__aeabi_dmul
<LI><a href="#[1b1]">&gt;&gt;</a>&nbsp;&nbsp;&nbsp;__aeabi_i2d
<LI><a href="#[11a]">&gt;&gt;</a>&nbsp;&nbsp;&nbsp;__aeabi_ddiv
<LI><a href="#[11f]">&gt;&gt;</a>&nbsp;&nbsp;&nbsp;__aeabi_dsub
<LI><a href="#[1b2]">&gt;&gt;</a>&nbsp;&nbsp;&nbsp;__aeabi_drsub
<LI><a href="#[121]">&gt;&gt;</a>&nbsp;&nbsp;&nbsp;__aeabi_dadd
<LI><a href="#[127]">&gt;&gt;</a>&nbsp;&nbsp;&nbsp;__aeabi_dneg
<LI><a href="#[1b0]">&gt;&gt;</a>&nbsp;&nbsp;&nbsp;__aeabi_d2iz
<LI><a href="#[1b4]">&gt;&gt;</a>&nbsp;&nbsp;&nbsp;__kernel_poly
<LI><a href="#[1b5]">&gt;&gt;</a>&nbsp;&nbsp;&nbsp;__ARM_fpclassify
<LI><a href="#[1b6]">&gt;&gt;</a>&nbsp;&nbsp;&nbsp;__mathlib_dbl_underflow
<LI><a href="#[1af]">&gt;&gt;</a>&nbsp;&nbsp;&nbsp;fabs
</UL>
<BR>[Called By]<UL><LI><a href="#[129]">&gt;&gt;</a>&nbsp;&nbsp;&nbsp;__hardfp_tan
</UL>

<P><STRONG><a name="[1a8]"></a>__mathlib_dbl_infnan</STRONG> (Thumb, 20 bytes, Stack size 8 bytes, dunder.o(i.__mathlib_dbl_infnan), UNUSED)
<BR><BR>[Calls]<UL><LI><a href="#[121]">&gt;&gt;</a>&nbsp;&nbsp;&nbsp;__aeabi_dadd
</UL>
<BR>[Called By]<UL><LI><a href="#[129]">&gt;&gt;</a>&nbsp;&nbsp;&nbsp;__hardfp_tan
<LI><a href="#[124]">&gt;&gt;</a>&nbsp;&nbsp;&nbsp;__hardfp_sin
<LI><a href="#[126]">&gt;&gt;</a>&nbsp;&nbsp;&nbsp;__hardfp_cos
</UL>

<P><STRONG><a name="[1a7]"></a>__mathlib_dbl_invalid</STRONG> (Thumb, 24 bytes, Stack size 8 bytes, dunder.o(i.__mathlib_dbl_invalid), UNUSED)
<BR><BR>[Calls]<UL><LI><a href="#[11a]">&gt;&gt;</a>&nbsp;&nbsp;&nbsp;__aeabi_ddiv
</UL>
<BR>[Called By]<UL><LI><a href="#[129]">&gt;&gt;</a>&nbsp;&nbsp;&nbsp;__hardfp_tan
<LI><a href="#[124]">&gt;&gt;</a>&nbsp;&nbsp;&nbsp;__hardfp_sin
<LI><a href="#[126]">&gt;&gt;</a>&nbsp;&nbsp;&nbsp;__hardfp_cos
</UL>

<P><STRONG><a name="[1b6]"></a>__mathlib_dbl_underflow</STRONG> (Thumb, 24 bytes, Stack size 8 bytes, dunder.o(i.__mathlib_dbl_underflow), UNUSED)
<BR><BR>[Calls]<UL><LI><a href="#[125]">&gt;&gt;</a>&nbsp;&nbsp;&nbsp;__aeabi_dmul
</UL>
<BR>[Called By]<UL><LI><a href="#[1ae]">&gt;&gt;</a>&nbsp;&nbsp;&nbsp;__kernel_tan
<LI><a href="#[1aa]">&gt;&gt;</a>&nbsp;&nbsp;&nbsp;__kernel_sin
</UL>

<P><STRONG><a name="[1a5]"></a>__mathlib_flt_infnan</STRONG> (Thumb, 6 bytes, Stack size 0 bytes, funder.o(i.__mathlib_flt_infnan))
<BR><BR>[Called By]<UL><LI><a href="#[11c]">&gt;&gt;</a>&nbsp;&nbsp;&nbsp;__hardfp_atanf
<LI><a href="#[11b]">&gt;&gt;</a>&nbsp;&nbsp;&nbsp;__hardfp_asinf
<LI><a href="#[114]">&gt;&gt;</a>&nbsp;&nbsp;&nbsp;__hardfp_sinf
<LI><a href="#[113]">&gt;&gt;</a>&nbsp;&nbsp;&nbsp;__hardfp_cosf
</UL>

<P><STRONG><a name="[1a6]"></a>__mathlib_flt_invalid</STRONG> (Thumb, 10 bytes, Stack size 0 bytes, funder.o(i.__mathlib_flt_invalid))
<BR><BR>[Called By]<UL><LI><a href="#[11b]">&gt;&gt;</a>&nbsp;&nbsp;&nbsp;__hardfp_asinf
<LI><a href="#[114]">&gt;&gt;</a>&nbsp;&nbsp;&nbsp;__hardfp_sinf
<LI><a href="#[113]">&gt;&gt;</a>&nbsp;&nbsp;&nbsp;__hardfp_cosf
</UL>

<P><STRONG><a name="[1a4]"></a>__mathlib_flt_underflow</STRONG> (Thumb, 10 bytes, Stack size 0 bytes, funder.o(i.__mathlib_flt_underflow))
<BR><BR>[Called By]<UL><LI><a href="#[11c]">&gt;&gt;</a>&nbsp;&nbsp;&nbsp;__hardfp_atanf
<LI><a href="#[11b]">&gt;&gt;</a>&nbsp;&nbsp;&nbsp;__hardfp_asinf
<LI><a href="#[114]">&gt;&gt;</a>&nbsp;&nbsp;&nbsp;__hardfp_sinf
</UL>

<P><STRONG><a name="[1ac]"></a>__mathlib_rredf2</STRONG> (Thumb, 316 bytes, Stack size 20 bytes, rredf.o(i.__mathlib_rredf2))
<BR><BR>[Stack]<UL><LI>Max Depth = 20<LI>Call Chain = __mathlib_rredf2
</UL>
<BR>[Called By]<UL><LI><a href="#[114]">&gt;&gt;</a>&nbsp;&nbsp;&nbsp;__hardfp_sinf
<LI><a href="#[113]">&gt;&gt;</a>&nbsp;&nbsp;&nbsp;__hardfp_cosf
</UL>

<P><STRONG><a name="[1af]"></a>fabs</STRONG> (Thumb, 24 bytes, Stack size 8 bytes, fabs.o(i.fabs), UNUSED)
<BR><BR>[Called By]<UL><LI><a href="#[1ae]">&gt;&gt;</a>&nbsp;&nbsp;&nbsp;__kernel_tan
<LI><a href="#[1a9]">&gt;&gt;</a>&nbsp;&nbsp;&nbsp;__ieee754_rem_pio2
</UL>

<P><STRONG><a name="[1a2]"></a>sqrtf</STRONG> (Thumb, 62 bytes, Stack size 16 bytes, sqrtf.o(i.sqrtf))
<BR><BR>[Stack]<UL><LI>Max Depth = 24<LI>Call Chain = sqrtf &rArr; __set_errno
</UL>
<BR>[Calls]<UL><LI><a href="#[19b]">&gt;&gt;</a>&nbsp;&nbsp;&nbsp;__set_errno
</UL>
<BR>[Called By]<UL><LI><a href="#[11b]">&gt;&gt;</a>&nbsp;&nbsp;&nbsp;__hardfp_asinf
</UL>

<P><STRONG><a name="[7e]"></a>_get_lc_ctype</STRONG> (Thumb, 44 bytes, Stack size 8 bytes, lc_ctype_c.o(locale$$code))
<BR><BR>[Stack]<UL><LI>Max Depth = 8<LI>Call Chain = _get_lc_ctype
</UL>
<BR>[Calls]<UL><LI><a href="#[1b7]">&gt;&gt;</a>&nbsp;&nbsp;&nbsp;strcmp
</UL>
<BR>[Called By]<UL><LI><a href="#[89]">&gt;&gt;</a>&nbsp;&nbsp;&nbsp;__rt_lib_init_lc_ctype_2
</UL>
<BR>[Address Reference Count : 1]<UL><LI> rt_ctype_table.o(.text)
</UL>
<P><STRONG><a name="[127]"></a>__aeabi_dneg</STRONG> (Thumb, 0 bytes, Stack size 0 bytes, basic.o(x$fpl$basic), UNUSED)
<BR><BR>[Called By]<UL><LI><a href="#[123]">&gt;&gt;</a>&nbsp;&nbsp;&nbsp;Euler_To_Body_Rate
<LI><a href="#[1ae]">&gt;&gt;</a>&nbsp;&nbsp;&nbsp;__kernel_tan
<LI><a href="#[1a9]">&gt;&gt;</a>&nbsp;&nbsp;&nbsp;__ieee754_rem_pio2
<LI><a href="#[124]">&gt;&gt;</a>&nbsp;&nbsp;&nbsp;__hardfp_sin
<LI><a href="#[126]">&gt;&gt;</a>&nbsp;&nbsp;&nbsp;__hardfp_cos
</UL>

<P><STRONG><a name="[29a]"></a>_dneg</STRONG> (Thumb, 6 bytes, Stack size 0 bytes, basic.o(x$fpl$basic), UNUSED)

<P><STRONG><a name="[29b]"></a>__aeabi_fneg</STRONG> (Thumb, 0 bytes, Stack size 0 bytes, basic.o(x$fpl$basic), UNUSED)

<P><STRONG><a name="[29c]"></a>_fneg</STRONG> (Thumb, 6 bytes, Stack size 0 bytes, basic.o(x$fpl$basic), UNUSED)

<P><STRONG><a name="[29d]"></a>_dabs</STRONG> (Thumb, 6 bytes, Stack size 0 bytes, basic.o(x$fpl$basic), UNUSED)

<P><STRONG><a name="[29e]"></a>_fabs</STRONG> (Thumb, 6 bytes, Stack size 0 bytes, basic.o(x$fpl$basic), UNUSED)

<P><STRONG><a name="[118]"></a>__aeabi_d2f</STRONG> (Thumb, 0 bytes, Stack size 32 bytes, d2f.o(x$fpl$d2f))
<BR><BR>[Stack]<UL><LI>Max Depth = 32<LI>Call Chain = __aeabi_d2f
</UL>
<BR>[Called By]<UL><LI><a href="#[128]">&gt;&gt;</a>&nbsp;&nbsp;&nbsp;Body_To_Euler_Rate
<LI><a href="#[123]">&gt;&gt;</a>&nbsp;&nbsp;&nbsp;Euler_To_Body_Rate
<LI><a href="#[122]">&gt;&gt;</a>&nbsp;&nbsp;&nbsp;Add_Mod_Pi
<LI><a href="#[11d]">&gt;&gt;</a>&nbsp;&nbsp;&nbsp;Sub_Mod_Pi
<LI><a href="#[9e]">&gt;&gt;</a>&nbsp;&nbsp;&nbsp;Cal_Servo_Degree
</UL>

<P><STRONG><a name="[1b8]"></a>_d2f</STRONG> (Thumb, 98 bytes, Stack size 32 bytes, d2f.o(x$fpl$d2f), UNUSED)
<BR><BR>[Calls]<UL><LI><a href="#[1b9]">&gt;&gt;</a>&nbsp;&nbsp;&nbsp;__fpl_fretinf
<LI><a href="#[1ba]">&gt;&gt;</a>&nbsp;&nbsp;&nbsp;__fpl_dnaninf
</UL>

<P><STRONG><a name="[121]"></a>__aeabi_dadd</STRONG> (Thumb, 0 bytes, Stack size 16 bytes, daddsub_clz.o(x$fpl$dadd), UNUSED)
<BR><BR>[Called By]<UL><LI><a href="#[128]">&gt;&gt;</a>&nbsp;&nbsp;&nbsp;Body_To_Euler_Rate
<LI><a href="#[123]">&gt;&gt;</a>&nbsp;&nbsp;&nbsp;Euler_To_Body_Rate
<LI><a href="#[122]">&gt;&gt;</a>&nbsp;&nbsp;&nbsp;Add_Mod_Pi
<LI><a href="#[11d]">&gt;&gt;</a>&nbsp;&nbsp;&nbsp;Sub_Mod_Pi
<LI><a href="#[1ae]">&gt;&gt;</a>&nbsp;&nbsp;&nbsp;__kernel_tan
<LI><a href="#[1aa]">&gt;&gt;</a>&nbsp;&nbsp;&nbsp;__kernel_sin
<LI><a href="#[1a9]">&gt;&gt;</a>&nbsp;&nbsp;&nbsp;__ieee754_rem_pio2
<LI><a href="#[1b4]">&gt;&gt;</a>&nbsp;&nbsp;&nbsp;__kernel_poly
<LI><a href="#[1a8]">&gt;&gt;</a>&nbsp;&nbsp;&nbsp;__mathlib_dbl_infnan
</UL>

<P><STRONG><a name="[1bb]"></a>_dadd</STRONG> (Thumb, 332 bytes, Stack size 16 bytes, daddsub_clz.o(x$fpl$dadd), UNUSED)
<BR><BR>[Calls]<UL><LI><a href="#[1bc]">&gt;&gt;</a>&nbsp;&nbsp;&nbsp;_dsub1
<LI><a href="#[1bd]">&gt;&gt;</a>&nbsp;&nbsp;&nbsp;__fpl_dretinf
<LI><a href="#[1ba]">&gt;&gt;</a>&nbsp;&nbsp;&nbsp;__fpl_dnaninf
</UL>

<P><STRONG><a name="[1c1]"></a>__fpl_dcmp_Inf</STRONG> (Thumb, 24 bytes, Stack size 0 bytes, dcmpi.o(x$fpl$dcmpinf), UNUSED)
<BR><BR>[Called By]<UL><LI><a href="#[1c0]">&gt;&gt;</a>&nbsp;&nbsp;&nbsp;_dcmple
</UL>

<P><STRONG><a name="[11a]"></a>__aeabi_ddiv</STRONG> (Thumb, 0 bytes, Stack size 32 bytes, ddiv.o(x$fpl$ddiv))
<BR><BR>[Stack]<UL><LI>Max Depth = 32<LI>Call Chain = __aeabi_ddiv
</UL>
<BR>[Called By]<UL><LI><a href="#[128]">&gt;&gt;</a>&nbsp;&nbsp;&nbsp;Body_To_Euler_Rate
<LI><a href="#[9e]">&gt;&gt;</a>&nbsp;&nbsp;&nbsp;Cal_Servo_Degree
<LI><a href="#[1ae]">&gt;&gt;</a>&nbsp;&nbsp;&nbsp;__kernel_tan
<LI><a href="#[1a7]">&gt;&gt;</a>&nbsp;&nbsp;&nbsp;__mathlib_dbl_invalid
</UL>

<P><STRONG><a name="[1be]"></a>_ddiv</STRONG> (Thumb, 552 bytes, Stack size 32 bytes, ddiv.o(x$fpl$ddiv), UNUSED)
<BR><BR>[Calls]<UL><LI><a href="#[1bd]">&gt;&gt;</a>&nbsp;&nbsp;&nbsp;__fpl_dretinf
<LI><a href="#[1ba]">&gt;&gt;</a>&nbsp;&nbsp;&nbsp;__fpl_dnaninf
</UL>

<P><STRONG><a name="[1b0]"></a>__aeabi_d2iz</STRONG> (Thumb, 0 bytes, Stack size 32 bytes, dfix.o(x$fpl$dfix), UNUSED)
<BR><BR>[Called By]<UL><LI><a href="#[1ae]">&gt;&gt;</a>&nbsp;&nbsp;&nbsp;__kernel_tan
<LI><a href="#[1a9]">&gt;&gt;</a>&nbsp;&nbsp;&nbsp;__ieee754_rem_pio2
<LI><a href="#[1ab]">&gt;&gt;</a>&nbsp;&nbsp;&nbsp;__kernel_cos
</UL>

<P><STRONG><a name="[1bf]"></a>_dfix</STRONG> (Thumb, 94 bytes, Stack size 32 bytes, dfix.o(x$fpl$dfix), UNUSED)
<BR><BR>[Calls]<UL><LI><a href="#[1ba]">&gt;&gt;</a>&nbsp;&nbsp;&nbsp;__fpl_dnaninf
</UL>

<P><STRONG><a name="[1b1]"></a>__aeabi_i2d</STRONG> (Thumb, 0 bytes, Stack size 0 bytes, dflt_clz.o(x$fpl$dflt), UNUSED)
<BR><BR>[Called By]<UL><LI><a href="#[1ae]">&gt;&gt;</a>&nbsp;&nbsp;&nbsp;__kernel_tan
<LI><a href="#[1a9]">&gt;&gt;</a>&nbsp;&nbsp;&nbsp;__ieee754_rem_pio2
</UL>

<P><STRONG><a name="[29f]"></a>_dflt</STRONG> (Thumb, 46 bytes, Stack size 0 bytes, dflt_clz.o(x$fpl$dflt), UNUSED)

<P><STRONG><a name="[1b3]"></a>__aeabi_ui2d</STRONG> (Thumb, 0 bytes, Stack size 0 bytes, dflt_clz.o(x$fpl$dfltu), UNUSED)
<BR><BR>[Called By]<UL><LI><a href="#[1a9]">&gt;&gt;</a>&nbsp;&nbsp;&nbsp;__ieee754_rem_pio2
</UL>

<P><STRONG><a name="[2a0]"></a>_dfltu</STRONG> (Thumb, 38 bytes, Stack size 0 bytes, dflt_clz.o(x$fpl$dfltu), UNUSED)

<P><STRONG><a name="[120]"></a>__aeabi_cdcmple</STRONG> (Thumb, 0 bytes, Stack size 32 bytes, dleqf.o(x$fpl$dleqf), UNUSED)
<BR><BR>[Called By]<UL><LI><a href="#[122]">&gt;&gt;</a>&nbsp;&nbsp;&nbsp;Add_Mod_Pi
<LI><a href="#[11d]">&gt;&gt;</a>&nbsp;&nbsp;&nbsp;Sub_Mod_Pi
</UL>

<P><STRONG><a name="[1c0]"></a>_dcmple</STRONG> (Thumb, 120 bytes, Stack size 32 bytes, dleqf.o(x$fpl$dleqf), UNUSED)
<BR><BR>[Calls]<UL><LI><a href="#[1ba]">&gt;&gt;</a>&nbsp;&nbsp;&nbsp;__fpl_dnaninf
<LI><a href="#[1c1]">&gt;&gt;</a>&nbsp;&nbsp;&nbsp;__fpl_dcmp_Inf
</UL>

<P><STRONG><a name="[1c4]"></a>__fpl_dcmple_InfNaN</STRONG> (Thumb, 0 bytes, Stack size unknown bytes, dleqf.o(x$fpl$dleqf), UNUSED)
<BR><BR>[Called By]<UL><LI><a href="#[1c3]">&gt;&gt;</a>&nbsp;&nbsp;&nbsp;_drcmple
</UL>

<P><STRONG><a name="[125]"></a>__aeabi_dmul</STRONG> (Thumb, 0 bytes, Stack size 32 bytes, dmul.o(x$fpl$dmul), UNUSED)
<BR><BR>[Called By]<UL><LI><a href="#[128]">&gt;&gt;</a>&nbsp;&nbsp;&nbsp;Body_To_Euler_Rate
<LI><a href="#[123]">&gt;&gt;</a>&nbsp;&nbsp;&nbsp;Euler_To_Body_Rate
<LI><a href="#[1ae]">&gt;&gt;</a>&nbsp;&nbsp;&nbsp;__kernel_tan
<LI><a href="#[1aa]">&gt;&gt;</a>&nbsp;&nbsp;&nbsp;__kernel_sin
<LI><a href="#[1a9]">&gt;&gt;</a>&nbsp;&nbsp;&nbsp;__ieee754_rem_pio2
<LI><a href="#[1b4]">&gt;&gt;</a>&nbsp;&nbsp;&nbsp;__kernel_poly
<LI><a href="#[1b6]">&gt;&gt;</a>&nbsp;&nbsp;&nbsp;__mathlib_dbl_underflow
<LI><a href="#[1ab]">&gt;&gt;</a>&nbsp;&nbsp;&nbsp;__kernel_cos
</UL>

<P><STRONG><a name="[1c2]"></a>_dmul</STRONG> (Thumb, 332 bytes, Stack size 32 bytes, dmul.o(x$fpl$dmul), UNUSED)
<BR><BR>[Calls]<UL><LI><a href="#[1bd]">&gt;&gt;</a>&nbsp;&nbsp;&nbsp;__fpl_dretinf
<LI><a href="#[1ba]">&gt;&gt;</a>&nbsp;&nbsp;&nbsp;__fpl_dnaninf
</UL>

<P><STRONG><a name="[1ba]"></a>__fpl_dnaninf</STRONG> (Thumb, 156 bytes, Stack size 16 bytes, dnaninf.o(x$fpl$dnaninf))
<BR><BR>[Stack]<UL><LI>Max Depth = 16<LI>Call Chain = __fpl_dnaninf
</UL>
<BR>[Called By]<UL><LI><a href="#[1c2]">&gt;&gt;</a>&nbsp;&nbsp;&nbsp;_dmul
<LI><a href="#[1c0]">&gt;&gt;</a>&nbsp;&nbsp;&nbsp;_dcmple
<LI><a href="#[1be]">&gt;&gt;</a>&nbsp;&nbsp;&nbsp;_ddiv
<LI><a href="#[1c7]">&gt;&gt;</a>&nbsp;&nbsp;&nbsp;_dsub
<LI><a href="#[1bb]">&gt;&gt;</a>&nbsp;&nbsp;&nbsp;_dadd
<LI><a href="#[1b8]">&gt;&gt;</a>&nbsp;&nbsp;&nbsp;_d2f
<LI><a href="#[1bf]">&gt;&gt;</a>&nbsp;&nbsp;&nbsp;_dfix
<LI><a href="#[1ad]">&gt;&gt;</a>&nbsp;&nbsp;&nbsp;_dsqrt
</UL>

<P><STRONG><a name="[1bd]"></a>__fpl_dretinf</STRONG> (Thumb, 12 bytes, Stack size 0 bytes, dretinf.o(x$fpl$dretinf), UNUSED)
<BR><BR>[Called By]<UL><LI><a href="#[1c8]">&gt;&gt;</a>&nbsp;&nbsp;&nbsp;_f2d
<LI><a href="#[1c2]">&gt;&gt;</a>&nbsp;&nbsp;&nbsp;_dmul
<LI><a href="#[1be]">&gt;&gt;</a>&nbsp;&nbsp;&nbsp;_ddiv
<LI><a href="#[1bb]">&gt;&gt;</a>&nbsp;&nbsp;&nbsp;_dadd
</UL>

<P><STRONG><a name="[11e]"></a>__aeabi_cdrcmple</STRONG> (Thumb, 0 bytes, Stack size 16 bytes, drleqf.o(x$fpl$drleqf), UNUSED)
<BR><BR>[Called By]<UL><LI><a href="#[122]">&gt;&gt;</a>&nbsp;&nbsp;&nbsp;Add_Mod_Pi
<LI><a href="#[11d]">&gt;&gt;</a>&nbsp;&nbsp;&nbsp;Sub_Mod_Pi
</UL>

<P><STRONG><a name="[1c3]"></a>_drcmple</STRONG> (Thumb, 108 bytes, Stack size 16 bytes, drleqf.o(x$fpl$drleqf), UNUSED)
<BR><BR>[Calls]<UL><LI><a href="#[1c4]">&gt;&gt;</a>&nbsp;&nbsp;&nbsp;__fpl_dcmple_InfNaN
</UL>

<P><STRONG><a name="[1b2]"></a>__aeabi_drsub</STRONG> (Thumb, 0 bytes, Stack size 8 bytes, daddsub_clz.o(x$fpl$drsb), UNUSED)
<BR><BR>[Called By]<UL><LI><a href="#[1ae]">&gt;&gt;</a>&nbsp;&nbsp;&nbsp;__kernel_tan
<LI><a href="#[1aa]">&gt;&gt;</a>&nbsp;&nbsp;&nbsp;__kernel_sin
<LI><a href="#[1a9]">&gt;&gt;</a>&nbsp;&nbsp;&nbsp;__ieee754_rem_pio2
<LI><a href="#[1ab]">&gt;&gt;</a>&nbsp;&nbsp;&nbsp;__kernel_cos
</UL>

<P><STRONG><a name="[1c5]"></a>_drsb</STRONG> (Thumb, 22 bytes, Stack size 8 bytes, daddsub_clz.o(x$fpl$drsb), UNUSED)
<BR><BR>[Calls]<UL><LI><a href="#[1bc]">&gt;&gt;</a>&nbsp;&nbsp;&nbsp;_dsub1
<LI><a href="#[1c6]">&gt;&gt;</a>&nbsp;&nbsp;&nbsp;_dadd1
</UL>

<P><STRONG><a name="[1ad]"></a>_dsqrt</STRONG> (Thumb, 404 bytes, Stack size 24 bytes, dsqrt_umaal.o(x$fpl$dsqrt))
<BR><BR>[Stack]<UL><LI>Max Depth = 40<LI>Call Chain = _dsqrt &rArr; __fpl_dnaninf
</UL>
<BR>[Calls]<UL><LI><a href="#[1ba]">&gt;&gt;</a>&nbsp;&nbsp;&nbsp;__fpl_dnaninf
</UL>
<BR>[Called By]<UL><LI><a href="#[117]">&gt;&gt;</a>&nbsp;&nbsp;&nbsp;__hardfp_sqrt
</UL>

<P><STRONG><a name="[11f]"></a>__aeabi_dsub</STRONG> (Thumb, 0 bytes, Stack size 32 bytes, daddsub_clz.o(x$fpl$dsub), UNUSED)
<BR><BR>[Called By]<UL><LI><a href="#[128]">&gt;&gt;</a>&nbsp;&nbsp;&nbsp;Body_To_Euler_Rate
<LI><a href="#[123]">&gt;&gt;</a>&nbsp;&nbsp;&nbsp;Euler_To_Body_Rate
<LI><a href="#[122]">&gt;&gt;</a>&nbsp;&nbsp;&nbsp;Add_Mod_Pi
<LI><a href="#[11d]">&gt;&gt;</a>&nbsp;&nbsp;&nbsp;Sub_Mod_Pi
<LI><a href="#[1ae]">&gt;&gt;</a>&nbsp;&nbsp;&nbsp;__kernel_tan
<LI><a href="#[1aa]">&gt;&gt;</a>&nbsp;&nbsp;&nbsp;__kernel_sin
<LI><a href="#[1a9]">&gt;&gt;</a>&nbsp;&nbsp;&nbsp;__ieee754_rem_pio2
<LI><a href="#[1ab]">&gt;&gt;</a>&nbsp;&nbsp;&nbsp;__kernel_cos
</UL>

<P><STRONG><a name="[1c7]"></a>_dsub</STRONG> (Thumb, 464 bytes, Stack size 32 bytes, daddsub_clz.o(x$fpl$dsub), UNUSED)
<BR><BR>[Calls]<UL><LI><a href="#[1c6]">&gt;&gt;</a>&nbsp;&nbsp;&nbsp;_dadd1
<LI><a href="#[1ba]">&gt;&gt;</a>&nbsp;&nbsp;&nbsp;__fpl_dnaninf
</UL>

<P><STRONG><a name="[116]"></a>__aeabi_f2d</STRONG> (Thumb, 0 bytes, Stack size 16 bytes, f2d.o(x$fpl$f2d))
<BR><BR>[Stack]<UL><LI>Max Depth = 16<LI>Call Chain = __aeabi_f2d
</UL>
<BR>[Called By]<UL><LI><a href="#[128]">&gt;&gt;</a>&nbsp;&nbsp;&nbsp;Body_To_Euler_Rate
<LI><a href="#[123]">&gt;&gt;</a>&nbsp;&nbsp;&nbsp;Euler_To_Body_Rate
<LI><a href="#[122]">&gt;&gt;</a>&nbsp;&nbsp;&nbsp;Add_Mod_Pi
<LI><a href="#[11d]">&gt;&gt;</a>&nbsp;&nbsp;&nbsp;Sub_Mod_Pi
<LI><a href="#[9e]">&gt;&gt;</a>&nbsp;&nbsp;&nbsp;Cal_Servo_Degree
</UL>

<P><STRONG><a name="[1c8]"></a>_f2d</STRONG> (Thumb, 86 bytes, Stack size 16 bytes, f2d.o(x$fpl$f2d), UNUSED)
<BR><BR>[Calls]<UL><LI><a href="#[1c9]">&gt;&gt;</a>&nbsp;&nbsp;&nbsp;__fpl_fnaninf
<LI><a href="#[1bd]">&gt;&gt;</a>&nbsp;&nbsp;&nbsp;__fpl_dretinf
</UL>

<P><STRONG><a name="[1c9]"></a>__fpl_fnaninf</STRONG> (Thumb, 140 bytes, Stack size 8 bytes, fnaninf.o(x$fpl$fnaninf), UNUSED)
<BR><BR>[Called By]<UL><LI><a href="#[1c8]">&gt;&gt;</a>&nbsp;&nbsp;&nbsp;_f2d
</UL>

<P><STRONG><a name="[86]"></a>_fp_init</STRONG> (Thumb, 10 bytes, Stack size 0 bytes, fpinit.o(x$fpl$fpinit))
<BR><BR>[Called By]<UL><LI><a href="#[85]">&gt;&gt;</a>&nbsp;&nbsp;&nbsp;__rt_lib_init_fp_1
</UL>

<P><STRONG><a name="[2a1]"></a>__fplib_config_fpu_vfp</STRONG> (Thumb, 0 bytes, Stack size unknown bytes, fpinit.o(x$fpl$fpinit), UNUSED)

<P><STRONG><a name="[2a2]"></a>__fplib_config_pureend_doubles</STRONG> (Thumb, 0 bytes, Stack size unknown bytes, fpinit.o(x$fpl$fpinit), UNUSED)

<P><STRONG><a name="[1b9]"></a>__fpl_fretinf</STRONG> (Thumb, 10 bytes, Stack size 0 bytes, fretinf.o(x$fpl$fretinf), UNUSED)
<BR><BR>[Called By]<UL><LI><a href="#[1b8]">&gt;&gt;</a>&nbsp;&nbsp;&nbsp;_d2f
</UL>
<P>
<H3>
Local Symbols
</H3>
<P><STRONG><a name="[141]"></a>UART_Reset_Cmd_Msg</STRONG> (Thumb, 20 bytes, Stack size 8 bytes, uart.o(.text))
<BR><BR>[Stack]<UL><LI>Max Depth = 8<LI>Call Chain = UART_Reset_Cmd_Msg
</UL>
<BR>[Calls]<UL><LI><a href="#[142]">&gt;&gt;</a>&nbsp;&nbsp;&nbsp;__aeabi_memclr
</UL>
<BR>[Called By]<UL><LI><a href="#[143]">&gt;&gt;</a>&nbsp;&nbsp;&nbsp;UART_Read_Cmd
</UL>

<P><STRONG><a name="[151]"></a>SetSysClock</STRONG> (Thumb, 220 bytes, Stack size 12 bytes, system_stm32f4xx.o(.text))
<BR><BR>[Stack]<UL><LI>Max Depth = 12<LI>Call Chain = SetSysClock
</UL>
<BR>[Called By]<UL><LI><a href="#[7a]">&gt;&gt;</a>&nbsp;&nbsp;&nbsp;SystemInit
</UL>

<P><STRONG><a name="[1c6]"></a>_dadd1</STRONG> (Thumb, 0 bytes, Stack size unknown bytes, daddsub_clz.o(x$fpl$dadd), UNUSED)
<BR><BR>[Called By]<UL><LI><a href="#[1c7]">&gt;&gt;</a>&nbsp;&nbsp;&nbsp;_dsub
<LI><a href="#[1c5]">&gt;&gt;</a>&nbsp;&nbsp;&nbsp;_drsb
</UL>

<P><STRONG><a name="[1bc]"></a>_dsub1</STRONG> (Thumb, 0 bytes, Stack size unknown bytes, daddsub_clz.o(x$fpl$dsub), UNUSED)
<BR><BR>[Called By]<UL><LI><a href="#[1c5]">&gt;&gt;</a>&nbsp;&nbsp;&nbsp;_drsb
<LI><a href="#[1bb]">&gt;&gt;</a>&nbsp;&nbsp;&nbsp;_dadd
</UL>

<P><STRONG><a name="[7d]"></a>_printf_input_char</STRONG> (Thumb, 10 bytes, Stack size 0 bytes, _printf_char_common.o(.text))
<BR>[Address Reference Count : 1]<UL><LI> _printf_char_common.o(.text)
</UL><P>
<H3>
Undefined Global Symbols
</H3><HR></body></html>
